Archive member included to satisfy reference by file (symbol)

.\ARM_GCC_541\Debug\GLCD_Test1.a(GLCD.o)
                              .\ARM_GCC_541\Debug\main.o (GLCD_Start)
.\ARM_GCC_541\Debug\GLCD_Test1.a(GLCD_Font.o)
                              .\ARM_GCC_541\Debug\main.o (GLCD_FONT8x16)
.\ARM_GCC_541\Debug\GLCD_Test1.a(Backlight.o)
                              .\ARM_GCC_541\Debug\main.o (Backlight_Write)
.\ARM_GCC_541\Debug\GLCD_Test1.a(GLCD_Reset.o)
                              .\ARM_GCC_541\Debug\GLCD_Test1.a(GLCD.o) (GLCD_Reset_Write)
.\ARM_GCC_541\Debug\GLCD_Test1.a(GLCD_SPIM_UDB.o)
                              .\ARM_GCC_541\Debug\GLCD_Test1.a(GLCD.o) (GLCD_SPIM_UDB_ReadTxStatus)
.\ARM_GCC_541\Debug\GLCD_Test1.a(GLCD_SPIM_UDB_IntClock.o)
                              .\ARM_GCC_541\Debug\GLCD_Test1.a(GLCD_SPIM_UDB.o) (GLCD_SPIM_UDB_IntClock_Start)
.\ARM_GCC_541\Debug\GLCD_Test1.a(CyLib.o)
                              .\ARM_GCC_541\Debug\cyfitter_cfg.o (CySysClkWriteImoFreq)
.\ARM_GCC_541\Debug\GLCD_Test1.a(LED_Red.o)
                              .\ARM_GCC_541\Debug\main.o (LED_Red_Write)
.\ARM_GCC_541\Debug\GLCD_Test1.a(LED_Blue.o)
                              .\ARM_GCC_541\Debug\main.o (LED_Blue_Write)
.\ARM_GCC_541\Debug\GLCD_Test1.a(LED_Green.o)
                              .\ARM_GCC_541\Debug\main.o (LED_Green_Write)
.\ARM_GCC_541\Debug\GLCD_Test1.a(CyBootAsmGnu.o)
                              .\ARM_GCC_541\Debug\GLCD_Test1.a(CyLib.o) (CyDelayCycles)
c:/program files (x86)/cypress/psoc creator/4.2/psoc creator/import/gnu/arm/5.4.1/bin/../lib/gcc/arm-none-eabi/5.4.1/../../../../arm-none-eabi/lib/armv6-m\libm.a(lib_a-s_cos.o)
                              .\ARM_GCC_541\Debug\main.o (cos)
c:/program files (x86)/cypress/psoc creator/4.2/psoc creator/import/gnu/arm/5.4.1/bin/../lib/gcc/arm-none-eabi/5.4.1/../../../../arm-none-eabi/lib/armv6-m\libm.a(lib_a-s_sin.o)
                              .\ARM_GCC_541\Debug\main.o (sin)
c:/program files (x86)/cypress/psoc creator/4.2/psoc creator/import/gnu/arm/5.4.1/bin/../lib/gcc/arm-none-eabi/5.4.1/../../../../arm-none-eabi/lib/armv6-m\libm.a(lib_a-e_rem_pio2.o)
                              c:/program files (x86)/cypress/psoc creator/4.2/psoc creator/import/gnu/arm/5.4.1/bin/../lib/gcc/arm-none-eabi/5.4.1/../../../../arm-none-eabi/lib/armv6-m\libm.a(lib_a-s_cos.o) (__ieee754_rem_pio2)
c:/program files (x86)/cypress/psoc creator/4.2/psoc creator/import/gnu/arm/5.4.1/bin/../lib/gcc/arm-none-eabi/5.4.1/../../../../arm-none-eabi/lib/armv6-m\libm.a(lib_a-k_cos.o)
                              c:/program files (x86)/cypress/psoc creator/4.2/psoc creator/import/gnu/arm/5.4.1/bin/../lib/gcc/arm-none-eabi/5.4.1/../../../../arm-none-eabi/lib/armv6-m\libm.a(lib_a-s_cos.o) (__kernel_cos)
c:/program files (x86)/cypress/psoc creator/4.2/psoc creator/import/gnu/arm/5.4.1/bin/../lib/gcc/arm-none-eabi/5.4.1/../../../../arm-none-eabi/lib/armv6-m\libm.a(lib_a-k_rem_pio2.o)
                              c:/program files (x86)/cypress/psoc creator/4.2/psoc creator/import/gnu/arm/5.4.1/bin/../lib/gcc/arm-none-eabi/5.4.1/../../../../arm-none-eabi/lib/armv6-m\libm.a(lib_a-e_rem_pio2.o) (__kernel_rem_pio2)
c:/program files (x86)/cypress/psoc creator/4.2/psoc creator/import/gnu/arm/5.4.1/bin/../lib/gcc/arm-none-eabi/5.4.1/../../../../arm-none-eabi/lib/armv6-m\libm.a(lib_a-k_sin.o)
                              c:/program files (x86)/cypress/psoc creator/4.2/psoc creator/import/gnu/arm/5.4.1/bin/../lib/gcc/arm-none-eabi/5.4.1/../../../../arm-none-eabi/lib/armv6-m\libm.a(lib_a-s_cos.o) (__kernel_sin)
c:/program files (x86)/cypress/psoc creator/4.2/psoc creator/import/gnu/arm/5.4.1/bin/../lib/gcc/arm-none-eabi/5.4.1/../../../../arm-none-eabi/lib/armv6-m\libm.a(lib_a-s_fabs.o)
                              c:/program files (x86)/cypress/psoc creator/4.2/psoc creator/import/gnu/arm/5.4.1/bin/../lib/gcc/arm-none-eabi/5.4.1/../../../../arm-none-eabi/lib/armv6-m\libm.a(lib_a-e_rem_pio2.o) (fabs)
c:/program files (x86)/cypress/psoc creator/4.2/psoc creator/import/gnu/arm/5.4.1/bin/../lib/gcc/arm-none-eabi/5.4.1/../../../../arm-none-eabi/lib/armv6-m\libm.a(lib_a-s_floor.o)
                              c:/program files (x86)/cypress/psoc creator/4.2/psoc creator/import/gnu/arm/5.4.1/bin/../lib/gcc/arm-none-eabi/5.4.1/../../../../arm-none-eabi/lib/armv6-m\libm.a(lib_a-k_rem_pio2.o) (floor)
c:/program files (x86)/cypress/psoc creator/4.2/psoc creator/import/gnu/arm/5.4.1/bin/../lib/gcc/arm-none-eabi/5.4.1/../../../../arm-none-eabi/lib/armv6-m\libm.a(lib_a-s_scalbn.o)
                              c:/program files (x86)/cypress/psoc creator/4.2/psoc creator/import/gnu/arm/5.4.1/bin/../lib/gcc/arm-none-eabi/5.4.1/../../../../arm-none-eabi/lib/armv6-m\libm.a(lib_a-k_rem_pio2.o) (scalbn)
[...]
Memory Configuration

Name             Origin             Length             Attributes
rom              0x00000000         0x00008000         xr
ram              0x20000000         0x00001000         xrw
*default*        0x00000000         0xffffffff

Linker script and memory map

LOAD c:/program files (x86)/cypress/psoc creator/4.2/psoc creator/import/gnu/arm/5.4.1/bin/../lib/gcc/arm-none-eabi/5.4.1/armv6-m/crti.o
LOAD c:/program files (x86)/cypress/psoc creator/4.2/psoc creator/import/gnu/arm/5.4.1/bin/../lib/gcc/arm-none-eabi/5.4.1/armv6-m/crtbegin.o
LOAD c:/program files (x86)/cypress/psoc creator/4.2/psoc creator/import/gnu/arm/5.4.1/bin/../lib/gcc/arm-none-eabi/5.4.1/../../../../arm-none-eabi/lib/armv6-m/crt0.o
START GROUP
LOAD .\ARM_GCC_541\Debug\main.o
LOAD .\ARM_GCC_541\Debug\cyfitter_cfg.o
LOAD .\ARM_GCC_541\Debug\cymetadata.o
LOAD .\ARM_GCC_541\Debug\Cm0Start.o
LOAD .\ARM_GCC_541\Debug\GLCD_Test1.a
LOAD c:/program files (x86)/cypress/psoc creator/4.2/psoc creator/import/gnu/arm/5.4.1/bin/../lib/gcc/arm-none-eabi/5.4.1/../../../../arm-none-eabi/lib/armv6-m\libm.a
END GROUP
START GROUP
LOAD c:/program files (x86)/cypress/psoc creator/4.2/psoc creator/import/gnu/arm/5.4.1/bin/../lib/gcc/arm-none-eabi/5.4.1/armv6-m\libgcc.a
LOAD c:/program files (x86)/cypress/psoc creator/4.2/psoc creator/import/gnu/arm/5.4.1/bin/../lib/gcc/arm-none-eabi/5.4.1/../../../../arm-none-eabi/lib/armv6-m\libg_nano.a
LOAD c:/program files (x86)/cypress/psoc creator/4.2/psoc creator/import/gnu/arm/5.4.1/bin/../lib/gcc/arm-none-eabi/5.4.1/../../../../arm-none-eabi/lib/armv6-m\libc_nano.a
END GROUP
START GROUP
LOAD c:/program files (x86)/cypress/psoc creator/4.2/psoc creator/import/gnu/arm/5.4.1/bin/../lib/gcc/arm-none-eabi/5.4.1/armv6-m\libgcc.a
LOAD c:/program files (x86)/cypress/psoc creator/4.2/psoc creator/import/gnu/arm/5.4.1/bin/../lib/gcc/arm-none-eabi/5.4.1/../../../../arm-none-eabi/lib/armv6-m\libc_nano.a
END GROUP
LOAD c:/program files (x86)/cypress/psoc creator/4.2/psoc creator/import/gnu/arm/5.4.1/bin/../lib/gcc/arm-none-eabi/5.4.1/armv6-m/crtend.o
LOAD c:/program files (x86)/cypress/psoc creator/4.2/psoc creator/import/gnu/arm/5.4.1/bin/../lib/gcc/arm-none-eabi/5.4.1/armv6-m/crtn.o
START GROUP
LOAD c:/program files (x86)/cypress/psoc creator/4.2/psoc creator/import/gnu/arm/5.4.1/bin/../lib/gcc/arm-none-eabi/5.4.1/armv6-m\libgcc.a
LOAD c:/program files (x86)/cypress/psoc creator/4.2/psoc creator/import/gnu/arm/5.4.1/bin/../lib/gcc/arm-none-eabi/5.4.1/../../../../arm-none-eabi/lib/armv6-m\libc.a
LOAD c:/program files (x86)/cypress/psoc creator/4.2/psoc creator/import/gnu/arm/5.4.1/bin/../lib/gcc/arm-none-eabi/5.4.1/../../../../arm-none-eabi/lib/armv6-m\libnosys.a
END GROUP
                0x00000000                CY_APPL_ORIGIN = 0x0
                0x00000080                CY_FLASH_ROW_SIZE = 0x80
                0x00000001                CY_APPL_NUM = 0x1
                0x00000001                CY_APPL_MAX = 0x1
                0x00000040                CY_METADATA_SIZE = 0x40
                0x00000000                CY_APPL_LOADABLE = 0x0
                0x00000000                CY_CHECKSUM_EXCLUDE_SIZE = ALIGN (0x0, CY_FLASH_ROW_SIZE)
                0x00000000                CY_APP_FOR_STACK_AND_COPIER = 0x0
                [!provide]                PROVIDE (__cy_heap_start, _end)
                0x00000001                PROVIDE (__cy_region_num, ((__cy_regions_end - __cy_regions) / 0x10))
                0x20001000                PROVIDE (__cy_stack, (ORIGIN (ram) + LENGTH (ram)))
                [!provide]                PROVIDE (__cy_heap_end, (__cy_stack - 0x400))

.cybootloader   0x00000000        0x0
 *(.cybootloader)
                0x00000000                appl1_start = CY_APPL_ORIGIN?CY_APPL_ORIGIN:ALIGN (CY_FLASH_ROW_SIZE)
                0x00003f80                appl2_start = (appl1_start + ALIGN ((((LENGTH (rom) - appl1_start) - (0x2 * CY_FLASH_ROW_SIZE)) / 0x2), CY_FLASH_ROW_SIZE))
                0x00000000                appl_start = (CY_APPL_NUM == 0x1)?appl1_start:appl2_start
                0x00000001                cy_project_type_bootloader = (appl_start == 0x0)?0x1:0x0
                0x00000000                cy_project_type_app_for_stack_and_copier = (CY_APP_FOR_STACK_AND_COPIER == 0x1)?0x1:0x0

.text           0x00000000     0x447e
 CREATE_OBJECT_SYMBOLS
                0x00000000                PROVIDE (__cy_interrupt_vector, RomVectors)
 *(.romvectors)
 .romvectors    0x00000000       0x10 .\ARM_GCC_541\Debug\Cm0Start.o
                0x00000000                RomVectors
                0x00000001                ASSERT ((. != __cy_interrupt_vector), No interrupt vector)
                0x00000001                ASSERT (CY_APPL_ORIGIN?(SIZEOF (.cybootloader) <= CY_APPL_ORIGIN):0x1, Wrong image location)
                0x00000010                PROVIDE (__cy_reset, Reset)
 *(.text.Reset)
 .text.Reset    0x00000010        0x8 .\ARM_GCC_541\Debug\Cm0Start.o
                0x00000010                Reset
                0x00000001                ASSERT ((. != __cy_reset), No reset code)
 *(.psocinit)
 .psocinit      0x00000018      0x26c .\ARM_GCC_541\Debug\cyfitter_cfg.o
                0x0000008c                cyfitter_cfg
                0x00000284                . = MAX (., 0x100)
 *(.text .text.* .gnu.linkonce.t.*)
 .text          0x00000284       0x60 c:/program files (x86)/cypress/psoc creator/4.2/psoc creator/import/gnu/arm/5.4.1/bin/../lib/gcc/arm-none-eabi/5.4.1/armv6-m/crtbegin.o
 .text.GLCD_Draw_Line_Polar
                0x000002e4       0xec .\ARM_GCC_541\Debug\main.o
                0x000002e4                GLCD_Draw_Line_Polar
 .text.main     0x000003d0      0x174 .\ARM_GCC_541\Debug\main.o
                0x000003d0                main
 .text.CYMEMZERO
                0x00000544       0x20 .\ARM_GCC_541\Debug\cyfitter_cfg.o
 .text.CYCONFIGCPYCODE
                0x00000564       0x20 .\ARM_GCC_541\Debug\cyfitter_cfg.o
 .text.cfg_write_bytes32
                0x00000584       0x84 .\ARM_GCC_541\Debug\cyfitter_cfg.o
 .text.AnalogSetDefault
                0x00000608        0xc .\ARM_GCC_541\Debug\cyfitter_cfg.o
 .text.IntDefaultHandler
                0x00000614       0x14 .\ARM_GCC_541\Debug\Cm0Start.o
                0x00000614                IntDefaultHandler
 .text.Start_c  0x00000628       0x98 .\ARM_GCC_541\Debug\Cm0Start.o
                0x00000628                Start_c
 .text.initialize_psoc
                0x000006c0       0x64 .\ARM_GCC_541\Debug\Cm0Start.o
                0x000006c0                initialize_psoc
 .text.GLCD_Command
                0x00000724       0x2c .\ARM_GCC_541\Debug\GLCD_Test1.a(GLCD.o)
                0x00000724                GLCD_Command
 .text.GLCD_Data
                0x00000750       0x40 .\ARM_GCC_541\Debug\GLCD_Test1.a(GLCD.o)
                0x00000750                GLCD_Data
 .text.GLCD_Start
                0x00000790       0x70 .\ARM_GCC_541\Debug\GLCD_Test1.a(GLCD.o)
                0x00000790                GLCD_Start
 .text.GLCD_Clear
                0x00000800       0x98 .\ARM_GCC_541\Debug\GLCD_Test1.a(GLCD.o)
                0x00000800                GLCD_Clear
 .text.GLCD_Contrast
                0x00000898       0x28 .\ARM_GCC_541\Debug\GLCD_Test1.a(GLCD.o)
                0x00000898                GLCD_Contrast
 .text.GLCD_Pixel
                0x000008c0       0x88 .\ARM_GCC_541\Debug\GLCD_Test1.a(GLCD.o)
                0x000008c0                GLCD_Pixel
 .text.GLCD_DrawCircle
                0x00000948      0x150 .\ARM_GCC_541\Debug\GLCD_Test1.a(GLCD.o)
                0x00000948                GLCD_DrawCircle
 .text.GLCD_DrawLine
                0x00000a98      0x104 .\ARM_GCC_541\Debug\GLCD_Test1.a(GLCD.o)
                0x00000a98                GLCD_DrawLine
 .text.Backlight_Write
                0x00000b9c       0x4c .\ARM_GCC_541\Debug\GLCD_Test1.a(Backlight.o)
                0x00000b9c                Backlight_Write
 .text.GLCD_Reset_Write
                0x00000be8       0x50 .\ARM_GCC_541\Debug\GLCD_Test1.a(GLCD_Reset.o)
                0x00000be8                GLCD_Reset_Write
 .text.GLCD_SPIM_UDB_Init
                0x00000c38       0x34 .\ARM_GCC_541\Debug\GLCD_Test1.a(GLCD_SPIM_UDB.o)
                0x00000c38                GLCD_SPIM_UDB_Init
 .text.GLCD_SPIM_UDB_Enable
                0x00000c6c       0x6c .\ARM_GCC_541\Debug\GLCD_Test1.a(GLCD_SPIM_UDB.o)
                0x00000c6c                GLCD_SPIM_UDB_Enable
 .text.GLCD_SPIM_UDB_Start
                0x00000cd8       0x24 .\ARM_GCC_541\Debug\GLCD_Test1.a(GLCD_SPIM_UDB.o)
                0x00000cd8                GLCD_SPIM_UDB_Start
 .text.GLCD_SPIM_UDB_EnableTxInt
                0x00000cfc        0xc .\ARM_GCC_541\Debug\GLCD_Test1.a(GLCD_SPIM_UDB.o)
                0x00000cfc                GLCD_SPIM_UDB_EnableTxInt
 .text.GLCD_SPIM_UDB_EnableRxInt
                0x00000d08        0xc .\ARM_GCC_541\Debug\GLCD_Test1.a(GLCD_SPIM_UDB.o)
                0x00000d08                GLCD_SPIM_UDB_EnableRxInt
 .text.GLCD_SPIM_UDB_ReadTxStatus
                0x00000d14       0x20 .\ARM_GCC_541\Debug\GLCD_Test1.a(GLCD_SPIM_UDB.o)
                0x00000d14                GLCD_SPIM_UDB_ReadTxStatus
 .text.GLCD_SPIM_UDB_ReadRxStatus
                0x00000d34       0x20 .\ARM_GCC_541\Debug\GLCD_Test1.a(GLCD_SPIM_UDB.o)
                0x00000d34                GLCD_SPIM_UDB_ReadRxStatus
 .text.GLCD_SPIM_UDB_WriteTxData
                0x00000d54       0x34 .\ARM_GCC_541\Debug\GLCD_Test1.a(GLCD_SPIM_UDB.o)
                0x00000d54                GLCD_SPIM_UDB_WriteTxData
 .text.GLCD_SPIM_UDB_ClearFIFO
                0x00000d88       0x88 .\ARM_GCC_541\Debug\GLCD_Test1.a(GLCD_SPIM_UDB.o)
                0x00000d88                GLCD_SPIM_UDB_ClearFIFO
 .text.GLCD_SPIM_UDB_IntClock_Start
                0x00000e10       0x1c .\ARM_GCC_541\Debug\GLCD_Test1.a(GLCD_SPIM_UDB_IntClock.o)
                0x00000e10                GLCD_SPIM_UDB_IntClock_Start
 .text.CySysClkWriteImoFreq
                0x00000e2c      0x1ec .\ARM_GCC_541\Debug\GLCD_Test1.a(CyLib.o)
                0x00000e2c                CySysClkWriteImoFreq
 .text.CyHalt   0x00001018       0x18 .\ARM_GCC_541\Debug\GLCD_Test1.a(CyLib.o)
                0x00001018                CyHalt
 .text.CyDelay  0x00001030       0x4c .\ARM_GCC_541\Debug\GLCD_Test1.a(CyLib.o)
                0x00001030                CyDelay
 .text.CyDelayUs
                0x0000107c       0x28 .\ARM_GCC_541\Debug\GLCD_Test1.a(CyLib.o)
                0x0000107c                CyDelayUs
 .text.LED_Red_Write
                0x000010a4       0x50 .\ARM_GCC_541\Debug\GLCD_Test1.a(LED_Red.o)
                0x000010a4                LED_Red_Write
 .text.LED_Blue_Write
                0x000010f4       0x50 .\ARM_GCC_541\Debug\GLCD_Test1.a(LED_Blue.o)
                0x000010f4                LED_Blue_Write
 .text.LED_Green_Write
                0x00001144       0x50 .\ARM_GCC_541\Debug\GLCD_Test1.a(LED_Green.o)
                0x00001144                LED_Green_Write
 *fill*         0x00001194        0x4 
 .text          0x00001198       0x24 .\ARM_GCC_541\Debug\GLCD_Test1.a(CyBootAsmGnu.o)
                0x00001198                CyDelayCycles
                0x000011ac                CyEnterCriticalSection
                0x000011b4                CyExitCriticalSection
 .text.cos      0x000011bc       0x8c c:/program files (x86)/cypress/psoc creator/4.2/psoc creator/import/gnu/arm/5.4.1/bin/../lib/gcc/arm-none-eabi/5.4.1/../../../../arm-none-eabi/lib/armv6-m\libm.a(lib_a-s_cos.o)
                0x000011bc                cos
 .text.sin      0x00001248       0x90 c:/program files (x86)/cypress/psoc creator/4.2/psoc creator/import/gnu/arm/5.4.1/bin/../lib/gcc/arm-none-eabi/5.4.1/../../../../arm-none-eabi/lib/armv6-m\libm.a(lib_a-s_sin.o)
                0x00001248                sin
 .text.__ieee754_rem_pio2
                0x000012d8      0x40c c:/program files (x86)/cypress/psoc creator/4.2/psoc creator/import/gnu/arm/5.4.1/bin/../lib/gcc/arm-none-eabi/5.4.1/../../../../arm-none-eabi/lib/armv6-m\libm.a(lib_a-e_rem_pio2.o)
                0x000012d8                __ieee754_rem_pio2
 .text.__kernel_cos
                0x000016e4      0x234 c:/program files (x86)/cypress/psoc creator/4.2/psoc creator/import/gnu/arm/5.4.1/bin/../lib/gcc/arm-none-eabi/5.4.1/../../../../arm-none-eabi/lib/armv6-m\libm.a(lib_a-k_cos.o)
                0x000016e4                __kernel_cos
 .text.__kernel_rem_pio2
                0x00001918      0x8a4 c:/program files (x86)/cypress/psoc creator/4.2/psoc creator/import/gnu/arm/5.4.1/bin/../lib/gcc/arm-none-eabi/5.4.1/../../../../arm-none-eabi/lib/armv6-m\libm.a(lib_a-k_rem_pio2.o)
                0x00001918                __kernel_rem_pio2
 .text.__kernel_sin
                0x000021bc      0x160 c:/program files (x86)/cypress/psoc creator/4.2/psoc creator/import/gnu/arm/5.4.1/bin/../lib/gcc/arm-none-eabi/5.4.1/../../../../arm-none-eabi/lib/armv6-m\libm.a(lib_a-k_sin.o)
                0x000021bc                __kernel_sin
 .text.fabs     0x0000231c        0x8 c:/program files (x86)/cypress/psoc creator/4.2/psoc creator/import/gnu/arm/5.4.1/bin/../lib/gcc/arm-none-eabi/5.4.1/../../../../arm-none-eabi/lib/armv6-m\libm.a(lib_a-s_fabs.o)
                0x0000231c                fabs
 .text.floor    0x00002324      0x130 c:/program files (x86)/cypress/psoc creator/4.2/psoc creator/import/gnu/arm/5.4.1/bin/../lib/gcc/arm-none-eabi/5.4.1/../../../../arm-none-eabi/lib/armv6-m\libm.a(lib_a-s_floor.o)
                0x00002324                floor
 .text.scalbn   0x00002454       0xd0 c:/program files (x86)/cypress/psoc creator/4.2/psoc creator/import/gnu/arm/5.4.1/bin/../lib/gcc/arm-none-eabi/5.4.1/../../../../arm-none-eabi/lib/armv6-m\libm.a(lib_a-s_scalbn.o)
                0x00002454                scalbn
 .text.copysign
                0x00002524       0x10 c:/program files (x86)/cypress/psoc creator/4.2/psoc creator/import/gnu/arm/5.4.1/bin/../lib/gcc/arm-none-eabi/5.4.1/../../../../arm-none-eabi/lib/armv6-m\libm.a(lib_a-s_copysign.o)
                0x00002524                copysign
 .text          0x00002534      0x114 c:/program files (x86)/cypress/psoc creator/4.2/psoc creator/import/gnu/arm/5.4.1/bin/../lib/gcc/arm-none-eabi/5.4.1/armv6-m\libgcc.a(_udivsi3.o)
                0x00002534                __aeabi_uidiv
                0x00002534                __udivsi3
                0x00002640                __aeabi_uidivmod
 .text          0x00002648      0x1d4 c:/program files (x86)/cypress/psoc creator/4.2/psoc creator/import/gnu/arm/5.4.1/bin/../lib/gcc/arm-none-eabi/5.4.1/armv6-m\libgcc.a(_divsi3.o)
                0x00002648                __divsi3
                0x00002648                __aeabi_idiv
                0x00002814                __aeabi_idivmod
 .text          0x0000281c        0x4 c:/program files (x86)/cypress/psoc creator/4.2/psoc creator/import/gnu/arm/5.4.1/bin/../lib/gcc/arm-none-eabi/5.4.1/armv6-m\libgcc.a(_dvmd_tls.o)
                0x0000281c                __aeabi_idiv0
                0x0000281c                __aeabi_ldiv0
 .text          0x00002820       0x7c c:/program files (x86)/cypress/psoc creator/4.2/psoc creator/import/gnu/arm/5.4.1/bin/../lib/gcc/arm-none-eabi/5.4.1/armv6-m\libgcc.a(_arm_cmpdf2.o)
                0x00002820                __aeabi_cdrcmple
                0x00002830                __aeabi_cdcmple
                0x00002830                __aeabi_cdcmpeq
                0x00002840                __aeabi_dcmpeq
                0x0000284c                __aeabi_dcmplt
                0x00002860                __aeabi_dcmple
                0x00002874                __aeabi_dcmpgt
                0x00002888                __aeabi_dcmpge
 .text          0x0000289c      0x658 c:/program files (x86)/cypress/psoc creator/4.2/psoc creator/import/gnu/arm/5.4.1/bin/../lib/gcc/arm-none-eabi/5.4.1/armv6-m\libgcc.a(adddf3.o)
                0x0000289c                __aeabi_dadd
 .text          0x00002ef4      0x62c c:/program files (x86)/cypress/psoc creator/4.2/psoc creator/import/gnu/arm/5.4.1/bin/../lib/gcc/arm-none-eabi/5.4.1/armv6-m\libgcc.a(divdf3.o)
                0x00002ef4                __aeabi_ddiv
 .text          0x00003520       0x80 c:/program files (x86)/cypress/psoc creator/4.2/psoc creator/import/gnu/arm/5.4.1/bin/../lib/gcc/arm-none-eabi/5.4.1/armv6-m\libgcc.a(eqdf2.o)
                0x00003520                __nedf2
                0x00003520                __eqdf2
 .text          0x000035a0       0xc8 c:/program files (x86)/cypress/psoc creator/4.2/psoc creator/import/gnu/arm/5.4.1/bin/../lib/gcc/arm-none-eabi/5.4.1/armv6-m\libgcc.a(gedf2.o)
                0x000035a0                __gedf2
                0x000035a0                __gtdf2
 .text          0x00003668       0xd4 c:/program files (x86)/cypress/psoc creator/4.2/psoc creator/import/gnu/arm/5.4.1/bin/../lib/gcc/arm-none-eabi/5.4.1/armv6-m\libgcc.a(ledf2.o)
                0x00003668                __ledf2
                0x00003668                __ltdf2
 .text          0x0000373c      0x4f4 c:/program files (x86)/cypress/psoc creator/4.2/psoc creator/import/gnu/arm/5.4.1/bin/../lib/gcc/arm-none-eabi/5.4.1/armv6-m\libgcc.a(muldf3.o)
                0x0000373c                __aeabi_dmul
 .text          0x00003c30      0x6a8 c:/program files (x86)/cypress/psoc creator/4.2/psoc creator/import/gnu/arm/5.4.1/bin/../lib/gcc/arm-none-eabi/5.4.1/armv6-m\libgcc.a(subdf3.o)
                0x00003c30                __aeabi_dsub
 .text          0x000042d8       0x6c c:/program files (x86)/cypress/psoc creator/4.2/psoc creator/import/gnu/arm/5.4.1/bin/../lib/gcc/arm-none-eabi/5.4.1/armv6-m\libgcc.a(fixdfsi.o)
                0x000042d8                __aeabi_d2iz
 .text          0x00004344       0x84 c:/program files (x86)/cypress/psoc creator/4.2/psoc creator/import/gnu/arm/5.4.1/bin/../lib/gcc/arm-none-eabi/5.4.1/armv6-m\libgcc.a(floatsidf.o)
                0x00004344                __aeabi_i2d
 .text          0x000043c8       0x3c c:/program files (x86)/cypress/psoc creator/4.2/psoc creator/import/gnu/arm/5.4.1/bin/../lib/gcc/arm-none-eabi/5.4.1/armv6-m\libgcc.a(_clzsi2.o)
                0x000043c8                __clzsi2
 .text.__errno  0x00004404        0xc c:/program files (x86)/cypress/psoc creator/4.2/psoc creator/import/gnu/arm/5.4.1/bin/../lib/gcc/arm-none-eabi/5.4.1/../../../../arm-none-eabi/lib/armv6-m\libg_nano.a(lib_a-errno.o)
                0x00004404                __errno
 .text.__libc_init_array
                0x00004410       0x4c c:/program files (x86)/cypress/psoc creator/4.2/psoc creator/import/gnu/arm/5.4.1/bin/../lib/gcc/arm-none-eabi/5.4.1/../../../../arm-none-eabi/lib/armv6-m\libg_nano.a(lib_a-init.o)
                0x00004410                __libc_init_array
 .text.memcpy   0x0000445c       0x12 c:/program files (x86)/cypress/psoc creator/4.2/psoc creator/import/gnu/arm/5.4.1/bin/../lib/gcc/arm-none-eabi/5.4.1/../../../../arm-none-eabi/lib/armv6-m\libg_nano.a(lib_a-memcpy-stub.o)
                0x0000445c                memcpy
 .text.memset   0x0000446e       0x10 c:/program files (x86)/cypress/psoc creator/4.2/psoc creator/import/gnu/arm/5.4.1/bin/../lib/gcc/arm-none-eabi/5.4.1/../../../../arm-none-eabi/lib/armv6-m\libg_nano.a(lib_a-memset.o)
                0x0000446e                memset
 *(.plt)
 *(.gnu.warning)
 *(.glue_7t)
 .glue_7t       0x0000447e        0x0 linker stubs
 *(.glue_7)
 .glue_7        0x0000447e        0x0 linker stubs
 *(.vfp11_veneer)
 .vfp11_veneer  0x0000447e        0x0 linker stubs
 *(.bootloader)
 *(.ARM.extab* .gnu.linkonce.armextab.*)
 *(.gcc_except_table)

.v4_bx          0x00004480        0x0
 .v4_bx         0x00004480        0x0 linker stubs

.iplt           0x00004480        0x0
 .iplt          0x00004480        0x0 c:/program files (x86)/cypress/psoc creator/4.2/psoc creator/import/gnu/arm/5.4.1/bin/../lib/gcc/arm-none-eabi/5.4.1/armv6-m/crtbegin.o

.eh_frame_hdr
 *(.eh_frame_hdr)

.eh_frame       0x00004480        0x4
 *(.eh_frame)
 .eh_frame      0x00004480        0x0 c:/program files (x86)/cypress/psoc creator/4.2/psoc creator/import/gnu/arm/5.4.1/bin/../lib/gcc/arm-none-eabi/5.4.1/armv6-m/crtbegin.o
 .eh_frame      0x00004480        0x4 c:/program files (x86)/cypress/psoc creator/4.2/psoc creator/import/gnu/arm/5.4.1/bin/../lib/gcc/arm-none-eabi/5.4.1/armv6-m/crtend.o
                [!provide]                PROVIDE (__exidx_start, .)

.ARM.exidx
 *(.ARM.exidx* .gnu.linkonce.armexidx.*)
                0x00004484                __exidx_end = .

.rodata         0x00004488      0x518
 *(.rodata .rodata.* .gnu.linkonce.r.*)
 .rodata        0x00004488      0x258 .\ARM_GCC_541\Debug\cyfitter_cfg.o
 .rodata        0x000046e0       0x2e .\ARM_GCC_541\Debug\GLCD_Test1.a(CyLib.o)
                0x000046e0                cyImoFreqMhz2Reg
 *fill*         0x0000470e        0x2 
 .rodata.npio2_hw
                0x00004710       0x80 c:/program files (x86)/cypress/psoc creator/4.2/psoc creator/import/gnu/arm/5.4.1/bin/../lib/gcc/arm-none-eabi/5.4.1/../../../../arm-none-eabi/lib/armv6-m\libm.a(lib_a-e_rem_pio2.o)
 .rodata.two_over_pi
                0x00004790      0x108 c:/program files (x86)/cypress/psoc creator/4.2/psoc creator/import/gnu/arm/5.4.1/bin/../lib/gcc/arm-none-eabi/5.4.1/../../../../arm-none-eabi/lib/armv6-m\libm.a(lib_a-e_rem_pio2.o)
 .rodata.init_jk
                0x00004898       0x10 c:/program files (x86)/cypress/psoc creator/4.2/psoc creator/import/gnu/arm/5.4.1/bin/../lib/gcc/arm-none-eabi/5.4.1/../../../../arm-none-eabi/lib/armv6-m\libm.a(lib_a-k_rem_pio2.o)
 .rodata.PIo2   0x000048a8       0x40 c:/program files (x86)/cypress/psoc creator/4.2/psoc creator/import/gnu/arm/5.4.1/bin/../lib/gcc/arm-none-eabi/5.4.1/../../../../arm-none-eabi/lib/armv6-m\libm.a(lib_a-k_rem_pio2.o)
 .rodata        0x000048e8       0x40 c:/program files (x86)/cypress/psoc creator/4.2/psoc creator/import/gnu/arm/5.4.1/bin/../lib/gcc/arm-none-eabi/5.4.1/armv6-m\libgcc.a(divdf3.o)
 .rodata        0x00004928       0x40 c:/program files (x86)/cypress/psoc creator/4.2/psoc creator/import/gnu/arm/5.4.1/bin/../lib/gcc/arm-none-eabi/5.4.1/armv6-m\libgcc.a(muldf3.o)
 .rodata.str1.1
                0x00004968        0x2 c:/program files (x86)/cypress/psoc creator/4.2/psoc creator/import/gnu/arm/5.4.1/bin/../lib/gcc/arm-none-eabi/5.4.1/../../../../arm-none-eabi/lib/armv6-m\libg_nano.a(lib_a-impure.o)
                0x0000496c                . = ALIGN (0x4)
 *fill*         0x0000496a        0x2 
 *(.init)
 .init          0x0000496c        0x4 c:/program files (x86)/cypress/psoc creator/4.2/psoc creator/import/gnu/arm/5.4.1/bin/../lib/gcc/arm-none-eabi/5.4.1/armv6-m/crti.o
                0x0000496c                _init
 .init          0x00004970        0x8 c:/program files (x86)/cypress/psoc creator/4.2/psoc creator/import/gnu/arm/5.4.1/bin/../lib/gcc/arm-none-eabi/5.4.1/armv6-m/crtn.o
                0x00004978                . = ALIGN (0x4)
                0x00004978                __preinit_array_start = .
 *(.preinit_array)
                0x00004978                __preinit_array_end = .
                0x00004978                . = ALIGN (0x4)
                0x00004978                __init_array_start = .
 *(SORT(.init_array.*))
 *(.init_array)
 .init_array    0x00004978        0x4 c:/program files (x86)/cypress/psoc creator/4.2/psoc creator/import/gnu/arm/5.4.1/bin/../lib/gcc/arm-none-eabi/5.4.1/armv6-m/crtbegin.o
 .init_array    0x0000497c        0x4 .\ARM_GCC_541\Debug\Cm0Start.o
                0x00004980                __init_array_end = .
                0x00004980                . = ALIGN (0x4)
 *(.fini)
 .fini          0x00004980        0x4 c:/program files (x86)/cypress/psoc creator/4.2/psoc creator/import/gnu/arm/5.4.1/bin/../lib/gcc/arm-none-eabi/5.4.1/armv6-m/crti.o
                0x00004980                _fini
 .fini          0x00004984        0x8 c:/program files (x86)/cypress/psoc creator/4.2/psoc creator/import/gnu/arm/5.4.1/bin/../lib/gcc/arm-none-eabi/5.4.1/armv6-m/crtn.o
                0x0000498c                . = ALIGN (0x4)
                0x0000498c                __fini_array_start = .
 *(.fini_array)
 .fini_array    0x0000498c        0x4 c:/program files (x86)/cypress/psoc creator/4.2/psoc creator/import/gnu/arm/5.4.1/bin/../lib/gcc/arm-none-eabi/5.4.1/armv6-m/crtbegin.o
 *(SORT(.fini_array.*))
                0x00004990                __fini_array_end = .
                0x00004990                . = ALIGN (0x4)
 *crtbegin.o(.ctors)
 *(EXCLUDE_FILE(*crtend.o) .ctors)
 *(SORT(.ctors.*))
 *crtend.o(.ctors)
                0x00004990                . = ALIGN (0x4)
 *crtbegin.o(.dtors)
 *(EXCLUDE_FILE(*crtend.o) .dtors)
 *(SORT(.dtors.*))
 *crtend.o(.dtors)
                0x00004990                . = ALIGN (0x4)
                0x00004990                __cy_regions = .
                0x00004990        0x4 LONG 0x49a0 __cy_region_init_ram
                0x00004994        0x4 LONG 0x200000c8 __cy_region_start_data
                0x00004998        0x4 LONG 0x80 __cy_region_init_size_ram
                0x0000499c        0x4 LONG 0x28 __cy_region_zero_size_ram
                0x000049a0                __cy_regions_end = .
                0x000049a0                . = ALIGN (0x8)
                0x000049a0                _etext = .

.cy_checksum_exclude
                0x000049a0        0x0
 *(.cy_checksum_exclude)

.ramvectors     0x20000000       0xc0
                0x20000000                __cy_region_start_ram = .
 *(.ramvectors)
 .ramvectors    0x20000000       0xc0 .\ARM_GCC_541\Debug\Cm0Start.o
                0x20000000                CyRamVectors

.noinit         0x200000c0        0x4
 *(.noinit)
 .noinit        0x200000c0        0x4 .\ARM_GCC_541\Debug\Cm0Start.o

.data           0x200000c8       0x80 load address 0x000049a0
                0x200000c8                __cy_region_start_data = .
 *(.jcr)
 .jcr           0x200000c8        0x0 c:/program files (x86)/cypress/psoc creator/4.2/psoc creator/import/gnu/arm/5.4.1/bin/../lib/gcc/arm-none-eabi/5.4.1/armv6-m/crtbegin.o
 .jcr           0x200000c8        0x4 c:/program files (x86)/cypress/psoc creator/4.2/psoc creator/import/gnu/arm/5.4.1/bin/../lib/gcc/arm-none-eabi/5.4.1/armv6-m/crtend.o
 *(.got.plt)
 *(.got)
 *(.shdata)
 *(.data .data.* .gnu.linkonce.d.*)
 .data          0x200000cc       0x14 .\ARM_GCC_541\Debug\GLCD_Test1.a(CyLib.o)
                0x200000cc                cydelayFreqHz
                0x200000d0                cydelayFreqKhz
                0x200000d4                cydelayFreqMhz
                0x200000d8                cydelay32kMs
                0x200000dc                CySysClkPumpConfig
 .data.impure_data
                0x200000e0       0x60 c:/program files (x86)/cypress/psoc creator/4.2/psoc creator/import/gnu/arm/5.4.1/bin/../lib/gcc/arm-none-eabi/5.4.1/../../../../arm-none-eabi/lib/armv6-m\libg_nano.a(lib_a-impure.o)
 .data._impure_ptr
                0x20000140        0x4 c:/program files (x86)/cypress/psoc creator/4.2/psoc creator/import/gnu/arm/5.4.1/bin/../lib/gcc/arm-none-eabi/5.4.1/../../../../arm-none-eabi/lib/armv6-m\libg_nano.a(lib_a-impure.o)
                0x20000140                _impure_ptr
                0x20000148                . = ALIGN (0x8)
 *fill*         0x20000144        0x4 
 *(.ram)
                0x20000148                _edata = .

.igot.plt       0x20000148        0x0 load address 0x00004a20
 .igot.plt      0x20000148        0x0 c:/program files (x86)/cypress/psoc creator/4.2/psoc creator/import/gnu/arm/5.4.1/bin/../lib/gcc/arm-none-eabi/5.4.1/armv6-m/crtbegin.o

.bss            0x20000148       0x28 load address 0x00004a20
                0x20000148                PROVIDE (__bss_start__, .)
 *(.shbss)
 *(.bss .bss.* .gnu.linkonce.b.*)
 .bss           0x20000148       0x1c c:/program files (x86)/cypress/psoc creator/4.2/psoc creator/import/gnu/arm/5.4.1/bin/../lib/gcc/arm-none-eabi/5.4.1/armv6-m/crtbegin.o
 .bss           0x20000164        0x8 .\ARM_GCC_541\Debug\GLCD_Test1.a(GLCD.o)
 .bss           0x2000016c        0x1 .\ARM_GCC_541\Debug\GLCD_Test1.a(GLCD_SPIM_UDB.o)
                0x2000016c                GLCD_SPIM_UDB_initVar
 *(COMMON)
                0x20000170                . = ALIGN (0x8)
 *fill*         0x2000016d        0x3 
 *(.ram.b)
                0x20000170                _end = .
                0x20000170                __end = .
                0x20000170                PROVIDE (end, .)
                0x20000170                PROVIDE (__bss_end__, .)
                0x000049a0                __cy_region_init_ram = LOADADDR (.data)
                0x00000080                __cy_region_init_size_ram = (_edata - ADDR (.data))
                0x00000028                __cy_region_zero_size_ram = (_end - _edata)

.heap           0x20000170      0x100 load address 0x00004a20
                0x20000170                . = _end
                0x20000270                . = (. + 0x100)
 *fill*         0x20000170      0x100 
                0x20000270                __cy_heap_limit = .

.stack          0x20000c00      0x400
                0x20000c00                __cy_stack_limit = .
                0x20001000                . = (. + 0x400)
 *fill*         0x20000c00      0x400 
                0x00000001                ASSERT ((__cy_stack_limit >= __cy_heap_limit), region RAM overflowed with stack)
                0x00000000                cy_checksum_exclude_size = (CY_APPL_LOADABLE == 0x1)?SIZEOF (.cy_checksum_exclude):0x0
                0x00000001                ASSERT ((cy_checksum_exclude_size <= CY_CHECKSUM_EXCLUDE_SIZE), CY_BOOT: Section .cy_checksum_exclude size exceedes specified limit.)
                0x00007fc0                cyloadermeta_start = (cy_project_type_bootloader || cy_project_type_app_for_stack_and_copier)?(LENGTH (rom) - CY_METADATA_SIZE):0xf0000000

.cyloadermeta
 *(.cyloadermeta)
                0x00007fc0                cyloadablemeta_start = cy_project_type_app_for_stack_and_copier?((LENGTH (rom) - CY_FLASH_ROW_SIZE) - CY_METADATA_SIZE):((LENGTH (rom) - (CY_FLASH_ROW_SIZE * (CY_APPL_NUM - 0x1))) - CY_METADATA_SIZE)

.cyloadablemeta
 *(.cyloadablemeta)

.cyflashprotect
                0x90400000       0x20
 *(.cyflashprotect)
 .cyflashprotect
                0x90400000       0x20 .\ARM_GCC_541\Debug\cymetadata.o
                0x90400000                cy_meta_flashprotect

.cymeta         0x90500000        0xc
 *(.cymeta)
 .cymeta        0x90500000        0xc .\ARM_GCC_541\Debug\cymetadata.o
                0x90500000                cy_metadata

.cychipprotect  0x90600000        0x1
 *(.cychipprotect)
 .cychipprotect
                0x90600000        0x1 .\ARM_GCC_541\Debug\cymetadata.o
                0x90600000                cy_meta_chipprotect

.rel.dyn        0x00004a20        0x0 load address 0x90600004
 .rel.iplt      0x00004a20        0x0 c:/program files (x86)/cypress/psoc creator/4.2/psoc creator/import/gnu/arm/5.4.1/bin/../lib/gcc/arm-none-eabi/5.4.1/armv6-m/crtbegin.o

.stab
 *(.stab)

.stabstr
 *(.stabstr)

.debug
 *(.debug)

.line
 *(.line)

.debug_srcinfo
 *(.debug_srcinfo)

.debug_sfnames
 *(.debug_sfnames)

.debug_aranges  0x00000000      0x598
 *(.debug_aranges)
 .debug_aranges
                0x00000000       0x28 .\ARM_GCC_541\Debug\main.o
 .debug_aranges
                0x00000028       0x50 .\ARM_GCC_541\Debug\cyfitter_cfg.o
 .debug_aranges
                0x00000078       0x18 .\ARM_GCC_541\Debug\cymetadata.o
 .debug_aranges
                0x00000090       0x48 .\ARM_GCC_541\Debug\Cm0Start.o
 .debug_aranges
                0x000000d8       0x90 .\ARM_GCC_541\Debug\GLCD_Test1.a(GLCD.o)
 .debug_aranges
                0x00000168       0x18 .\ARM_GCC_541\Debug\GLCD_Test1.a(GLCD_Font.o)
 .debug_aranges
                0x00000180       0x48 .\ARM_GCC_541\Debug\GLCD_Test1.a(Backlight.o)
 .debug_aranges
                0x000001c8       0x40 .\ARM_GCC_541\Debug\GLCD_Test1.a(GLCD_Reset.o)
 .debug_aranges
                0x00000208       0xd8 .\ARM_GCC_541\Debug\GLCD_Test1.a(GLCD_SPIM_UDB.o)
 .debug_aranges
                0x000002e0       0x40 .\ARM_GCC_541\Debug\GLCD_Test1.a(GLCD_SPIM_UDB_IntClock.o)
 .debug_aranges
                0x00000320      0x180 .\ARM_GCC_541\Debug\GLCD_Test1.a(CyLib.o)
 .debug_aranges
                0x000004a0       0x48 .\ARM_GCC_541\Debug\GLCD_Test1.a(LED_Red.o)
 .debug_aranges
                0x000004e8       0x48 .\ARM_GCC_541\Debug\GLCD_Test1.a(LED_Blue.o)
 .debug_aranges
                0x00000530       0x48 .\ARM_GCC_541\Debug\GLCD_Test1.a(LED_Green.o)
 .debug_aranges
                0x00000578       0x20 .\ARM_GCC_541\Debug\GLCD_Test1.a(CyBootAsmGnu.o)

.debug_pubnames
 *(.debug_pubnames)

.debug_info     0x00000000     0x2780
 *(.debug_info .gnu.linkonce.wi.*)
 .debug_info    0x00000000      0x22b .\ARM_GCC_541\Debug\main.o
 .debug_info    0x0000022b      0x442 .\ARM_GCC_541\Debug\cyfitter_cfg.o
 .debug_info    0x0000066d       0xf8 .\ARM_GCC_541\Debug\cymetadata.o
 .debug_info    0x00000765      0x30c .\ARM_GCC_541\Debug\Cm0Start.o
 .debug_info    0x00000a71      0x5d6 .\ARM_GCC_541\Debug\GLCD_Test1.a(GLCD.o)
 .debug_info    0x00001047       0xbd .\ARM_GCC_541\Debug\GLCD_Test1.a(GLCD_Font.o)
 .debug_info    0x00001104      0x19a .\ARM_GCC_541\Debug\GLCD_Test1.a(Backlight.o)
 .debug_info    0x0000129e      0x14e .\ARM_GCC_541\Debug\GLCD_Test1.a(GLCD_Reset.o)
 .debug_info    0x000013ec      0x411 .\ARM_GCC_541\Debug\GLCD_Test1.a(GLCD_SPIM_UDB.o)
 .debug_info    0x000017fd      0x150 .\ARM_GCC_541\Debug\GLCD_Test1.a(GLCD_SPIM_UDB_IntClock.o)
 .debug_info    0x0000194d      0x8ef .\ARM_GCC_541\Debug\GLCD_Test1.a(CyLib.o)
 .debug_info    0x0000223c      0x19a .\ARM_GCC_541\Debug\GLCD_Test1.a(LED_Red.o)
 .debug_info    0x000023d6      0x19a .\ARM_GCC_541\Debug\GLCD_Test1.a(LED_Blue.o)
 .debug_info    0x00002570      0x19a .\ARM_GCC_541\Debug\GLCD_Test1.a(LED_Green.o)
 .debug_info    0x0000270a       0x76 .\ARM_GCC_541\Debug\GLCD_Test1.a(CyBootAsmGnu.o)

.debug_abbrev   0x00000000      0xd5f
 *(.debug_abbrev)
 .debug_abbrev  0x00000000       0xc7 .\ARM_GCC_541\Debug\main.o
 .debug_abbrev  0x000000c7      0x1a4 .\ARM_GCC_541\Debug\cyfitter_cfg.o
 .debug_abbrev  0x0000026b       0x5d .\ARM_GCC_541\Debug\cymetadata.o
 .debug_abbrev  0x000002c8      0x1c8 .\ARM_GCC_541\Debug\Cm0Start.o
 .debug_abbrev  0x00000490      0x167 .\ARM_GCC_541\Debug\GLCD_Test1.a(GLCD.o)
 .debug_abbrev  0x000005f7       0x5d .\ARM_GCC_541\Debug\GLCD_Test1.a(GLCD_Font.o)
 .debug_abbrev  0x00000654       0xaa .\ARM_GCC_541\Debug\GLCD_Test1.a(Backlight.o)
 .debug_abbrev  0x000006fe       0xaa .\ARM_GCC_541\Debug\GLCD_Test1.a(GLCD_Reset.o)
 .debug_abbrev  0x000007a8      0x156 .\ARM_GCC_541\Debug\GLCD_Test1.a(GLCD_SPIM_UDB.o)
 .debug_abbrev  0x000008fe       0xa8 .\ARM_GCC_541\Debug\GLCD_Test1.a(GLCD_SPIM_UDB_IntClock.o)
 .debug_abbrev  0x000009a6      0x1a7 .\ARM_GCC_541\Debug\GLCD_Test1.a(CyLib.o)
 .debug_abbrev  0x00000b4d       0xaa .\ARM_GCC_541\Debug\GLCD_Test1.a(LED_Red.o)
 .debug_abbrev  0x00000bf7       0xaa .\ARM_GCC_541\Debug\GLCD_Test1.a(LED_Blue.o)
 .debug_abbrev  0x00000ca1       0xaa .\ARM_GCC_541\Debug\GLCD_Test1.a(LED_Green.o)
 .debug_abbrev  0x00000d4b       0x14 .\ARM_GCC_541\Debug\GLCD_Test1.a(CyBootAsmGnu.o)

.debug_line     0x00000000     0x1448
 *(.debug_line)
 .debug_line    0x00000000       0xf8 .\ARM_GCC_541\Debug\main.o
 .debug_line    0x000000f8      0x1be .\ARM_GCC_541\Debug\cyfitter_cfg.o
 .debug_line    0x000002b6      0x141 .\ARM_GCC_541\Debug\cymetadata.o
 .debug_line    0x000003f7      0x1cf .\ARM_GCC_541\Debug\Cm0Start.o
 .debug_line    0x000005c6      0x273 .\ARM_GCC_541\Debug\GLCD_Test1.a(GLCD.o)
 .debug_line    0x00000839       0x50 .\ARM_GCC_541\Debug\GLCD_Test1.a(GLCD_Font.o)
 .debug_line    0x00000889       0xc1 .\ARM_GCC_541\Debug\GLCD_Test1.a(Backlight.o)
 .debug_line    0x0000094a       0xae .\ARM_GCC_541\Debug\GLCD_Test1.a(GLCD_Reset.o)
 .debug_line    0x000009f8      0x26f .\ARM_GCC_541\Debug\GLCD_Test1.a(GLCD_SPIM_UDB.o)
 .debug_line    0x00000c67       0xbd .\ARM_GCC_541\Debug\GLCD_Test1.a(GLCD_SPIM_UDB_IntClock.o)
 .debug_line    0x00000d24      0x47b .\ARM_GCC_541\Debug\GLCD_Test1.a(CyLib.o)
 .debug_line    0x0000119f       0xbf .\ARM_GCC_541\Debug\GLCD_Test1.a(LED_Red.o)
 .debug_line    0x0000125e       0xc0 .\ARM_GCC_541\Debug\GLCD_Test1.a(LED_Blue.o)
 .debug_line    0x0000131e       0xc1 .\ARM_GCC_541\Debug\GLCD_Test1.a(LED_Green.o)
 .debug_line    0x000013df       0x69 .\ARM_GCC_541\Debug\GLCD_Test1.a(CyBootAsmGnu.o)

.debug_frame    0x00000000     0x15b8
 *(.debug_frame)
 .debug_frame   0x00000000       0x58 .\ARM_GCC_541\Debug\main.o
 .debug_frame   0x00000058       0xe8 .\ARM_GCC_541\Debug\cyfitter_cfg.o
 .debug_frame   0x00000140       0xc8 .\ARM_GCC_541\Debug\Cm0Start.o
 .debug_frame   0x00000208      0x1e8 .\ARM_GCC_541\Debug\GLCD_Test1.a(GLCD.o)
 .debug_frame   0x000003f0       0xc8 .\ARM_GCC_541\Debug\GLCD_Test1.a(Backlight.o)
 .debug_frame   0x000004b8       0xa8 .\ARM_GCC_541\Debug\GLCD_Test1.a(GLCD_Reset.o)
 .debug_frame   0x00000560      0x2fc .\ARM_GCC_541\Debug\GLCD_Test1.a(GLCD_SPIM_UDB.o)
 .debug_frame   0x0000085c       0xa0 .\ARM_GCC_541\Debug\GLCD_Test1.a(GLCD_SPIM_UDB_IntClock.o)
 .debug_frame   0x000008fc      0x588 .\ARM_GCC_541\Debug\GLCD_Test1.a(CyLib.o)
 .debug_frame   0x00000e84       0xc8 .\ARM_GCC_541\Debug\GLCD_Test1.a(LED_Red.o)
 .debug_frame   0x00000f4c       0xc8 .\ARM_GCC_541\Debug\GLCD_Test1.a(LED_Blue.o)
 .debug_frame   0x00001014       0xc8 .\ARM_GCC_541\Debug\GLCD_Test1.a(LED_Green.o)
 .debug_frame   0x000010dc       0x2c c:/program files (x86)/cypress/psoc creator/4.2/psoc creator/import/gnu/arm/5.4.1/bin/../lib/gcc/arm-none-eabi/5.4.1/../../../../arm-none-eabi/lib/armv6-m\libm.a(lib_a-s_cos.o)
 .debug_frame   0x00001108       0x2c c:/program files (x86)/cypress/psoc creator/4.2/psoc creator/import/gnu/arm/5.4.1/bin/../lib/gcc/arm-none-eabi/5.4.1/../../../../arm-none-eabi/lib/armv6-m\libm.a(lib_a-s_sin.o)
 .debug_frame   0x00001134       0x3c c:/program files (x86)/cypress/psoc creator/4.2/psoc creator/import/gnu/arm/5.4.1/bin/../lib/gcc/arm-none-eabi/5.4.1/../../../../arm-none-eabi/lib/armv6-m\libm.a(lib_a-e_rem_pio2.o)
 .debug_frame   0x00001170       0x38 c:/program files (x86)/cypress/psoc creator/4.2/psoc creator/import/gnu/arm/5.4.1/bin/../lib/gcc/arm-none-eabi/5.4.1/../../../../arm-none-eabi/lib/armv6-m\libm.a(lib_a-k_cos.o)
 .debug_frame   0x000011a8       0x3c c:/program files (x86)/cypress/psoc creator/4.2/psoc creator/import/gnu/arm/5.4.1/bin/../lib/gcc/arm-none-eabi/5.4.1/../../../../arm-none-eabi/lib/armv6-m\libm.a(lib_a-k_rem_pio2.o)
 .debug_frame   0x000011e4       0x38 c:/program files (x86)/cypress/psoc creator/4.2/psoc creator/import/gnu/arm/5.4.1/bin/../lib/gcc/arm-none-eabi/5.4.1/../../../../arm-none-eabi/lib/armv6-m\libm.a(lib_a-k_sin.o)
 .debug_frame   0x0000121c       0x20 c:/program files (x86)/cypress/psoc creator/4.2/psoc creator/import/gnu/arm/5.4.1/bin/../lib/gcc/arm-none-eabi/5.4.1/../../../../arm-none-eabi/lib/armv6-m\libm.a(lib_a-s_fabs.o)
 .debug_frame   0x0000123c       0x3c c:/program files (x86)/cypress/psoc creator/4.2/psoc creator/import/gnu/arm/5.4.1/bin/../lib/gcc/arm-none-eabi/5.4.1/../../../../arm-none-eabi/lib/armv6-m\libm.a(lib_a-s_floor.o)
 .debug_frame   0x00001278       0x2c c:/program files (x86)/cypress/psoc creator/4.2/psoc creator/import/gnu/arm/5.4.1/bin/../lib/gcc/arm-none-eabi/5.4.1/../../../../arm-none-eabi/lib/armv6-m\libm.a(lib_a-s_scalbn.o)
 .debug_frame   0x000012a4       0x2c c:/program files (x86)/cypress/psoc creator/4.2/psoc creator/import/gnu/arm/5.4.1/bin/../lib/gcc/arm-none-eabi/5.4.1/../../../../arm-none-eabi/lib/armv6-m\libm.a(lib_a-s_copysign.o)
 .debug_frame   0x000012d0       0x20 c:/program files (x86)/cypress/psoc creator/4.2/psoc creator/import/gnu/arm/5.4.1/bin/../lib/gcc/arm-none-eabi/5.4.1/armv6-m\libgcc.a(_udivsi3.o)
 .debug_frame   0x000012f0       0x20 c:/program files (x86)/cypress/psoc creator/4.2/psoc creator/import/gnu/arm/5.4.1/bin/../lib/gcc/arm-none-eabi/5.4.1/armv6-m\libgcc.a(_divsi3.o)
 .debug_frame   0x00001310       0x3c c:/program files (x86)/cypress/psoc creator/4.2/psoc creator/import/gnu/arm/5.4.1/bin/../lib/gcc/arm-none-eabi/5.4.1/armv6-m\libgcc.a(adddf3.o)
 .debug_frame   0x0000134c       0x3c c:/program files (x86)/cypress/psoc creator/4.2/psoc creator/import/gnu/arm/5.4.1/bin/../lib/gcc/arm-none-eabi/5.4.1/armv6-m\libgcc.a(divdf3.o)
 .debug_frame   0x00001388       0x38 c:/program files (x86)/cypress/psoc creator/4.2/psoc creator/import/gnu/arm/5.4.1/bin/../lib/gcc/arm-none-eabi/5.4.1/armv6-m\libgcc.a(eqdf2.o)
 .debug_frame   0x000013c0       0x38 c:/program files (x86)/cypress/psoc creator/4.2/psoc creator/import/gnu/arm/5.4.1/bin/../lib/gcc/arm-none-eabi/5.4.1/armv6-m\libgcc.a(gedf2.o)
 .debug_frame   0x000013f8       0x38 c:/program files (x86)/cypress/psoc creator/4.2/psoc creator/import/gnu/arm/5.4.1/bin/../lib/gcc/arm-none-eabi/5.4.1/armv6-m\libgcc.a(ledf2.o)
 .debug_frame   0x00001430       0x3c c:/program files (x86)/cypress/psoc creator/4.2/psoc creator/import/gnu/arm/5.4.1/bin/../lib/gcc/arm-none-eabi/5.4.1/armv6-m\libgcc.a(muldf3.o)
 .debug_frame   0x0000146c       0x38 c:/program files (x86)/cypress/psoc creator/4.2/psoc creator/import/gnu/arm/5.4.1/bin/../lib/gcc/arm-none-eabi/5.4.1/armv6-m\libgcc.a(subdf3.o)
 .debug_frame   0x000014a4       0x2c c:/program files (x86)/cypress/psoc creator/4.2/psoc creator/import/gnu/arm/5.4.1/bin/../lib/gcc/arm-none-eabi/5.4.1/armv6-m\libgcc.a(fixdfsi.o)
 .debug_frame   0x000014d0       0x2c c:/program files (x86)/cypress/psoc creator/4.2/psoc creator/import/gnu/arm/5.4.1/bin/../lib/gcc/arm-none-eabi/5.4.1/armv6-m\libgcc.a(floatsidf.o)
 .debug_frame   0x000014fc       0x20 c:/program files (x86)/cypress/psoc creator/4.2/psoc creator/import/gnu/arm/5.4.1/bin/../lib/gcc/arm-none-eabi/5.4.1/../../../../arm-none-eabi/lib/armv6-m\libg_nano.a(lib_a-errno.o)
 .debug_frame   0x0000151c       0x28 c:/program files (x86)/cypress/psoc creator/4.2/psoc creator/import/gnu/arm/5.4.1/bin/../lib/gcc/arm-none-eabi/5.4.1/../../../../arm-none-eabi/lib/armv6-m\libg_nano.a(lib_a-exit.o)
 .debug_frame   0x00001544       0x2c c:/program files (x86)/cypress/psoc creator/4.2/psoc creator/import/gnu/arm/5.4.1/bin/../lib/gcc/arm-none-eabi/5.4.1/../../../../arm-none-eabi/lib/armv6-m\libg_nano.a(lib_a-init.o)
 .debug_frame   0x00001570       0x28 c:/program files (x86)/cypress/psoc creator/4.2/psoc creator/import/gnu/arm/5.4.1/bin/../lib/gcc/arm-none-eabi/5.4.1/../../../../arm-none-eabi/lib/armv6-m\libg_nano.a(lib_a-memcpy-stub.o)
 .debug_frame   0x00001598       0x20 c:/program files (x86)/cypress/psoc creator/4.2/psoc creator/import/gnu/arm/5.4.1/bin/../lib/gcc/arm-none-eabi/5.4.1/../../../../arm-none-eabi/lib/armv6-m\libg_nano.a(lib_a-memset.o)

.debug_str      0x00000000     0x12b1
 *(.debug_str)
 .debug_str     0x00000000      0x17f .\ARM_GCC_541\Debug\main.o
                                0x1c5 (size before relaxing)
 .debug_str     0x0000017f      0x18a .\ARM_GCC_541\Debug\cyfitter_cfg.o
                                0x2f3 (size before relaxing)
 .debug_str     0x00000309       0x63 .\ARM_GCC_541\Debug\cymetadata.o
                                0x1ae (size before relaxing)
 .debug_str     0x0000036c      0x120 .\ARM_GCC_541\Debug\Cm0Start.o
                                0x2b4 (size before relaxing)
 .debug_str     0x0000048c      0x1ae .\ARM_GCC_541\Debug\GLCD_Test1.a(GLCD.o)
                                0x33d (size before relaxing)
 .debug_str     0x0000063a       0x23 .\ARM_GCC_541\Debug\GLCD_Test1.a(GLCD_Font.o)
                                0x18c (size before relaxing)
 .debug_str     0x0000065d       0xcc .\ARM_GCC_541\Debug\GLCD_Test1.a(Backlight.o)
                                0x238 (size before relaxing)
 .debug_str     0x00000729       0x8e .\ARM_GCC_541\Debug\GLCD_Test1.a(GLCD_Reset.o)
                                0x20b (size before relaxing)
 .debug_str     0x000007b7      0x32f .\ARM_GCC_541\Debug\GLCD_Test1.a(GLCD_SPIM_UDB.o)
                                0x4a7 (size before relaxing)
 .debug_str     0x00000ae6      0x123 .\ARM_GCC_541\Debug\GLCD_Test1.a(GLCD_SPIM_UDB_IntClock.o)
                                0x289 (size before relaxing)
 .debug_str     0x00000c09      0x4d4 .\ARM_GCC_541\Debug\GLCD_Test1.a(CyLib.o)
                                0x66f (size before relaxing)
 .debug_str     0x000010dd       0x95 .\ARM_GCC_541\Debug\GLCD_Test1.a(LED_Red.o)
                                0x22a (size before relaxing)
 .debug_str     0x00001172       0x9c .\ARM_GCC_541\Debug\GLCD_Test1.a(LED_Blue.o)
                                0x231 (size before relaxing)
 .debug_str     0x0000120e       0xa3 .\ARM_GCC_541\Debug\GLCD_Test1.a(LED_Green.o)
                                0x238 (size before relaxing)

.debug_loc
 *(.debug_loc)

.debug_macinfo
 *(.debug_macinfo)

.debug_ranges   0x00000000      0x488
 *(.debug_ranges)
 .debug_ranges  0x00000000       0x18 .\ARM_GCC_541\Debug\main.o
 .debug_ranges  0x00000018       0x40 .\ARM_GCC_541\Debug\cyfitter_cfg.o
 .debug_ranges  0x00000058       0x38 .\ARM_GCC_541\Debug\Cm0Start.o
 .debug_ranges  0x00000090       0x80 .\ARM_GCC_541\Debug\GLCD_Test1.a(GLCD.o)
 .debug_ranges  0x00000110       0x38 .\ARM_GCC_541\Debug\GLCD_Test1.a(Backlight.o)
 .debug_ranges  0x00000148       0x30 .\ARM_GCC_541\Debug\GLCD_Test1.a(GLCD_Reset.o)
 .debug_ranges  0x00000178       0xc8 .\ARM_GCC_541\Debug\GLCD_Test1.a(GLCD_SPIM_UDB.o)
 .debug_ranges  0x00000240       0x30 .\ARM_GCC_541\Debug\GLCD_Test1.a(GLCD_SPIM_UDB_IntClock.o)
 .debug_ranges  0x00000270      0x170 .\ARM_GCC_541\Debug\GLCD_Test1.a(CyLib.o)
 .debug_ranges  0x000003e0       0x38 .\ARM_GCC_541\Debug\GLCD_Test1.a(LED_Red.o)
 .debug_ranges  0x00000418       0x38 .\ARM_GCC_541\Debug\GLCD_Test1.a(LED_Blue.o)
 .debug_ranges  0x00000450       0x38 .\ARM_GCC_541\Debug\GLCD_Test1.a(LED_Green.o)

.comment        0x00000000       0x6e
 .comment       0x00000000       0x6e .\ARM_GCC_541\Debug\main.o
                                 0x6f (size before relaxing)
 .comment       0x0000006e       0x6f .\ARM_GCC_541\Debug\cyfitter_cfg.o
 .comment       0x0000006e       0x6f .\ARM_GCC_541\Debug\cymetadata.o
 .comment       0x0000006e       0x6f .\ARM_GCC_541\Debug\Cm0Start.o
 .comment       0x0000006e       0x6f .\ARM_GCC_541\Debug\GLCD_Test1.a(GLCD.o)
 .comment       0x0000006e       0x6f .\ARM_GCC_541\Debug\GLCD_Test1.a(GLCD_Font.o)
 .comment       0x0000006e       0x6f .\ARM_GCC_541\Debug\GLCD_Test1.a(Backlight.o)
 .comment       0x0000006e       0x6f .\ARM_GCC_541\Debug\GLCD_Test1.a(GLCD_Reset.o)
 .comment       0x0000006e       0x6f .\ARM_GCC_541\Debug\GLCD_Test1.a(GLCD_SPIM_UDB.o)
 .comment       0x0000006e       0x6f .\ARM_GCC_541\Debug\GLCD_Test1.a(GLCD_SPIM_UDB_IntClock.o)
 .comment       0x0000006e       0x6f .\ARM_GCC_541\Debug\GLCD_Test1.a(CyLib.o)
 .comment       0x0000006e       0x6f .\ARM_GCC_541\Debug\GLCD_Test1.a(LED_Red.o)
 .comment       0x0000006e       0x6f .\ARM_GCC_541\Debug\GLCD_Test1.a(LED_Blue.o)
 .comment       0x0000006e       0x6f .\ARM_GCC_541\Debug\GLCD_Test1.a(LED_Green.o)

.debug_weaknames
 *(.debug_weaknames)

.debug_funcnames
 *(.debug_funcnames)

.debug_typenames
 *(.debug_typenames)

.debug_varnames
 *(.debug_varnames)

.note.gnu.arm.ident
 *(.note.gnu.arm.ident)

.ARM.attributes
                0x00000000       0x28
 *(.ARM.attributes)
 .ARM.attributes
                0x00000000       0x1e c:/program files (x86)/cypress/psoc creator/4.2/psoc creator/import/gnu/arm/5.4.1/bin/../lib/gcc/arm-none-eabi/5.4.1/armv6-m/crti.o
 .ARM.attributes
                0x0000001e       0x2c c:/program files (x86)/cypress/psoc creator/4.2/psoc creator/import/gnu/arm/5.4.1/bin/../lib/gcc/arm-none-eabi/5.4.1/armv6-m/crtbegin.o
 .ARM.attributes
                0x0000004a       0x1b c:/program files (x86)/cypress/psoc creator/4.2/psoc creator/import/gnu/arm/5.4.1/bin/../lib/gcc/arm-none-eabi/5.4.1/../../../../arm-none-eabi/lib/armv6-m/crt0.o
 .ARM.attributes
                0x00000065       0x31 .\ARM_GCC_541\Debug\main.o
 .ARM.attributes
                0x00000096       0x31 .\ARM_GCC_541\Debug\cyfitter_cfg.o
 .ARM.attributes
                0x000000c7       0x31 .\ARM_GCC_541\Debug\cymetadata.o
 .ARM.attributes
                0x000000f8       0x31 .\ARM_GCC_541\Debug\Cm0Start.o
 .ARM.attributes
                0x00000129       0x31 .\ARM_GCC_541\Debug\GLCD_Test1.a(GLCD.o)
 .ARM.attributes
                0x0000015a       0x31 .\ARM_GCC_541\Debug\GLCD_Test1.a(GLCD_Font.o)
 .ARM.attributes
                0x0000018b       0x31 .\ARM_GCC_541\Debug\GLCD_Test1.a(Backlight.o)
 .ARM.attributes
                0x000001bc       0x31 .\ARM_GCC_541\Debug\GLCD_Test1.a(GLCD_Reset.o)
 .ARM.attributes
                0x000001ed       0x31 .\ARM_GCC_541\Debug\GLCD_Test1.a(GLCD_SPIM_UDB.o)
 .ARM.attributes
                0x0000021e       0x31 .\ARM_GCC_541\Debug\GLCD_Test1.a(GLCD_SPIM_UDB_IntClock.o)
 .ARM.attributes
                0x0000024f       0x31 .\ARM_GCC_541\Debug\GLCD_Test1.a(CyLib.o)
 .ARM.attributes
                0x00000280       0x31 .\ARM_GCC_541\Debug\GLCD_Test1.a(LED_Red.o)
 .ARM.attributes
                0x000002b1       0x31 .\ARM_GCC_541\Debug\GLCD_Test1.a(LED_Blue.o)
 .ARM.attributes
                0x000002e2       0x31 .\ARM_GCC_541\Debug\GLCD_Test1.a(LED_Green.o)
 .ARM.attributes
                0x00000313       0x21 .\ARM_GCC_541\Debug\GLCD_Test1.a(CyBootAsmGnu.o)
 .ARM.attributes
                0x00000334       0x2c c:/program files (x86)/cypress/psoc creator/4.2/psoc creator/import/gnu/arm/5.4.1/bin/../lib/gcc/arm-none-eabi/5.4.1/../../../../arm-none-eabi/lib/armv6-m\libm.a(lib_a-s_cos.o)
 .ARM.attributes
                0x00000360       0x2c c:/program files (x86)/cypress/psoc creator/4.2/psoc creator/import/gnu/arm/5.4.1/bin/../lib/gcc/arm-none-eabi/5.4.1/../../../../arm-none-eabi/lib/armv6-m\libm.a(lib_a-s_sin.o)
 .ARM.attributes
                0x0000038c       0x2c c:/program files (x86)/cypress/psoc creator/4.2/psoc creator/import/gnu/arm/5.4.1/bin/../lib/gcc/arm-none-eabi/5.4.1/../../../../arm-none-eabi/lib/armv6-m\libm.a(lib_a-e_rem_pio2.o)
 .ARM.attributes
                0x000003b8       0x2c c:/program files (x86)/cypress/psoc creator/4.2/psoc creator/import/gnu/arm/5.4.1/bin/../lib/gcc/arm-none-eabi/5.4.1/../../../../arm-none-eabi/lib/armv6-m\libm.a(lib_a-k_cos.o)
 .ARM.attributes
                0x000003e4       0x2c c:/program files (x86)/cypress/psoc creator/4.2/psoc creator/import/gnu/arm/5.4.1/bin/../lib/gcc/arm-none-eabi/5.4.1/../../../../arm-none-eabi/lib/armv6-m\libm.a(lib_a-k_rem_pio2.o)
 .ARM.attributes
                0x00000410       0x2c c:/program files (x86)/cypress/psoc creator/4.2/psoc creator/import/gnu/arm/5.4.1/bin/../lib/gcc/arm-none-eabi/5.4.1/../../../../arm-none-eabi/lib/armv6-m\libm.a(lib_a-k_sin.o)
 .ARM.attributes
                0x0000043c       0x2c c:/program files (x86)/cypress/psoc creator/4.2/psoc creator/import/gnu/arm/5.4.1/bin/../lib/gcc/arm-none-eabi/5.4.1/../../../../arm-none-eabi/lib/armv6-m\libm.a(lib_a-s_fabs.o)
 .ARM.attributes
                0x00000468       0x2c c:/program files (x86)/cypress/psoc creator/4.2/psoc creator/import/gnu/arm/5.4.1/bin/../lib/gcc/arm-none-eabi/5.4.1/../../../../arm-none-eabi/lib/armv6-m\libm.a(lib_a-s_floor.o)
 .ARM.attributes
                0x00000494       0x2c c:/program files (x86)/cypress/psoc creator/4.2/psoc creator/import/gnu/arm/5.4.1/bin/../lib/gcc/arm-none-eabi/5.4.1/../../../../arm-none-eabi/lib/armv6-m\libm.a(lib_a-s_scalbn.o)
 .ARM.attributes
                0x000004c0       0x2c c:/program files (x86)/cypress/psoc creator/4.2/psoc creator/import/gnu/arm/5.4.1/bin/../lib/gcc/arm-none-eabi/5.4.1/../../../../arm-none-eabi/lib/armv6-m\libm.a(lib_a-s_copysign.o)
 .ARM.attributes
                0x000004ec       0x1e c:/program files (x86)/cypress/psoc creator/4.2/psoc creator/import/gnu/arm/5.4.1/bin/../lib/gcc/arm-none-eabi/5.4.1/armv6-m\libgcc.a(_udivsi3.o)
 .ARM.attributes
                0x0000050a       0x1e c:/program files (x86)/cypress/psoc creator/4.2/psoc creator/import/gnu/arm/5.4.1/bin/../lib/gcc/arm-none-eabi/5.4.1/armv6-m\libgcc.a(_divsi3.o)
 .ARM.attributes
                0x00000528       0x1e c:/program files (x86)/cypress/psoc creator/4.2/psoc creator/import/gnu/arm/5.4.1/bin/../lib/gcc/arm-none-eabi/5.4.1/armv6-m\libgcc.a(_dvmd_tls.o)
 .ARM.attributes
                0x00000546       0x1e c:/program files (x86)/cypress/psoc creator/4.2/psoc creator/import/gnu/arm/5.4.1/bin/../lib/gcc/arm-none-eabi/5.4.1/armv6-m\libgcc.a(_arm_cmpdf2.o)
 .ARM.attributes
                0x00000564       0x2c c:/program files (x86)/cypress/psoc creator/4.2/psoc creator/import/gnu/arm/5.4.1/bin/../lib/gcc/arm-none-eabi/5.4.1/armv6-m\libgcc.a(adddf3.o)
 .ARM.attributes
                0x00000590       0x2c c:/program files (x86)/cypress/psoc creator/4.2/psoc creator/import/gnu/arm/5.4.1/bin/../lib/gcc/arm-none-eabi/5.4.1/armv6-m\libgcc.a(divdf3.o)
 .ARM.attributes
                0x000005bc       0x2c c:/program files (x86)/cypress/psoc creator/4.2/psoc creator/import/gnu/arm/5.4.1/bin/../lib/gcc/arm-none-eabi/5.4.1/armv6-m\libgcc.a(eqdf2.o)
 .ARM.attributes
                0x000005e8       0x2c c:/program files (x86)/cypress/psoc creator/4.2/psoc creator/import/gnu/arm/5.4.1/bin/../lib/gcc/arm-none-eabi/5.4.1/armv6-m\libgcc.a(gedf2.o)
 .ARM.attributes
                0x00000614       0x2c c:/program files (x86)/cypress/psoc creator/4.2/psoc creator/import/gnu/arm/5.4.1/bin/../lib/gcc/arm-none-eabi/5.4.1/armv6-m\libgcc.a(ledf2.o)
 .ARM.attributes
                0x00000640       0x2c c:/program files (x86)/cypress/psoc creator/4.2/psoc creator/import/gnu/arm/5.4.1/bin/../lib/gcc/arm-none-eabi/5.4.1/armv6-m\libgcc.a(muldf3.o)
 .ARM.attributes
                0x0000066c       0x2c c:/program files (x86)/cypress/psoc creator/4.2/psoc creator/import/gnu/arm/5.4.1/bin/../lib/gcc/arm-none-eabi/5.4.1/armv6-m\libgcc.a(subdf3.o)
 .ARM.attributes
                0x00000698       0x2c c:/program files (x86)/cypress/psoc creator/4.2/psoc creator/import/gnu/arm/5.4.1/bin/../lib/gcc/arm-none-eabi/5.4.1/armv6-m\libgcc.a(fixdfsi.o)
 .ARM.attributes
                0x000006c4       0x2c c:/program files (x86)/cypress/psoc creator/4.2/psoc creator/import/gnu/arm/5.4.1/bin/../lib/gcc/arm-none-eabi/5.4.1/armv6-m\libgcc.a(floatsidf.o)
 .ARM.attributes
                0x000006f0       0x1e c:/program files (x86)/cypress/psoc creator/4.2/psoc creator/import/gnu/arm/5.4.1/bin/../lib/gcc/arm-none-eabi/5.4.1/armv6-m\libgcc.a(_clzsi2.o)
 .ARM.attributes
                0x0000070e       0x2c c:/program files (x86)/cypress/psoc creator/4.2/psoc creator/import/gnu/arm/5.4.1/bin/../lib/gcc/arm-none-eabi/5.4.1/../../../../arm-none-eabi/lib/armv6-m\libg_nano.a(lib_a-errno.o)
 .ARM.attributes
                0x0000073a       0x2c c:/program files (x86)/cypress/psoc creator/4.2/psoc creator/import/gnu/arm/5.4.1/bin/../lib/gcc/arm-none-eabi/5.4.1/../../../../arm-none-eabi/lib/armv6-m\libg_nano.a(lib_a-exit.o)
 .ARM.attributes
                0x00000766       0x2c c:/program files (x86)/cypress/psoc creator/4.2/psoc creator/import/gnu/arm/5.4.1/bin/../lib/gcc/arm-none-eabi/5.4.1/../../../../arm-none-eabi/lib/armv6-m\libg_nano.a(lib_a-impure.o)
 .ARM.attributes
                0x00000792       0x2c c:/program files (x86)/cypress/psoc creator/4.2/psoc creator/import/gnu/arm/5.4.1/bin/../lib/gcc/arm-none-eabi/5.4.1/../../../../arm-none-eabi/lib/armv6-m\libg_nano.a(lib_a-init.o)
 .ARM.attributes
                0x000007be       0x2c c:/program files (x86)/cypress/psoc creator/4.2/psoc creator/import/gnu/arm/5.4.1/bin/../lib/gcc/arm-none-eabi/5.4.1/../../../../arm-none-eabi/lib/armv6-m\libg_nano.a(lib_a-memcpy-stub.o)
 .ARM.attributes
                0x000007ea       0x2c c:/program files (x86)/cypress/psoc creator/4.2/psoc creator/import/gnu/arm/5.4.1/bin/../lib/gcc/arm-none-eabi/5.4.1/../../../../arm-none-eabi/lib/armv6-m\libg_nano.a(lib_a-memset.o)
 .ARM.attributes
                0x00000816       0x2c c:/program files (x86)/cypress/psoc creator/4.2/psoc creator/import/gnu/arm/5.4.1/bin/../lib/gcc/arm-none-eabi/5.4.1/armv6-m/crtend.o
 .ARM.attributes
                0x00000842       0x1e c:/program files (x86)/cypress/psoc creator/4.2/psoc creator/import/gnu/arm/5.4.1/bin/../lib/gcc/arm-none-eabi/5.4.1/armv6-m/crtn.o

/DISCARD/
 *(.note.GNU-stack)
OUTPUT(C:\Users\sur\Desktop\SPU doc\GLCD_Test1.cydsn\ARM_GCC_541\Debug\GLCD_Test1.elf elf32-littlearm)
