ARM GAS  C:\Users\sur\AppData\Local\Temp\ccOBP0Z6.s 			page 1


   1              		.syntax unified
   2              		.cpu cortex-m0
   3              		.fpu softvfp
   4              		.eabi_attribute 20, 1
   5              		.eabi_attribute 21, 1
   6              		.eabi_attribute 23, 3
   7              		.eabi_attribute 24, 1
   8              		.eabi_attribute 25, 1
   9              		.eabi_attribute 26, 1
  10              		.eabi_attribute 30, 1
  11              		.eabi_attribute 34, 0
  12              		.eabi_attribute 18, 4
  13              		.thumb
  14              		.syntax unified
  15              		.file	"GLCD_SCLK.c"
  16              		.text
  17              	.Ltext0:
  18              		.cfi_sections	.debug_frame
  19              		.section	.text.GLCD_SCLK_Write,"ax",%progbits
  20              		.align	2
  21              		.global	GLCD_SCLK_Write
  22              		.code	16
  23              		.thumb_func
  24              		.type	GLCD_SCLK_Write, %function
  25              	GLCD_SCLK_Write:
  26              	.LFB0:
  27              		.file 1 "Generated_Source\\PSoC4\\GLCD_SCLK.c"
   1:Generated_Source\PSoC4/GLCD_SCLK.c **** /*******************************************************************************
   2:Generated_Source\PSoC4/GLCD_SCLK.c **** * File Name: GLCD_SCLK.c  
   3:Generated_Source\PSoC4/GLCD_SCLK.c **** * Version 1.90
   4:Generated_Source\PSoC4/GLCD_SCLK.c **** *
   5:Generated_Source\PSoC4/GLCD_SCLK.c **** * Description:
   6:Generated_Source\PSoC4/GLCD_SCLK.c **** *  This file contains API to enable firmware control of a Pins component.
   7:Generated_Source\PSoC4/GLCD_SCLK.c **** *
   8:Generated_Source\PSoC4/GLCD_SCLK.c **** * Note:
   9:Generated_Source\PSoC4/GLCD_SCLK.c **** *
  10:Generated_Source\PSoC4/GLCD_SCLK.c **** ********************************************************************************
  11:Generated_Source\PSoC4/GLCD_SCLK.c **** * Copyright 2008-2012, Cypress Semiconductor Corporation.  All rights reserved.
  12:Generated_Source\PSoC4/GLCD_SCLK.c **** * You may use this file only in accordance with the license, terms, conditions, 
  13:Generated_Source\PSoC4/GLCD_SCLK.c **** * disclaimers, and limitations in the end user license agreement accompanying 
  14:Generated_Source\PSoC4/GLCD_SCLK.c **** * the software package with which this file was provided.
  15:Generated_Source\PSoC4/GLCD_SCLK.c **** *******************************************************************************/
  16:Generated_Source\PSoC4/GLCD_SCLK.c **** 
  17:Generated_Source\PSoC4/GLCD_SCLK.c **** #include "cytypes.h"
  18:Generated_Source\PSoC4/GLCD_SCLK.c **** #include "GLCD_SCLK.h"
  19:Generated_Source\PSoC4/GLCD_SCLK.c **** 
  20:Generated_Source\PSoC4/GLCD_SCLK.c **** #define SetP4PinDriveMode(shift, mode)  \
  21:Generated_Source\PSoC4/GLCD_SCLK.c ****     do { \
  22:Generated_Source\PSoC4/GLCD_SCLK.c ****         GLCD_SCLK_PC =   (GLCD_SCLK_PC & \
  23:Generated_Source\PSoC4/GLCD_SCLK.c ****                                 (uint32)(~(uint32)(GLCD_SCLK_DRIVE_MODE_IND_MASK << (GLCD_SCLK_DRIV
  24:Generated_Source\PSoC4/GLCD_SCLK.c ****                                 (uint32)((uint32)(mode) << (GLCD_SCLK_DRIVE_MODE_BITS * (shift))); 
  25:Generated_Source\PSoC4/GLCD_SCLK.c ****     } while (0)
  26:Generated_Source\PSoC4/GLCD_SCLK.c **** 
  27:Generated_Source\PSoC4/GLCD_SCLK.c **** 
  28:Generated_Source\PSoC4/GLCD_SCLK.c **** /*******************************************************************************
  29:Generated_Source\PSoC4/GLCD_SCLK.c **** * Function Name: GLCD_SCLK_Write
  30:Generated_Source\PSoC4/GLCD_SCLK.c **** ********************************************************************************
ARM GAS  C:\Users\sur\AppData\Local\Temp\ccOBP0Z6.s 			page 2


  31:Generated_Source\PSoC4/GLCD_SCLK.c **** *
  32:Generated_Source\PSoC4/GLCD_SCLK.c **** * Summary:
  33:Generated_Source\PSoC4/GLCD_SCLK.c **** *  Assign a new value to the digital port's data output register.  
  34:Generated_Source\PSoC4/GLCD_SCLK.c **** *
  35:Generated_Source\PSoC4/GLCD_SCLK.c **** * Parameters:  
  36:Generated_Source\PSoC4/GLCD_SCLK.c **** *  prtValue:  The value to be assigned to the Digital Port. 
  37:Generated_Source\PSoC4/GLCD_SCLK.c **** *
  38:Generated_Source\PSoC4/GLCD_SCLK.c **** * Return: 
  39:Generated_Source\PSoC4/GLCD_SCLK.c **** *  None 
  40:Generated_Source\PSoC4/GLCD_SCLK.c **** *  
  41:Generated_Source\PSoC4/GLCD_SCLK.c **** *******************************************************************************/
  42:Generated_Source\PSoC4/GLCD_SCLK.c **** void GLCD_SCLK_Write(uint8 value) 
  43:Generated_Source\PSoC4/GLCD_SCLK.c **** {
  28              		.loc 1 43 0
  29              		.cfi_startproc
  30              		@ args = 0, pretend = 0, frame = 0
  31              		@ frame_needed = 0, uses_anonymous_args = 0
  32              		@ link register save eliminated.
  33              	.LVL0:
  44:Generated_Source\PSoC4/GLCD_SCLK.c ****     uint8 drVal = (uint8)(GLCD_SCLK_DR & (uint8)(~GLCD_SCLK_MASK));
  34              		.loc 1 44 0
  35 0000 0449     		ldr	r1, .L2
  36 0002 0A68     		ldr	r2, [r1]
  37 0004 D2B2     		uxtb	r2, r2
  38 0006 4023     		movs	r3, #64
  39 0008 9A43     		bics	r2, r3
  40              	.LVL1:
  45:Generated_Source\PSoC4/GLCD_SCLK.c ****     drVal = (drVal | ((uint8)(value << GLCD_SCLK_SHIFT) & GLCD_SCLK_MASK));
  41              		.loc 1 45 0
  42 000a 8001     		lsls	r0, r0, #6
  43              	.LVL2:
  44 000c 1840     		ands	r0, r3
  45 000e 1043     		orrs	r0, r2
  46              	.LVL3:
  46:Generated_Source\PSoC4/GLCD_SCLK.c ****     GLCD_SCLK_DR = (uint32)drVal;
  47              		.loc 1 46 0
  48 0010 0860     		str	r0, [r1]
  47:Generated_Source\PSoC4/GLCD_SCLK.c **** }
  49              		.loc 1 47 0
  50              		@ sp needed
  51 0012 7047     		bx	lr
  52              	.L3:
  53              		.align	2
  54              	.L2:
  55 0014 00030440 		.word	1074004736
  56              		.cfi_endproc
  57              	.LFE0:
  58              		.size	GLCD_SCLK_Write, .-GLCD_SCLK_Write
  59              		.section	.text.GLCD_SCLK_SetDriveMode,"ax",%progbits
  60              		.align	2
  61              		.global	GLCD_SCLK_SetDriveMode
  62              		.code	16
  63              		.thumb_func
  64              		.type	GLCD_SCLK_SetDriveMode, %function
  65              	GLCD_SCLK_SetDriveMode:
  66              	.LFB1:
  48:Generated_Source\PSoC4/GLCD_SCLK.c **** 
ARM GAS  C:\Users\sur\AppData\Local\Temp\ccOBP0Z6.s 			page 3


  49:Generated_Source\PSoC4/GLCD_SCLK.c **** 
  50:Generated_Source\PSoC4/GLCD_SCLK.c **** /*******************************************************************************
  51:Generated_Source\PSoC4/GLCD_SCLK.c **** * Function Name: GLCD_SCLK_SetDriveMode
  52:Generated_Source\PSoC4/GLCD_SCLK.c **** ********************************************************************************
  53:Generated_Source\PSoC4/GLCD_SCLK.c **** *
  54:Generated_Source\PSoC4/GLCD_SCLK.c **** * Summary:
  55:Generated_Source\PSoC4/GLCD_SCLK.c **** *  Change the drive mode on the pins of the port.
  56:Generated_Source\PSoC4/GLCD_SCLK.c **** * 
  57:Generated_Source\PSoC4/GLCD_SCLK.c **** * Parameters:  
  58:Generated_Source\PSoC4/GLCD_SCLK.c **** *  mode:  Change the pins to this drive mode.
  59:Generated_Source\PSoC4/GLCD_SCLK.c **** *
  60:Generated_Source\PSoC4/GLCD_SCLK.c **** * Return: 
  61:Generated_Source\PSoC4/GLCD_SCLK.c **** *  None
  62:Generated_Source\PSoC4/GLCD_SCLK.c **** *
  63:Generated_Source\PSoC4/GLCD_SCLK.c **** *******************************************************************************/
  64:Generated_Source\PSoC4/GLCD_SCLK.c **** void GLCD_SCLK_SetDriveMode(uint8 mode) 
  65:Generated_Source\PSoC4/GLCD_SCLK.c **** {
  67              		.loc 1 65 0
  68              		.cfi_startproc
  69              		@ args = 0, pretend = 0, frame = 0
  70              		@ frame_needed = 0, uses_anonymous_args = 0
  71              		@ link register save eliminated.
  72              	.LVL4:
  66:Generated_Source\PSoC4/GLCD_SCLK.c **** 	SetP4PinDriveMode(GLCD_SCLK__0__SHIFT, mode);
  73              		.loc 1 66 0
  74 0000 034A     		ldr	r2, .L5
  75 0002 1168     		ldr	r1, [r2]
  76 0004 034B     		ldr	r3, .L5+4
  77 0006 0B40     		ands	r3, r1
  78 0008 8004     		lsls	r0, r0, #18
  79              	.LVL5:
  80 000a 1843     		orrs	r0, r3
  81 000c 1060     		str	r0, [r2]
  67:Generated_Source\PSoC4/GLCD_SCLK.c **** }
  82              		.loc 1 67 0
  83              		@ sp needed
  84 000e 7047     		bx	lr
  85              	.L6:
  86              		.align	2
  87              	.L5:
  88 0010 08030440 		.word	1074004744
  89 0014 FFFFE3FF 		.word	-1835009
  90              		.cfi_endproc
  91              	.LFE1:
  92              		.size	GLCD_SCLK_SetDriveMode, .-GLCD_SCLK_SetDriveMode
  93              		.section	.text.GLCD_SCLK_Read,"ax",%progbits
  94              		.align	2
  95              		.global	GLCD_SCLK_Read
  96              		.code	16
  97              		.thumb_func
  98              		.type	GLCD_SCLK_Read, %function
  99              	GLCD_SCLK_Read:
 100              	.LFB2:
  68:Generated_Source\PSoC4/GLCD_SCLK.c **** 
  69:Generated_Source\PSoC4/GLCD_SCLK.c **** 
  70:Generated_Source\PSoC4/GLCD_SCLK.c **** /*******************************************************************************
  71:Generated_Source\PSoC4/GLCD_SCLK.c **** * Function Name: GLCD_SCLK_Read
ARM GAS  C:\Users\sur\AppData\Local\Temp\ccOBP0Z6.s 			page 4


  72:Generated_Source\PSoC4/GLCD_SCLK.c **** ********************************************************************************
  73:Generated_Source\PSoC4/GLCD_SCLK.c **** *
  74:Generated_Source\PSoC4/GLCD_SCLK.c **** * Summary:
  75:Generated_Source\PSoC4/GLCD_SCLK.c **** *  Read the current value on the pins of the Digital Port in right justified 
  76:Generated_Source\PSoC4/GLCD_SCLK.c **** *  form.
  77:Generated_Source\PSoC4/GLCD_SCLK.c **** *
  78:Generated_Source\PSoC4/GLCD_SCLK.c **** * Parameters:  
  79:Generated_Source\PSoC4/GLCD_SCLK.c **** *  None 
  80:Generated_Source\PSoC4/GLCD_SCLK.c **** *
  81:Generated_Source\PSoC4/GLCD_SCLK.c **** * Return: 
  82:Generated_Source\PSoC4/GLCD_SCLK.c **** *  Returns the current value of the Digital Port as a right justified number
  83:Generated_Source\PSoC4/GLCD_SCLK.c **** *  
  84:Generated_Source\PSoC4/GLCD_SCLK.c **** * Note:
  85:Generated_Source\PSoC4/GLCD_SCLK.c **** *  Macro GLCD_SCLK_ReadPS calls this function. 
  86:Generated_Source\PSoC4/GLCD_SCLK.c **** *  
  87:Generated_Source\PSoC4/GLCD_SCLK.c **** *******************************************************************************/
  88:Generated_Source\PSoC4/GLCD_SCLK.c **** uint8 GLCD_SCLK_Read(void) 
  89:Generated_Source\PSoC4/GLCD_SCLK.c **** {
 101              		.loc 1 89 0
 102              		.cfi_startproc
 103              		@ args = 0, pretend = 0, frame = 0
 104              		@ frame_needed = 0, uses_anonymous_args = 0
 105              		@ link register save eliminated.
  90:Generated_Source\PSoC4/GLCD_SCLK.c ****     return (uint8)((GLCD_SCLK_PS & GLCD_SCLK_MASK) >> GLCD_SCLK_SHIFT);
 106              		.loc 1 90 0
 107 0000 024B     		ldr	r3, .L8
 108 0002 1868     		ldr	r0, [r3]
 109 0004 8009     		lsrs	r0, r0, #6
 110 0006 0123     		movs	r3, #1
 111 0008 1840     		ands	r0, r3
  91:Generated_Source\PSoC4/GLCD_SCLK.c **** }
 112              		.loc 1 91 0
 113              		@ sp needed
 114 000a 7047     		bx	lr
 115              	.L9:
 116              		.align	2
 117              	.L8:
 118 000c 04030440 		.word	1074004740
 119              		.cfi_endproc
 120              	.LFE2:
 121              		.size	GLCD_SCLK_Read, .-GLCD_SCLK_Read
 122              		.section	.text.GLCD_SCLK_ReadDataReg,"ax",%progbits
 123              		.align	2
 124              		.global	GLCD_SCLK_ReadDataReg
 125              		.code	16
 126              		.thumb_func
 127              		.type	GLCD_SCLK_ReadDataReg, %function
 128              	GLCD_SCLK_ReadDataReg:
 129              	.LFB3:
  92:Generated_Source\PSoC4/GLCD_SCLK.c **** 
  93:Generated_Source\PSoC4/GLCD_SCLK.c **** 
  94:Generated_Source\PSoC4/GLCD_SCLK.c **** /*******************************************************************************
  95:Generated_Source\PSoC4/GLCD_SCLK.c **** * Function Name: GLCD_SCLK_ReadDataReg
  96:Generated_Source\PSoC4/GLCD_SCLK.c **** ********************************************************************************
  97:Generated_Source\PSoC4/GLCD_SCLK.c **** *
  98:Generated_Source\PSoC4/GLCD_SCLK.c **** * Summary:
  99:Generated_Source\PSoC4/GLCD_SCLK.c **** *  Read the current value assigned to a Digital Port's data output register
ARM GAS  C:\Users\sur\AppData\Local\Temp\ccOBP0Z6.s 			page 5


 100:Generated_Source\PSoC4/GLCD_SCLK.c **** *
 101:Generated_Source\PSoC4/GLCD_SCLK.c **** * Parameters:  
 102:Generated_Source\PSoC4/GLCD_SCLK.c **** *  None 
 103:Generated_Source\PSoC4/GLCD_SCLK.c **** *
 104:Generated_Source\PSoC4/GLCD_SCLK.c **** * Return: 
 105:Generated_Source\PSoC4/GLCD_SCLK.c **** *  Returns the current value assigned to the Digital Port's data output register
 106:Generated_Source\PSoC4/GLCD_SCLK.c **** *  
 107:Generated_Source\PSoC4/GLCD_SCLK.c **** *******************************************************************************/
 108:Generated_Source\PSoC4/GLCD_SCLK.c **** uint8 GLCD_SCLK_ReadDataReg(void) 
 109:Generated_Source\PSoC4/GLCD_SCLK.c **** {
 130              		.loc 1 109 0
 131              		.cfi_startproc
 132              		@ args = 0, pretend = 0, frame = 0
 133              		@ frame_needed = 0, uses_anonymous_args = 0
 134              		@ link register save eliminated.
 110:Generated_Source\PSoC4/GLCD_SCLK.c ****     return (uint8)((GLCD_SCLK_DR & GLCD_SCLK_MASK) >> GLCD_SCLK_SHIFT);
 135              		.loc 1 110 0
 136 0000 024B     		ldr	r3, .L11
 137 0002 1868     		ldr	r0, [r3]
 138 0004 8009     		lsrs	r0, r0, #6
 139 0006 0123     		movs	r3, #1
 140 0008 1840     		ands	r0, r3
 111:Generated_Source\PSoC4/GLCD_SCLK.c **** }
 141              		.loc 1 111 0
 142              		@ sp needed
 143 000a 7047     		bx	lr
 144              	.L12:
 145              		.align	2
 146              	.L11:
 147 000c 00030440 		.word	1074004736
 148              		.cfi_endproc
 149              	.LFE3:
 150              		.size	GLCD_SCLK_ReadDataReg, .-GLCD_SCLK_ReadDataReg
 151              		.section	.text.GLCD_SCLK_ClearInterrupt,"ax",%progbits
 152              		.align	2
 153              		.global	GLCD_SCLK_ClearInterrupt
 154              		.code	16
 155              		.thumb_func
 156              		.type	GLCD_SCLK_ClearInterrupt, %function
 157              	GLCD_SCLK_ClearInterrupt:
 158              	.LFB4:
 112:Generated_Source\PSoC4/GLCD_SCLK.c **** 
 113:Generated_Source\PSoC4/GLCD_SCLK.c **** 
 114:Generated_Source\PSoC4/GLCD_SCLK.c **** /* If Interrupts Are Enabled for this Pins component */ 
 115:Generated_Source\PSoC4/GLCD_SCLK.c **** #if defined(GLCD_SCLK_INTSTAT) 
 116:Generated_Source\PSoC4/GLCD_SCLK.c **** 
 117:Generated_Source\PSoC4/GLCD_SCLK.c ****     /*******************************************************************************
 118:Generated_Source\PSoC4/GLCD_SCLK.c ****     * Function Name: GLCD_SCLK_ClearInterrupt
 119:Generated_Source\PSoC4/GLCD_SCLK.c ****     ********************************************************************************
 120:Generated_Source\PSoC4/GLCD_SCLK.c ****     *
 121:Generated_Source\PSoC4/GLCD_SCLK.c ****     * Summary:
 122:Generated_Source\PSoC4/GLCD_SCLK.c ****     *  Clears any active interrupts attached to port and returns the value of the 
 123:Generated_Source\PSoC4/GLCD_SCLK.c ****     *  interrupt status register.
 124:Generated_Source\PSoC4/GLCD_SCLK.c ****     *
 125:Generated_Source\PSoC4/GLCD_SCLK.c ****     * Parameters:  
 126:Generated_Source\PSoC4/GLCD_SCLK.c ****     *  None 
 127:Generated_Source\PSoC4/GLCD_SCLK.c ****     *
ARM GAS  C:\Users\sur\AppData\Local\Temp\ccOBP0Z6.s 			page 6


 128:Generated_Source\PSoC4/GLCD_SCLK.c ****     * Return: 
 129:Generated_Source\PSoC4/GLCD_SCLK.c ****     *  Returns the value of the interrupt status register
 130:Generated_Source\PSoC4/GLCD_SCLK.c ****     *  
 131:Generated_Source\PSoC4/GLCD_SCLK.c ****     *******************************************************************************/
 132:Generated_Source\PSoC4/GLCD_SCLK.c ****     uint8 GLCD_SCLK_ClearInterrupt(void) 
 133:Generated_Source\PSoC4/GLCD_SCLK.c ****     {
 159              		.loc 1 133 0
 160              		.cfi_startproc
 161              		@ args = 0, pretend = 0, frame = 0
 162              		@ frame_needed = 0, uses_anonymous_args = 0
 163              		@ link register save eliminated.
 134:Generated_Source\PSoC4/GLCD_SCLK.c **** 		uint8 maskedStatus = (uint8)(GLCD_SCLK_INTSTAT & GLCD_SCLK_MASK);
 164              		.loc 1 134 0
 165 0000 034A     		ldr	r2, .L14
 166 0002 1068     		ldr	r0, [r2]
 167 0004 4023     		movs	r3, #64
 168 0006 1840     		ands	r0, r3
 169              	.LVL6:
 135:Generated_Source\PSoC4/GLCD_SCLK.c **** 		GLCD_SCLK_INTSTAT = maskedStatus;
 170              		.loc 1 135 0
 171 0008 1060     		str	r0, [r2]
 136:Generated_Source\PSoC4/GLCD_SCLK.c ****         return maskedStatus >> GLCD_SCLK_SHIFT;
 172              		.loc 1 136 0
 173 000a 8009     		lsrs	r0, r0, #6
 174              	.LVL7:
 175 000c C0B2     		uxtb	r0, r0
 137:Generated_Source\PSoC4/GLCD_SCLK.c ****     }
 176              		.loc 1 137 0
 177              		@ sp needed
 178 000e 7047     		bx	lr
 179              	.L15:
 180              		.align	2
 181              	.L14:
 182 0010 10030440 		.word	1074004752
 183              		.cfi_endproc
 184              	.LFE4:
 185              		.size	GLCD_SCLK_ClearInterrupt, .-GLCD_SCLK_ClearInterrupt
 186              		.text
 187              	.Letext0:
 188              		.file 2 "Generated_Source\\PSoC4\\cytypes.h"
 189              		.section	.debug_info,"",%progbits
 190              	.Ldebug_info0:
 191 0000 4E010000 		.4byte	0x14e
 192 0004 0400     		.2byte	0x4
 193 0006 00000000 		.4byte	.Ldebug_abbrev0
 194 000a 04       		.byte	0x4
 195 000b 01       		.uleb128 0x1
 196 000c 4C010000 		.4byte	.LASF24
 197 0010 0C       		.byte	0xc
 198 0011 7B000000 		.4byte	.LASF25
 199 0015 BB000000 		.4byte	.LASF26
 200 0019 00000000 		.4byte	.Ldebug_ranges0+0
 201 001d 00000000 		.4byte	0
 202 0021 00000000 		.4byte	.Ldebug_line0
 203 0025 02       		.uleb128 0x2
 204 0026 01       		.byte	0x1
 205 0027 06       		.byte	0x6
ARM GAS  C:\Users\sur\AppData\Local\Temp\ccOBP0Z6.s 			page 7


 206 0028 13020000 		.4byte	.LASF0
 207 002c 02       		.uleb128 0x2
 208 002d 01       		.byte	0x1
 209 002e 08       		.byte	0x8
 210 002f 42000000 		.4byte	.LASF1
 211 0033 02       		.uleb128 0x2
 212 0034 02       		.byte	0x2
 213 0035 05       		.byte	0x5
 214 0036 FA010000 		.4byte	.LASF2
 215 003a 02       		.uleb128 0x2
 216 003b 02       		.byte	0x2
 217 003c 07       		.byte	0x7
 218 003d 68000000 		.4byte	.LASF3
 219 0041 02       		.uleb128 0x2
 220 0042 04       		.byte	0x4
 221 0043 05       		.byte	0x5
 222 0044 0A020000 		.4byte	.LASF4
 223 0048 02       		.uleb128 0x2
 224 0049 04       		.byte	0x4
 225 004a 07       		.byte	0x7
 226 004b 56000000 		.4byte	.LASF5
 227 004f 02       		.uleb128 0x2
 228 0050 08       		.byte	0x8
 229 0051 05       		.byte	0x5
 230 0052 DA010000 		.4byte	.LASF6
 231 0056 02       		.uleb128 0x2
 232 0057 08       		.byte	0x8
 233 0058 07       		.byte	0x7
 234 0059 20010000 		.4byte	.LASF7
 235 005d 03       		.uleb128 0x3
 236 005e 04       		.byte	0x4
 237 005f 05       		.byte	0x5
 238 0060 696E7400 		.ascii	"int\000"
 239 0064 02       		.uleb128 0x2
 240 0065 04       		.byte	0x4
 241 0066 07       		.byte	0x7
 242 0067 13010000 		.4byte	.LASF8
 243 006b 04       		.uleb128 0x4
 244 006c 04020000 		.4byte	.LASF9
 245 0070 02       		.byte	0x2
 246 0071 E401     		.2byte	0x1e4
 247 0073 2C000000 		.4byte	0x2c
 248 0077 04       		.uleb128 0x4
 249 0078 0C010000 		.4byte	.LASF10
 250 007c 02       		.byte	0x2
 251 007d E601     		.2byte	0x1e6
 252 007f 48000000 		.4byte	0x48
 253 0083 02       		.uleb128 0x2
 254 0084 04       		.byte	0x4
 255 0085 04       		.byte	0x4
 256 0086 3C000000 		.4byte	.LASF11
 257 008a 02       		.uleb128 0x2
 258 008b 08       		.byte	0x8
 259 008c 04       		.byte	0x4
 260 008d B4000000 		.4byte	.LASF12
 261 0091 02       		.uleb128 0x2
 262 0092 01       		.byte	0x1
ARM GAS  C:\Users\sur\AppData\Local\Temp\ccOBP0Z6.s 			page 8


 263 0093 08       		.byte	0x8
 264 0094 F5010000 		.4byte	.LASF13
 265 0098 04       		.uleb128 0x4
 266 0099 00000000 		.4byte	.LASF14
 267 009d 02       		.byte	0x2
 268 009e 9002     		.2byte	0x290
 269 00a0 A4000000 		.4byte	0xa4
 270 00a4 05       		.uleb128 0x5
 271 00a5 77000000 		.4byte	0x77
 272 00a9 06       		.uleb128 0x6
 273 00aa 3C010000 		.4byte	.LASF15
 274 00ae 01       		.byte	0x1
 275 00af 2A       		.byte	0x2a
 276 00b0 00000000 		.4byte	.LFB0
 277 00b4 18000000 		.4byte	.LFE0-.LFB0
 278 00b8 01       		.uleb128 0x1
 279 00b9 9C       		.byte	0x9c
 280 00ba DD000000 		.4byte	0xdd
 281 00be 07       		.uleb128 0x7
 282 00bf 06000000 		.4byte	.LASF17
 283 00c3 01       		.byte	0x1
 284 00c4 2A       		.byte	0x2a
 285 00c5 6B000000 		.4byte	0x6b
 286 00c9 00000000 		.4byte	.LLST0
 287 00cd 08       		.uleb128 0x8
 288 00ce 50000000 		.4byte	.LASF22
 289 00d2 01       		.byte	0x1
 290 00d3 2C       		.byte	0x2c
 291 00d4 6B000000 		.4byte	0x6b
 292 00d8 21000000 		.4byte	.LLST1
 293 00dc 00       		.byte	0
 294 00dd 06       		.uleb128 0x6
 295 00de 25000000 		.4byte	.LASF16
 296 00e2 01       		.byte	0x1
 297 00e3 40       		.byte	0x40
 298 00e4 00000000 		.4byte	.LFB1
 299 00e8 18000000 		.4byte	.LFE1-.LFB1
 300 00ec 01       		.uleb128 0x1
 301 00ed 9C       		.byte	0x9c
 302 00ee 02010000 		.4byte	0x102
 303 00f2 07       		.uleb128 0x7
 304 00f3 37010000 		.4byte	.LASF18
 305 00f7 01       		.byte	0x1
 306 00f8 40       		.byte	0x40
 307 00f9 6B000000 		.4byte	0x6b
 308 00fd 3F000000 		.4byte	.LLST2
 309 0101 00       		.byte	0
 310 0102 09       		.uleb128 0x9
 311 0103 FD000000 		.4byte	.LASF19
 312 0107 01       		.byte	0x1
 313 0108 58       		.byte	0x58
 314 0109 6B000000 		.4byte	0x6b
 315 010d 00000000 		.4byte	.LFB2
 316 0111 10000000 		.4byte	.LFE2-.LFB2
 317 0115 01       		.uleb128 0x1
 318 0116 9C       		.byte	0x9c
 319 0117 09       		.uleb128 0x9
ARM GAS  C:\Users\sur\AppData\Local\Temp\ccOBP0Z6.s 			page 9


 320 0118 9E000000 		.4byte	.LASF20
 321 011c 01       		.byte	0x1
 322 011d 6C       		.byte	0x6c
 323 011e 6B000000 		.4byte	0x6b
 324 0122 00000000 		.4byte	.LFB3
 325 0126 10000000 		.4byte	.LFE3-.LFB3
 326 012a 01       		.uleb128 0x1
 327 012b 9C       		.byte	0x9c
 328 012c 0A       		.uleb128 0xa
 329 012d 0C000000 		.4byte	.LASF21
 330 0131 01       		.byte	0x1
 331 0132 84       		.byte	0x84
 332 0133 6B000000 		.4byte	0x6b
 333 0137 00000000 		.4byte	.LFB4
 334 013b 14000000 		.4byte	.LFE4-.LFB4
 335 013f 01       		.uleb128 0x1
 336 0140 9C       		.byte	0x9c
 337 0141 08       		.uleb128 0x8
 338 0142 E8010000 		.4byte	.LASF23
 339 0146 01       		.byte	0x1
 340 0147 86       		.byte	0x86
 341 0148 6B000000 		.4byte	0x6b
 342 014c 60000000 		.4byte	.LLST3
 343 0150 00       		.byte	0
 344 0151 00       		.byte	0
 345              		.section	.debug_abbrev,"",%progbits
 346              	.Ldebug_abbrev0:
 347 0000 01       		.uleb128 0x1
 348 0001 11       		.uleb128 0x11
 349 0002 01       		.byte	0x1
 350 0003 25       		.uleb128 0x25
 351 0004 0E       		.uleb128 0xe
 352 0005 13       		.uleb128 0x13
 353 0006 0B       		.uleb128 0xb
 354 0007 03       		.uleb128 0x3
 355 0008 0E       		.uleb128 0xe
 356 0009 1B       		.uleb128 0x1b
 357 000a 0E       		.uleb128 0xe
 358 000b 55       		.uleb128 0x55
 359 000c 17       		.uleb128 0x17
 360 000d 11       		.uleb128 0x11
 361 000e 01       		.uleb128 0x1
 362 000f 10       		.uleb128 0x10
 363 0010 17       		.uleb128 0x17
 364 0011 00       		.byte	0
 365 0012 00       		.byte	0
 366 0013 02       		.uleb128 0x2
 367 0014 24       		.uleb128 0x24
 368 0015 00       		.byte	0
 369 0016 0B       		.uleb128 0xb
 370 0017 0B       		.uleb128 0xb
 371 0018 3E       		.uleb128 0x3e
 372 0019 0B       		.uleb128 0xb
 373 001a 03       		.uleb128 0x3
 374 001b 0E       		.uleb128 0xe
 375 001c 00       		.byte	0
 376 001d 00       		.byte	0
ARM GAS  C:\Users\sur\AppData\Local\Temp\ccOBP0Z6.s 			page 10


 377 001e 03       		.uleb128 0x3
 378 001f 24       		.uleb128 0x24
 379 0020 00       		.byte	0
 380 0021 0B       		.uleb128 0xb
 381 0022 0B       		.uleb128 0xb
 382 0023 3E       		.uleb128 0x3e
 383 0024 0B       		.uleb128 0xb
 384 0025 03       		.uleb128 0x3
 385 0026 08       		.uleb128 0x8
 386 0027 00       		.byte	0
 387 0028 00       		.byte	0
 388 0029 04       		.uleb128 0x4
 389 002a 16       		.uleb128 0x16
 390 002b 00       		.byte	0
 391 002c 03       		.uleb128 0x3
 392 002d 0E       		.uleb128 0xe
 393 002e 3A       		.uleb128 0x3a
 394 002f 0B       		.uleb128 0xb
 395 0030 3B       		.uleb128 0x3b
 396 0031 05       		.uleb128 0x5
 397 0032 49       		.uleb128 0x49
 398 0033 13       		.uleb128 0x13
 399 0034 00       		.byte	0
 400 0035 00       		.byte	0
 401 0036 05       		.uleb128 0x5
 402 0037 35       		.uleb128 0x35
 403 0038 00       		.byte	0
 404 0039 49       		.uleb128 0x49
 405 003a 13       		.uleb128 0x13
 406 003b 00       		.byte	0
 407 003c 00       		.byte	0
 408 003d 06       		.uleb128 0x6
 409 003e 2E       		.uleb128 0x2e
 410 003f 01       		.byte	0x1
 411 0040 3F       		.uleb128 0x3f
 412 0041 19       		.uleb128 0x19
 413 0042 03       		.uleb128 0x3
 414 0043 0E       		.uleb128 0xe
 415 0044 3A       		.uleb128 0x3a
 416 0045 0B       		.uleb128 0xb
 417 0046 3B       		.uleb128 0x3b
 418 0047 0B       		.uleb128 0xb
 419 0048 27       		.uleb128 0x27
 420 0049 19       		.uleb128 0x19
 421 004a 11       		.uleb128 0x11
 422 004b 01       		.uleb128 0x1
 423 004c 12       		.uleb128 0x12
 424 004d 06       		.uleb128 0x6
 425 004e 40       		.uleb128 0x40
 426 004f 18       		.uleb128 0x18
 427 0050 9742     		.uleb128 0x2117
 428 0052 19       		.uleb128 0x19
 429 0053 01       		.uleb128 0x1
 430 0054 13       		.uleb128 0x13
 431 0055 00       		.byte	0
 432 0056 00       		.byte	0
 433 0057 07       		.uleb128 0x7
ARM GAS  C:\Users\sur\AppData\Local\Temp\ccOBP0Z6.s 			page 11


 434 0058 05       		.uleb128 0x5
 435 0059 00       		.byte	0
 436 005a 03       		.uleb128 0x3
 437 005b 0E       		.uleb128 0xe
 438 005c 3A       		.uleb128 0x3a
 439 005d 0B       		.uleb128 0xb
 440 005e 3B       		.uleb128 0x3b
 441 005f 0B       		.uleb128 0xb
 442 0060 49       		.uleb128 0x49
 443 0061 13       		.uleb128 0x13
 444 0062 02       		.uleb128 0x2
 445 0063 17       		.uleb128 0x17
 446 0064 00       		.byte	0
 447 0065 00       		.byte	0
 448 0066 08       		.uleb128 0x8
 449 0067 34       		.uleb128 0x34
 450 0068 00       		.byte	0
 451 0069 03       		.uleb128 0x3
 452 006a 0E       		.uleb128 0xe
 453 006b 3A       		.uleb128 0x3a
 454 006c 0B       		.uleb128 0xb
 455 006d 3B       		.uleb128 0x3b
 456 006e 0B       		.uleb128 0xb
 457 006f 49       		.uleb128 0x49
 458 0070 13       		.uleb128 0x13
 459 0071 02       		.uleb128 0x2
 460 0072 17       		.uleb128 0x17
 461 0073 00       		.byte	0
 462 0074 00       		.byte	0
 463 0075 09       		.uleb128 0x9
 464 0076 2E       		.uleb128 0x2e
 465 0077 00       		.byte	0
 466 0078 3F       		.uleb128 0x3f
 467 0079 19       		.uleb128 0x19
 468 007a 03       		.uleb128 0x3
 469 007b 0E       		.uleb128 0xe
 470 007c 3A       		.uleb128 0x3a
 471 007d 0B       		.uleb128 0xb
 472 007e 3B       		.uleb128 0x3b
 473 007f 0B       		.uleb128 0xb
 474 0080 27       		.uleb128 0x27
 475 0081 19       		.uleb128 0x19
 476 0082 49       		.uleb128 0x49
 477 0083 13       		.uleb128 0x13
 478 0084 11       		.uleb128 0x11
 479 0085 01       		.uleb128 0x1
 480 0086 12       		.uleb128 0x12
 481 0087 06       		.uleb128 0x6
 482 0088 40       		.uleb128 0x40
 483 0089 18       		.uleb128 0x18
 484 008a 9742     		.uleb128 0x2117
 485 008c 19       		.uleb128 0x19
 486 008d 00       		.byte	0
 487 008e 00       		.byte	0
 488 008f 0A       		.uleb128 0xa
 489 0090 2E       		.uleb128 0x2e
 490 0091 01       		.byte	0x1
ARM GAS  C:\Users\sur\AppData\Local\Temp\ccOBP0Z6.s 			page 12


 491 0092 3F       		.uleb128 0x3f
 492 0093 19       		.uleb128 0x19
 493 0094 03       		.uleb128 0x3
 494 0095 0E       		.uleb128 0xe
 495 0096 3A       		.uleb128 0x3a
 496 0097 0B       		.uleb128 0xb
 497 0098 3B       		.uleb128 0x3b
 498 0099 0B       		.uleb128 0xb
 499 009a 27       		.uleb128 0x27
 500 009b 19       		.uleb128 0x19
 501 009c 49       		.uleb128 0x49
 502 009d 13       		.uleb128 0x13
 503 009e 11       		.uleb128 0x11
 504 009f 01       		.uleb128 0x1
 505 00a0 12       		.uleb128 0x12
 506 00a1 06       		.uleb128 0x6
 507 00a2 40       		.uleb128 0x40
 508 00a3 18       		.uleb128 0x18
 509 00a4 9742     		.uleb128 0x2117
 510 00a6 19       		.uleb128 0x19
 511 00a7 00       		.byte	0
 512 00a8 00       		.byte	0
 513 00a9 00       		.byte	0
 514              		.section	.debug_loc,"",%progbits
 515              	.Ldebug_loc0:
 516              	.LLST0:
 517 0000 00000000 		.4byte	.LVL0
 518 0004 0C000000 		.4byte	.LVL2
 519 0008 0100     		.2byte	0x1
 520 000a 50       		.byte	0x50
 521 000b 0C000000 		.4byte	.LVL2
 522 000f 18000000 		.4byte	.LFE0
 523 0013 0400     		.2byte	0x4
 524 0015 F3       		.byte	0xf3
 525 0016 01       		.uleb128 0x1
 526 0017 50       		.byte	0x50
 527 0018 9F       		.byte	0x9f
 528 0019 00000000 		.4byte	0
 529 001d 00000000 		.4byte	0
 530              	.LLST1:
 531 0021 0A000000 		.4byte	.LVL1
 532 0025 10000000 		.4byte	.LVL3
 533 0029 0100     		.2byte	0x1
 534 002b 52       		.byte	0x52
 535 002c 10000000 		.4byte	.LVL3
 536 0030 18000000 		.4byte	.LFE0
 537 0034 0100     		.2byte	0x1
 538 0036 50       		.byte	0x50
 539 0037 00000000 		.4byte	0
 540 003b 00000000 		.4byte	0
 541              	.LLST2:
 542 003f 00000000 		.4byte	.LVL4
 543 0043 0A000000 		.4byte	.LVL5
 544 0047 0100     		.2byte	0x1
 545 0049 50       		.byte	0x50
 546 004a 0A000000 		.4byte	.LVL5
 547 004e 18000000 		.4byte	.LFE1
ARM GAS  C:\Users\sur\AppData\Local\Temp\ccOBP0Z6.s 			page 13


 548 0052 0400     		.2byte	0x4
 549 0054 F3       		.byte	0xf3
 550 0055 01       		.uleb128 0x1
 551 0056 50       		.byte	0x50
 552 0057 9F       		.byte	0x9f
 553 0058 00000000 		.4byte	0
 554 005c 00000000 		.4byte	0
 555              	.LLST3:
 556 0060 08000000 		.4byte	.LVL6
 557 0064 0C000000 		.4byte	.LVL7
 558 0068 0100     		.2byte	0x1
 559 006a 50       		.byte	0x50
 560 006b 0C000000 		.4byte	.LVL7
 561 006f 14000000 		.4byte	.LFE4
 562 0073 0400     		.2byte	0x4
 563 0075 72       		.byte	0x72
 564 0076 00       		.sleb128 0
 565 0077 06       		.byte	0x6
 566 0078 9F       		.byte	0x9f
 567 0079 00000000 		.4byte	0
 568 007d 00000000 		.4byte	0
 569              		.section	.debug_aranges,"",%progbits
 570 0000 3C000000 		.4byte	0x3c
 571 0004 0200     		.2byte	0x2
 572 0006 00000000 		.4byte	.Ldebug_info0
 573 000a 04       		.byte	0x4
 574 000b 00       		.byte	0
 575 000c 0000     		.2byte	0
 576 000e 0000     		.2byte	0
 577 0010 00000000 		.4byte	.LFB0
 578 0014 18000000 		.4byte	.LFE0-.LFB0
 579 0018 00000000 		.4byte	.LFB1
 580 001c 18000000 		.4byte	.LFE1-.LFB1
 581 0020 00000000 		.4byte	.LFB2
 582 0024 10000000 		.4byte	.LFE2-.LFB2
 583 0028 00000000 		.4byte	.LFB3
 584 002c 10000000 		.4byte	.LFE3-.LFB3
 585 0030 00000000 		.4byte	.LFB4
 586 0034 14000000 		.4byte	.LFE4-.LFB4
 587 0038 00000000 		.4byte	0
 588 003c 00000000 		.4byte	0
 589              		.section	.debug_ranges,"",%progbits
 590              	.Ldebug_ranges0:
 591 0000 00000000 		.4byte	.LFB0
 592 0004 18000000 		.4byte	.LFE0
 593 0008 00000000 		.4byte	.LFB1
 594 000c 18000000 		.4byte	.LFE1
 595 0010 00000000 		.4byte	.LFB2
 596 0014 10000000 		.4byte	.LFE2
 597 0018 00000000 		.4byte	.LFB3
 598 001c 10000000 		.4byte	.LFE3
 599 0020 00000000 		.4byte	.LFB4
 600 0024 14000000 		.4byte	.LFE4
 601 0028 00000000 		.4byte	0
 602 002c 00000000 		.4byte	0
 603              		.section	.debug_line,"",%progbits
 604              	.Ldebug_line0:
ARM GAS  C:\Users\sur\AppData\Local\Temp\ccOBP0Z6.s 			page 14


 605 0000 A9000000 		.section	.debug_str,"MS",%progbits,1
 605      02004600 
 605      00000201 
 605      FB0E0D00 
 605      01010101 
 606              	.LASF14:
 607 0000 72656733 		.ascii	"reg32\000"
 607      3200
 608              	.LASF17:
 609 0006 76616C75 		.ascii	"value\000"
 609      6500
 610              	.LASF21:
 611 000c 474C4344 		.ascii	"GLCD_SCLK_ClearInterrupt\000"
 611      5F53434C 
 611      4B5F436C 
 611      65617249 
 611      6E746572 
 612              	.LASF16:
 613 0025 474C4344 		.ascii	"GLCD_SCLK_SetDriveMode\000"
 613      5F53434C 
 613      4B5F5365 
 613      74447269 
 613      76654D6F 
 614              	.LASF11:
 615 003c 666C6F61 		.ascii	"float\000"
 615      7400
 616              	.LASF1:
 617 0042 756E7369 		.ascii	"unsigned char\000"
 617      676E6564 
 617      20636861 
 617      7200
 618              	.LASF22:
 619 0050 64725661 		.ascii	"drVal\000"
 619      6C00
 620              	.LASF5:
 621 0056 6C6F6E67 		.ascii	"long unsigned int\000"
 621      20756E73 
 621      69676E65 
 621      6420696E 
 621      7400
 622              	.LASF3:
 623 0068 73686F72 		.ascii	"short unsigned int\000"
 623      7420756E 
 623      7369676E 
 623      65642069 
 623      6E7400
 624              	.LASF25:
 625 007b 47656E65 		.ascii	"Generated_Source\\PSoC4\\GLCD_SCLK.c\000"
 625      72617465 
 625      645F536F 
 625      75726365 
 625      5C50536F 
 626              	.LASF20:
 627 009e 474C4344 		.ascii	"GLCD_SCLK_ReadDataReg\000"
 627      5F53434C 
 627      4B5F5265 
 627      61644461 
ARM GAS  C:\Users\sur\AppData\Local\Temp\ccOBP0Z6.s 			page 15


 627      74615265 
 628              	.LASF12:
 629 00b4 646F7562 		.ascii	"double\000"
 629      6C6500
 630              	.LASF26:
 631 00bb 433A5C55 		.ascii	"C:\\Users\\sur\\Documents\\PSoC Creator\\StarBlaste"
 631      73657273 
 631      5C737572 
 631      5C446F63 
 631      756D656E 
 632 00e9 725C5374 		.ascii	"r\\StarBlaster.cydsn\000"
 632      6172426C 
 632      61737465 
 632      722E6379 
 632      64736E00 
 633              	.LASF19:
 634 00fd 474C4344 		.ascii	"GLCD_SCLK_Read\000"
 634      5F53434C 
 634      4B5F5265 
 634      616400
 635              	.LASF10:
 636 010c 75696E74 		.ascii	"uint32\000"
 636      333200
 637              	.LASF8:
 638 0113 756E7369 		.ascii	"unsigned int\000"
 638      676E6564 
 638      20696E74 
 638      00
 639              	.LASF7:
 640 0120 6C6F6E67 		.ascii	"long long unsigned int\000"
 640      206C6F6E 
 640      6720756E 
 640      7369676E 
 640      65642069 
 641              	.LASF18:
 642 0137 6D6F6465 		.ascii	"mode\000"
 642      00
 643              	.LASF15:
 644 013c 474C4344 		.ascii	"GLCD_SCLK_Write\000"
 644      5F53434C 
 644      4B5F5772 
 644      69746500 
 645              	.LASF24:
 646 014c 474E5520 		.ascii	"GNU C11 5.4.1 20160609 (release) [ARM/embedded-5-br"
 646      43313120 
 646      352E342E 
 646      31203230 
 646      31363036 
 647 017f 616E6368 		.ascii	"anch revision 237715] -mcpu=cortex-m0 -mthumb -g -O"
 647      20726576 
 647      6973696F 
 647      6E203233 
 647      37373135 
 648 01b2 67202D66 		.ascii	"g -ffunction-sections -ffat-lto-objects\000"
 648      66756E63 
 648      74696F6E 
 648      2D736563 
ARM GAS  C:\Users\sur\AppData\Local\Temp\ccOBP0Z6.s 			page 16


 648      74696F6E 
 649              	.LASF6:
 650 01da 6C6F6E67 		.ascii	"long long int\000"
 650      206C6F6E 
 650      6720696E 
 650      7400
 651              	.LASF23:
 652 01e8 6D61736B 		.ascii	"maskedStatus\000"
 652      65645374 
 652      61747573 
 652      00
 653              	.LASF13:
 654 01f5 63686172 		.ascii	"char\000"
 654      00
 655              	.LASF2:
 656 01fa 73686F72 		.ascii	"short int\000"
 656      7420696E 
 656      7400
 657              	.LASF9:
 658 0204 75696E74 		.ascii	"uint8\000"
 658      3800
 659              	.LASF4:
 660 020a 6C6F6E67 		.ascii	"long int\000"
 660      20696E74 
 660      00
 661              	.LASF0:
 662 0213 7369676E 		.ascii	"signed char\000"
 662      65642063 
 662      68617200 
 663              		.ident	"GCC: (GNU Tools for ARM Embedded Processors) 5.4.1 20160609 (release) [ARM/embedded-5-bran
