Archive member included to satisfy reference by file (symbol)

.\CortexM0\ARM_GCC_541\Debug\StarBlaster.a(LED_Red.o)
                              .\CortexM0\ARM_GCC_541\Debug\main.o (LED_Red_Write)
.\CortexM0\ARM_GCC_541\Debug\StarBlaster.a(LED_Blue.o)
                              .\CortexM0\ARM_GCC_541\Debug\main.o (LED_Blue_Write)
.\CortexM0\ARM_GCC_541\Debug\StarBlaster.a(LED_Green.o)
                              .\CortexM0\ARM_GCC_541\Debug\main.o (LED_Green_Write)
.\CortexM0\ARM_GCC_541\Debug\StarBlaster.a(Backlight.o)
                              .\CortexM0\ARM_GCC_541\Debug\main.o (Backlight_Write)
.\CortexM0\ARM_GCC_541\Debug\StarBlaster.a(A.o)
                              .\CortexM0\ARM_GCC_541\Debug\main.o (A_Read)
.\CortexM0\ARM_GCC_541\Debug\StarBlaster.a(B.o)
                              .\CortexM0\ARM_GCC_541\Debug\main.o (B_Read)
.\CortexM0\ARM_GCC_541\Debug\StarBlaster.a(C.o)
                              .\CortexM0\ARM_GCC_541\Debug\main.o (C_Read)
.\CortexM0\ARM_GCC_541\Debug\StarBlaster.a(D.o)
                              .\CortexM0\ARM_GCC_541\Debug\main.o (D_Read)
.\CortexM0\ARM_GCC_541\Debug\StarBlaster.a(Joy_Center.o)
                              .\CortexM0\ARM_GCC_541\Debug\main.o (Joy_Center_Read)
.\CortexM0\ARM_GCC_541\Debug\StarBlaster.a(CyLib.o)
                              .\CortexM0\ARM_GCC_541\Debug\cyfitter_cfg.o (CyIntEnable)
.\CortexM0\ARM_GCC_541\Debug\StarBlaster.a(CyLFClk.o)
                              .\CortexM0\ARM_GCC_541\Debug\cyfitter_cfg.o (CySysWdtIsr)
.\CortexM0\ARM_GCC_541\Debug\StarBlaster.a(GLCD.o)
                              .\CortexM0\ARM_GCC_541\Debug\main.o (GLCD_Clear)
.\CortexM0\ARM_GCC_541\Debug\StarBlaster.a(GLCD_Font.o)
                              .\CortexM0\ARM_GCC_541\Debug\main.o (GLCD_FONT8x16)
.\CortexM0\ARM_GCC_541\Debug\StarBlaster.a(GLCD_Reset.o)
                              .\CortexM0\ARM_GCC_541\Debug\StarBlaster.a(GLCD.o) (GLCD_Reset_Write)
.\CortexM0\ARM_GCC_541\Debug\StarBlaster.a(GLCD_SPIM_UDB.o)
                              .\CortexM0\ARM_GCC_541\Debug\StarBlaster.a(GLCD.o) (GLCD_SPIM_UDB_ReadTxStatus)
.\CortexM0\ARM_GCC_541\Debug\StarBlaster.a(GLCD_SPIM_UDB_IntClock.o)
                              .\CortexM0\ARM_GCC_541\Debug\StarBlaster.a(GLCD_SPIM_UDB.o) (GLCD_SPIM_UDB_IntClock_Start)
.\CortexM0\ARM_GCC_541\Debug\StarBlaster.a(CyBootAsmGnu.o)
                              .\CortexM0\ARM_GCC_541\Debug\StarBlaster.a(CyLib.o) (CyDelayCycles)
c:/program files (x86)/cypress/psoc creator/4.2/psoc creator/import/gnu/arm/5.4.1/bin/../lib/gcc/arm-none-eabi/5.4.1/armv6-m\libgcc.a(_udivsi3.o)
                              .\CortexM0\ARM_GCC_541\Debug\StarBlaster.a(CyLib.o) (__aeabi_uidiv)
c:/program files (x86)/cypress/psoc creator/4.2/psoc creator/import/gnu/arm/5.4.1/bin/../lib/gcc/arm-none-eabi/5.4.1/armv6-m\libgcc.a(_divsi3.o)
                              .\CortexM0\ARM_GCC_541\Debug\main.o (__aeabi_idivmod)
c:/program files (x86)/cypress/psoc creator/4.2/psoc creator/import/gnu/arm/5.4.1/bin/../lib/gcc/arm-none-eabi/5.4.1/armv6-m\libgcc.a(_dvmd_tls.o)
                              c:/program files (x86)/cypress/psoc creator/4.2/psoc creator/import/gnu/arm/5.4.1/bin/../lib/gcc/arm-none-eabi/5.4.1/armv6-m\libgcc.a(_udivsi3.o) (__aeabi_idiv0)
c:/program files (x86)/cypress/psoc creator/4.2/psoc creator/import/gnu/arm/5.4.1/bin/../lib/gcc/arm-none-eabi/5.4.1/../../../../arm-none-eabi/lib/armv6-m\libg_nano.a(lib_a-errno.o)
                              .\CortexM0\ARM_GCC_541\Debug\Cm0Start.o (__errno)
c:/program files (x86)/cypress/psoc creator/4.2/psoc creator/import/gnu/arm/5.4.1/bin/../lib/gcc/arm-none-eabi/5.4.1/../../../../arm-none-eabi/lib/armv6-m\libg_nano.a(lib_a-exit.o)
                              c:/program files (x86)/cypress/psoc creator/4.2/psoc creator/import/gnu/arm/5.4.1/bin/../lib/gcc/arm-none-eabi/5.4.1/../../../../arm-none-eabi/lib/armv6-m/crt0.o (exit)
c:/program files (x86)/cypress/psoc creator/4.2/psoc creator/import/gnu/arm/5.4.1/bin/../lib/gcc/arm-none-eabi/5.4.1/../../../../arm-none-eabi/lib/armv6-m\libg_nano.a(lib_a-impure.o)
                              c:/program files (x86)/cypress/psoc creator/4.2/psoc creator/import/gnu/arm/5.4.1/bin/../lib/gcc/arm-none-eabi/5.4.1/../../../../arm-none-eabi/lib/armv6-m\libg_nano.a(lib_a-exit.o) (_global_impure_ptr)
c:/program files (x86)/cypress/psoc creator/4.2/psoc creator/import/gnu/arm/5.4.1/bin/../lib/gcc/arm-none-eabi/5.4.1/../../../../arm-none-eabi/lib/armv6-m\libg_nano.a(lib_a-init.o)
                              c:/program files (x86)/cypress/psoc creator/4.2/psoc creator/import/gnu/arm/5.4.1/bin/../lib/gcc/arm-none-eabi/5.4.1/../../../../arm-none-eabi/lib/armv6-m/crt0.o (__libc_init_array)
c:/program files (x86)/cypress/psoc creator/4.2/psoc creator/import/gnu/arm/5.4.1/bin/../lib/gcc/arm-none-eabi/5.4.1/../../../../arm-none-eabi/lib/armv6-m\libg_nano.a(lib_a-memcpy-stub.o)
[...]
Memory Configuration

Name             Origin             Length             Attributes
rom              0x00000000         0x00008000         xr
ram              0x20000000         0x00001000         xrw
*default*        0x00000000         0xffffffff

Linker script and memory map

LOAD c:/program files (x86)/cypress/psoc creator/4.2/psoc creator/import/gnu/arm/5.4.1/bin/../lib/gcc/arm-none-eabi/5.4.1/armv6-m/crti.o
LOAD c:/program files (x86)/cypress/psoc creator/4.2/psoc creator/import/gnu/arm/5.4.1/bin/../lib/gcc/arm-none-eabi/5.4.1/armv6-m/crtbegin.o
LOAD c:/program files (x86)/cypress/psoc creator/4.2/psoc creator/import/gnu/arm/5.4.1/bin/../lib/gcc/arm-none-eabi/5.4.1/../../../../arm-none-eabi/lib/armv6-m/crt0.o
START GROUP
LOAD .\CortexM0\ARM_GCC_541\Debug\main.o
LOAD .\CortexM0\ARM_GCC_541\Debug\cyfitter_cfg.o
LOAD .\CortexM0\ARM_GCC_541\Debug\cymetadata.o
LOAD .\CortexM0\ARM_GCC_541\Debug\Cm0Start.o
LOAD .\CortexM0\ARM_GCC_541\Debug\StarBlaster.a
END GROUP
START GROUP
LOAD c:/program files (x86)/cypress/psoc creator/4.2/psoc creator/import/gnu/arm/5.4.1/bin/../lib/gcc/arm-none-eabi/5.4.1/armv6-m\libgcc.a
LOAD c:/program files (x86)/cypress/psoc creator/4.2/psoc creator/import/gnu/arm/5.4.1/bin/../lib/gcc/arm-none-eabi/5.4.1/../../../../arm-none-eabi/lib/armv6-m\libg_nano.a
LOAD c:/program files (x86)/cypress/psoc creator/4.2/psoc creator/import/gnu/arm/5.4.1/bin/../lib/gcc/arm-none-eabi/5.4.1/../../../../arm-none-eabi/lib/armv6-m\libc_nano.a
END GROUP
START GROUP
LOAD c:/program files (x86)/cypress/psoc creator/4.2/psoc creator/import/gnu/arm/5.4.1/bin/../lib/gcc/arm-none-eabi/5.4.1/armv6-m\libgcc.a
LOAD c:/program files (x86)/cypress/psoc creator/4.2/psoc creator/import/gnu/arm/5.4.1/bin/../lib/gcc/arm-none-eabi/5.4.1/../../../../arm-none-eabi/lib/armv6-m\libc_nano.a
END GROUP
LOAD c:/program files (x86)/cypress/psoc creator/4.2/psoc creator/import/gnu/arm/5.4.1/bin/../lib/gcc/arm-none-eabi/5.4.1/armv6-m/crtend.o
LOAD c:/program files (x86)/cypress/psoc creator/4.2/psoc creator/import/gnu/arm/5.4.1/bin/../lib/gcc/arm-none-eabi/5.4.1/armv6-m/crtn.o
START GROUP
LOAD c:/program files (x86)/cypress/psoc creator/4.2/psoc creator/import/gnu/arm/5.4.1/bin/../lib/gcc/arm-none-eabi/5.4.1/armv6-m\libgcc.a
LOAD c:/program files (x86)/cypress/psoc creator/4.2/psoc creator/import/gnu/arm/5.4.1/bin/../lib/gcc/arm-none-eabi/5.4.1/../../../../arm-none-eabi/lib/armv6-m\libc.a
LOAD c:/program files (x86)/cypress/psoc creator/4.2/psoc creator/import/gnu/arm/5.4.1/bin/../lib/gcc/arm-none-eabi/5.4.1/../../../../arm-none-eabi/lib/armv6-m\libnosys.a
END GROUP
                0x00000000                CY_APPL_ORIGIN = 0x0
                0x00000080                CY_FLASH_ROW_SIZE = 0x80
                0x00000001                CY_APPL_NUM = 0x1
                0x00000001                CY_APPL_MAX = 0x1
                0x00000040                CY_METADATA_SIZE = 0x40
                0x00000000                CY_APPL_LOADABLE = 0x0
                0x00000000                CY_CHECKSUM_EXCLUDE_SIZE = ALIGN (0x0, CY_FLASH_ROW_SIZE)
                0x00000000                CY_APP_FOR_STACK_AND_COPIER = 0x0
                [!provide]                PROVIDE (__cy_heap_start, _end)
                0x00000001                PROVIDE (__cy_region_num, ((__cy_regions_end - __cy_regions) / 0x10))
                0x20001000                PROVIDE (__cy_stack, (ORIGIN (ram) + LENGTH (ram)))
                [!provide]                PROVIDE (__cy_heap_end, (__cy_stack - 0x400))

.cybootloader   0x00000000        0x0
 *(.cybootloader)
                0x00000000                appl1_start = CY_APPL_ORIGIN?CY_APPL_ORIGIN:ALIGN (CY_FLASH_ROW_SIZE)
                0x00003f80                appl2_start = (appl1_start + ALIGN ((((LENGTH (rom) - appl1_start) - (0x2 * CY_FLASH_ROW_SIZE)) / 0x2), CY_FLASH_ROW_SIZE))
                0x00000000                appl_start = (CY_APPL_NUM == 0x1)?appl1_start:appl2_start
                0x00000001                cy_project_type_bootloader = (appl_start == 0x0)?0x1:0x0
                0x00000000                cy_project_type_app_for_stack_and_copier = (CY_APP_FOR_STACK_AND_COPIER == 0x1)?0x1:0x0

.text           0x00000000     0x1274
 CREATE_OBJECT_SYMBOLS
                0x00000000                PROVIDE (__cy_interrupt_vector, RomVectors)
 *(.romvectors)
 .romvectors    0x00000000       0x10 .\CortexM0\ARM_GCC_541\Debug\Cm0Start.o
                0x00000000                RomVectors
                0x00000001                ASSERT ((. != __cy_interrupt_vector), No interrupt vector)
                0x00000001                ASSERT (CY_APPL_ORIGIN?(SIZEOF (.cybootloader) <= CY_APPL_ORIGIN):0x1, Wrong image location)
                0x00000010                PROVIDE (__cy_reset, Reset)
 *(.text.Reset)
 .text.Reset    0x00000010        0x8 .\CortexM0\ARM_GCC_541\Debug\Cm0Start.o
                0x00000010                Reset
                0x00000001                ASSERT ((. != __cy_reset), No reset code)
 *(.psocinit)
 .psocinit      0x00000018      0x1ac .\CortexM0\ARM_GCC_541\Debug\cyfitter_cfg.o
                0x00000090                cyfitter_cfg
                0x000001c4                . = MAX (., 0x100)
 *(.text .text.* .gnu.linkonce.t.*)
 .text          0x000001c4       0x60 c:/program files (x86)/cypress/psoc creator/4.2/psoc creator/import/gnu/arm/5.4.1/bin/../lib/gcc/arm-none-eabi/5.4.1/armv6-m/crtbegin.o
 .text.crosshair
                0x00000224       0x38 .\CortexM0\ARM_GCC_541\Debug\main.o
                0x00000224                crosshair
 .text.fire1    0x0000025c       0x48 .\CortexM0\ARM_GCC_541\Debug\main.o
                0x0000025c                fire1
 .text.fire2    0x000002a4       0x38 .\CortexM0\ARM_GCC_541\Debug\main.o
                0x000002a4                fire2
 .text.main     0x000002dc      0x20c .\CortexM0\ARM_GCC_541\Debug\main.o
                0x000002dc                main
 .text.cfg_write_bytes32
                0x000004e8       0x34 .\CortexM0\ARM_GCC_541\Debug\cyfitter_cfg.o
 .text.CYMEMZERO
                0x0000051c        0xc .\CortexM0\ARM_GCC_541\Debug\cyfitter_cfg.o
 .text.CYCONFIGCPYCODE
                0x00000528        0x8 .\CortexM0\ARM_GCC_541\Debug\cyfitter_cfg.o
 .text.IntDefaultHandler
                0x00000530       0x10 .\CortexM0\ARM_GCC_541\Debug\Cm0Start.o
                0x00000530                IntDefaultHandler
 .text._sbrk    0x00000540       0x30 .\CortexM0\ARM_GCC_541\Debug\Cm0Start.o
                0x00000540                _sbrk
 .text.Start_c  0x00000570       0x48 .\CortexM0\ARM_GCC_541\Debug\Cm0Start.o
                0x00000570                Start_c
 .text.initialize_psoc
                0x000005b8       0x40 .\CortexM0\ARM_GCC_541\Debug\Cm0Start.o
                0x000005b8                initialize_psoc
 .text.LED_Red_Write
                0x000005f8       0x18 .\CortexM0\ARM_GCC_541\Debug\StarBlaster.a(LED_Red.o)
                0x000005f8                LED_Red_Write
 .text.LED_Red_Read
                0x00000610       0x10 .\CortexM0\ARM_GCC_541\Debug\StarBlaster.a(LED_Red.o)
                0x00000610                LED_Red_Read
 .text.LED_Blue_Write
                0x00000620       0x18 .\CortexM0\ARM_GCC_541\Debug\StarBlaster.a(LED_Blue.o)
                0x00000620                LED_Blue_Write
 .text.LED_Green_Write
                0x00000638       0x18 .\CortexM0\ARM_GCC_541\Debug\StarBlaster.a(LED_Green.o)
                0x00000638                LED_Green_Write
 .text.Backlight_Write
                0x00000650       0x18 .\CortexM0\ARM_GCC_541\Debug\StarBlaster.a(Backlight.o)
                0x00000650                Backlight_Write
 .text.A_Read   0x00000668       0x10 .\CortexM0\ARM_GCC_541\Debug\StarBlaster.a(A.o)
                0x00000668                A_Read
 .text.B_Read   0x00000678       0x10 .\CortexM0\ARM_GCC_541\Debug\StarBlaster.a(B.o)
                0x00000678                B_Read
 .text.C_Read   0x00000688       0x10 .\CortexM0\ARM_GCC_541\Debug\StarBlaster.a(C.o)
                0x00000688                C_Read
 .text.D_Read   0x00000698       0x10 .\CortexM0\ARM_GCC_541\Debug\StarBlaster.a(D.o)
                0x00000698                D_Read
 .text.Joy_Center_Read
                0x000006a8       0x10 .\CortexM0\ARM_GCC_541\Debug\StarBlaster.a(Joy_Center.o)
                0x000006a8                Joy_Center_Read
 .text.CyIntEnable
                0x000006b8       0x14 .\CortexM0\ARM_GCC_541\Debug\StarBlaster.a(CyLib.o)
                0x000006b8                CyIntEnable
 .text.CyHalt   0x000006cc        0x4 .\CortexM0\ARM_GCC_541\Debug\StarBlaster.a(CyLib.o)
                0x000006cc                CyHalt
 .text.CyIntSetVector
                0x000006d0       0x24 .\CortexM0\ARM_GCC_541\Debug\StarBlaster.a(CyLib.o)
                0x000006d0                CyIntSetVector
 .text.CyDelay  0x000006f4       0x30 .\CortexM0\ARM_GCC_541\Debug\StarBlaster.a(CyLib.o)
                0x000006f4                CyDelay
 .text.CyDelayUs
                0x00000724       0x14 .\CortexM0\ARM_GCC_541\Debug\StarBlaster.a(CyLib.o)
                0x00000724                CyDelayUs
 .text.CySysClkWriteImoFreq
                0x00000738      0x164 .\CortexM0\ARM_GCC_541\Debug\StarBlaster.a(CyLib.o)
                0x00000738                CySysClkWriteImoFreq
 .text.CySysWdtLocked
                0x0000089c       0x14 .\CortexM0\ARM_GCC_541\Debug\StarBlaster.a(CyLFClk.o)
 .text.CySysWdtLock
                0x000008b0       0x1c .\CortexM0\ARM_GCC_541\Debug\StarBlaster.a(CyLFClk.o)
                0x000008b0                CySysWdtLock
 .text.CySysWdtUnlock
                0x000008cc       0x30 .\CortexM0\ARM_GCC_541\Debug\StarBlaster.a(CyLFClk.o)
                0x000008cc                CySysWdtUnlock
 .text.CySysWdtClearInterrupt
                0x000008fc       0x4c .\CortexM0\ARM_GCC_541\Debug\StarBlaster.a(CyLFClk.o)
                0x000008fc                CySysWdtClearInterrupt
 .text.CySysWdtIsr
                0x00000948       0xa4 .\CortexM0\ARM_GCC_541\Debug\StarBlaster.a(CyLFClk.o)
                0x00000948                CySysWdtIsr
 .text.GLCD_Command
                0x000009ec       0x18 .\CortexM0\ARM_GCC_541\Debug\StarBlaster.a(GLCD.o)
                0x000009ec                GLCD_Command
 .text.GLCD_Data
                0x00000a04       0x1c .\CortexM0\ARM_GCC_541\Debug\StarBlaster.a(GLCD.o)
                0x00000a04                GLCD_Data
 .text.GLCD_Clear
                0x00000a20       0x60 .\CortexM0\ARM_GCC_541\Debug\StarBlaster.a(GLCD.o)
                0x00000a20                GLCD_Clear
 .text.GLCD_Contrast
                0x00000a80       0x14 .\CortexM0\ARM_GCC_541\Debug\StarBlaster.a(GLCD.o)
                0x00000a80                GLCD_Contrast
 .text.GLCD_Start
                0x00000a94       0x68 .\CortexM0\ARM_GCC_541\Debug\StarBlaster.a(GLCD.o)
                0x00000a94                GLCD_Start
 .text.GLCD_Pixel
                0x00000afc       0x50 .\CortexM0\ARM_GCC_541\Debug\StarBlaster.a(GLCD.o)
                0x00000afc                GLCD_Pixel
 .text.GLCD_DrawCircle
                0x00000b4c       0xfc .\CortexM0\ARM_GCC_541\Debug\StarBlaster.a(GLCD.o)
                0x00000b4c                GLCD_DrawCircle
 .text.GLCD_DrawLine
                0x00000c48       0xac .\CortexM0\ARM_GCC_541\Debug\StarBlaster.a(GLCD.o)
                0x00000c48                GLCD_DrawLine
 .text.GLCD_Reset_Write
                0x00000cf4       0x18 .\CortexM0\ARM_GCC_541\Debug\StarBlaster.a(GLCD_Reset.o)
                0x00000cf4                GLCD_Reset_Write
 .text.GLCD_SPIM_UDB_Enable
                0x00000d0c       0x40 .\CortexM0\ARM_GCC_541\Debug\StarBlaster.a(GLCD_SPIM_UDB.o)
                0x00000d0c                GLCD_SPIM_UDB_Enable
 .text.GLCD_SPIM_UDB_ReadTxStatus
                0x00000d4c        0xc .\CortexM0\ARM_GCC_541\Debug\StarBlaster.a(GLCD_SPIM_UDB.o)
                0x00000d4c                GLCD_SPIM_UDB_ReadTxStatus
 .text.GLCD_SPIM_UDB_ReadRxStatus
                0x00000d58        0xc .\CortexM0\ARM_GCC_541\Debug\StarBlaster.a(GLCD_SPIM_UDB.o)
                0x00000d58                GLCD_SPIM_UDB_ReadRxStatus
 .text.GLCD_SPIM_UDB_WriteTxData
                0x00000d64       0x18 .\CortexM0\ARM_GCC_541\Debug\StarBlaster.a(GLCD_SPIM_UDB.o)
                0x00000d64                GLCD_SPIM_UDB_WriteTxData
 .text.GLCD_SPIM_UDB_ClearFIFO
                0x00000d7c       0x50 .\CortexM0\ARM_GCC_541\Debug\StarBlaster.a(GLCD_SPIM_UDB.o)
                0x00000d7c                GLCD_SPIM_UDB_ClearFIFO
 .text.GLCD_SPIM_UDB_Init
                0x00000dcc       0x2c .\CortexM0\ARM_GCC_541\Debug\StarBlaster.a(GLCD_SPIM_UDB.o)
                0x00000dcc                GLCD_SPIM_UDB_Init
 .text.GLCD_SPIM_UDB_Start
                0x00000df8       0x20 .\CortexM0\ARM_GCC_541\Debug\StarBlaster.a(GLCD_SPIM_UDB.o)
                0x00000df8                GLCD_SPIM_UDB_Start
 .text.GLCD_SPIM_UDB_IntClock_Start
                0x00000e18       0x14 .\CortexM0\ARM_GCC_541\Debug\StarBlaster.a(GLCD_SPIM_UDB_IntClock.o)
                0x00000e18                GLCD_SPIM_UDB_IntClock_Start
 *fill*         0x00000e2c        0x4 
 .text          0x00000e30       0x24 .\CortexM0\ARM_GCC_541\Debug\StarBlaster.a(CyBootAsmGnu.o)
                0x00000e30                CyDelayCycles
                0x00000e44                CyEnterCriticalSection
                0x00000e4c                CyExitCriticalSection
 .text          0x00000e54      0x1d4 c:/program files (x86)/cypress/psoc creator/4.2/psoc creator/import/gnu/arm/5.4.1/bin/../lib/gcc/arm-none-eabi/5.4.1/armv6-m\libgcc.a(_divsi3.o)
                0x00000e54                __divsi3
                0x00000e54                __aeabi_idiv
                0x00001020                __aeabi_idivmod
 .text          0x00001028        0x4 c:/program files (x86)/cypress/psoc creator/4.2/psoc creator/import/gnu/arm/5.4.1/bin/../lib/gcc/arm-none-eabi/5.4.1/armv6-m\libgcc.a(_dvmd_tls.o)
                0x00001028                __aeabi_idiv0
                0x00001028                __aeabi_ldiv0
 .text.__errno  0x0000102c        0xc c:/program files (x86)/cypress/psoc creator/4.2/psoc creator/import/gnu/arm/5.4.1/bin/../lib/gcc/arm-none-eabi/5.4.1/../../../../arm-none-eabi/lib/armv6-m\libg_nano.a(lib_a-errno.o)
                0x0000102c                __errno
 .text.__libc_init_array
                0x00001038       0x4c c:/program files (x86)/cypress/psoc creator/4.2/psoc creator/import/gnu/arm/5.4.1/bin/../lib/gcc/arm-none-eabi/5.4.1/../../../../arm-none-eabi/lib/armv6-m\libg_nano.a(lib_a-init.o)
                0x00001038                __libc_init_array
 .text.memcpy   0x00001084       0x12 c:/program files (x86)/cypress/psoc creator/4.2/psoc creator/import/gnu/arm/5.4.1/bin/../lib/gcc/arm-none-eabi/5.4.1/../../../../arm-none-eabi/lib/armv6-m\libg_nano.a(lib_a-memcpy-stub.o)
                0x00001084                memcpy
 .text.memset   0x00001096       0x10 c:/program files (x86)/cypress/psoc creator/4.2/psoc creator/import/gnu/arm/5.4.1/bin/../lib/gcc/arm-none-eabi/5.4.1/../../../../arm-none-eabi/lib/armv6-m\libg_nano.a(lib_a-memset.o)
                0x00001096                memset
 *fill*         0x000010a6        0x2 
 .text.rand     0x000010a8       0x78 c:/program files (x86)/cypress/psoc creator/4.2/psoc creator/import/gnu/arm/5.4.1/bin/../lib/gcc/arm-none-eabi/5.4.1/../../../../arm-none-eabi/lib/armv6-m\libg_nano.a(lib_a-rand.o)
                0x000010a8                rand
 .text.malloc   0x00001120       0x14 c:/program files (x86)/cypress/psoc creator/4.2/psoc creator/import/gnu/arm/5.4.1/bin/../lib/gcc/arm-none-eabi/5.4.1/../../../../arm-none-eabi/lib/armv6-m\libg_nano.a(lib_a-malloc.o)
                0x00001120                malloc
 .text._malloc_r
                0x00001134       0xc0 c:/program files (x86)/cypress/psoc creator/4.2/psoc creator/import/gnu/arm/5.4.1/bin/../lib/gcc/arm-none-eabi/5.4.1/../../../../arm-none-eabi/lib/armv6-m\libg_nano.a(lib_a-nano-mallocr.o)
                0x00001134                _malloc_r
 .text._sbrk_r  0x000011f4       0x24 c:/program files (x86)/cypress/psoc creator/4.2/psoc creator/import/gnu/arm/5.4.1/bin/../lib/gcc/arm-none-eabi/5.4.1/../../../../arm-none-eabi/lib/armv6-m\libg_nano.a(lib_a-sbrkr.o)
                0x000011f4                _sbrk_r
 .text.__malloc_lock
                0x00001218        0x2 c:/program files (x86)/cypress/psoc creator/4.2/psoc creator/import/gnu/arm/5.4.1/bin/../lib/gcc/arm-none-eabi/5.4.1/../../../../arm-none-eabi/lib/armv6-m\libg_nano.a(lib_a-mlock.o)
                0x00001218                __malloc_lock
 .text.__malloc_unlock
                0x0000121a        0x2 c:/program files (x86)/cypress/psoc creator/4.2/psoc creator/import/gnu/arm/5.4.1/bin/../lib/gcc/arm-none-eabi/5.4.1/../../../../arm-none-eabi/lib/armv6-m\libg_nano.a(lib_a-mlock.o)
                0x0000121a                __malloc_unlock
 .text          0x0000121c       0x58 c:/program files (x86)/cypress/psoc creator/4.2/psoc creator/import/gnu/arm/5.4.1/bin/../lib/gcc/arm-none-eabi/5.4.1/armv6-m\libgcc.a(_muldi3.o)
                0x0000121c                __muldi3
                0x0000121c                __aeabi_lmul
 *(.plt)
 *(.gnu.warning)
 *(.glue_7t)
 .glue_7t       0x00001274        0x0 linker stubs
 *(.glue_7)
 .glue_7        0x00001274        0x0 linker stubs
 *(.vfp11_veneer)
 .vfp11_veneer  0x00001274        0x0 linker stubs
 *(.bootloader)
 *(.ARM.extab* .gnu.linkonce.armextab.*)
 *(.gcc_except_table)

.v4_bx          0x00001274        0x0
 .v4_bx         0x00001274        0x0 linker stubs

.iplt           0x00001274        0x0
 .iplt          0x00001274        0x0 c:/program files (x86)/cypress/psoc creator/4.2/psoc creator/import/gnu/arm/5.4.1/bin/../lib/gcc/arm-none-eabi/5.4.1/armv6-m/crtbegin.o

.eh_frame_hdr
 *(.eh_frame_hdr)

.eh_frame       0x00001274        0x4
 *(.eh_frame)
 .eh_frame      0x00001274        0x0 c:/program files (x86)/cypress/psoc creator/4.2/psoc creator/import/gnu/arm/5.4.1/bin/../lib/gcc/arm-none-eabi/5.4.1/armv6-m/crtbegin.o
 .eh_frame      0x00001274        0x4 c:/program files (x86)/cypress/psoc creator/4.2/psoc creator/import/gnu/arm/5.4.1/bin/../lib/gcc/arm-none-eabi/5.4.1/armv6-m/crtend.o
                [!provide]                PROVIDE (__exidx_start, .)

.ARM.exidx
 *(.ARM.exidx* .gnu.linkonce.armexidx.*)
                0x00001278                __exidx_end = .

.rodata         0x00001278      0x2c0
 *(.rodata .rodata.* .gnu.linkonce.r.*)
 .rodata        0x00001278      0x258 .\CortexM0\ARM_GCC_541\Debug\cyfitter_cfg.o
 .rodata        0x000014d0       0x2e .\CortexM0\ARM_GCC_541\Debug\StarBlaster.a(CyLib.o)
                0x000014d0                cyImoFreqMhz2Reg
 .rodata.str1.1
                0x000014fe        0x2 c:/program files (x86)/cypress/psoc creator/4.2/psoc creator/import/gnu/arm/5.4.1/bin/../lib/gcc/arm-none-eabi/5.4.1/../../../../arm-none-eabi/lib/armv6-m\libg_nano.a(lib_a-impure.o)
                0x00001500                . = ALIGN (0x4)
 *(.init)
 .init          0x00001500        0x4 c:/program files (x86)/cypress/psoc creator/4.2/psoc creator/import/gnu/arm/5.4.1/bin/../lib/gcc/arm-none-eabi/5.4.1/armv6-m/crti.o
                0x00001500                _init
 .init          0x00001504        0x8 c:/program files (x86)/cypress/psoc creator/4.2/psoc creator/import/gnu/arm/5.4.1/bin/../lib/gcc/arm-none-eabi/5.4.1/armv6-m/crtn.o
                0x0000150c                . = ALIGN (0x4)
                0x0000150c                __preinit_array_start = .
 *(.preinit_array)
                0x0000150c                __preinit_array_end = .
                0x0000150c                . = ALIGN (0x4)
                0x0000150c                __init_array_start = .
 *(SORT(.init_array.*))
 *(.init_array)
 .init_array    0x0000150c        0x4 c:/program files (x86)/cypress/psoc creator/4.2/psoc creator/import/gnu/arm/5.4.1/bin/../lib/gcc/arm-none-eabi/5.4.1/armv6-m/crtbegin.o
 .init_array    0x00001510        0x4 .\CortexM0\ARM_GCC_541\Debug\Cm0Start.o
                0x00001514                __init_array_end = .
                0x00001514                . = ALIGN (0x4)
 *(.fini)
 .fini          0x00001514        0x4 c:/program files (x86)/cypress/psoc creator/4.2/psoc creator/import/gnu/arm/5.4.1/bin/../lib/gcc/arm-none-eabi/5.4.1/armv6-m/crti.o
                0x00001514                _fini
 .fini          0x00001518        0x8 c:/program files (x86)/cypress/psoc creator/4.2/psoc creator/import/gnu/arm/5.4.1/bin/../lib/gcc/arm-none-eabi/5.4.1/armv6-m/crtn.o
                0x00001520                . = ALIGN (0x4)
                0x00001520                __fini_array_start = .
 *(.fini_array)
 .fini_array    0x00001520        0x4 c:/program files (x86)/cypress/psoc creator/4.2/psoc creator/import/gnu/arm/5.4.1/bin/../lib/gcc/arm-none-eabi/5.4.1/armv6-m/crtbegin.o
 *(SORT(.fini_array.*))
                0x00001524                __fini_array_end = .
                0x00001524                . = ALIGN (0x4)
 *crtbegin.o(.ctors)
 *(EXCLUDE_FILE(*crtend.o) .ctors)
 *(SORT(.ctors.*))
 *crtend.o(.ctors)
                0x00001524                . = ALIGN (0x4)
 *crtbegin.o(.dtors)
 *(EXCLUDE_FILE(*crtend.o) .dtors)
 *(SORT(.dtors.*))
 *crtend.o(.dtors)
                0x00001524                . = ALIGN (0x4)
                0x00001524                __cy_regions = .
                0x00001524        0x4 LONG 0x1538 __cy_region_init_ram
                0x00001528        0x4 LONG 0x200000c0 __cy_region_start_data
                0x0000152c        0x4 LONG 0x88 __cy_region_init_size_ram
                0x00001530        0x4 LONG 0x50 __cy_region_zero_size_ram
                0x00001534                __cy_regions_end = .
                0x00001538                . = ALIGN (0x8)
 *fill*         0x00001534        0x4 
                0x00001538                _etext = .

.cy_checksum_exclude
                0x00001538        0x0
 *(.cy_checksum_exclude)

.ramvectors     0x20000000       0xc0
                0x20000000                __cy_region_start_ram = .
 *(.ramvectors)
 .ramvectors    0x20000000       0xc0 .\CortexM0\ARM_GCC_541\Debug\Cm0Start.o
                0x20000000                CyRamVectors

.noinit
 *(.noinit)

.data           0x200000c0       0x88 load address 0x00001538
                0x200000c0                __cy_region_start_data = .
 *(.jcr)
 .jcr           0x200000c0        0x0 c:/program files (x86)/cypress/psoc creator/4.2/psoc creator/import/gnu/arm/5.4.1/bin/../lib/gcc/arm-none-eabi/5.4.1/armv6-m/crtbegin.o
 .jcr           0x200000c0        0x4 c:/program files (x86)/cypress/psoc creator/4.2/psoc creator/import/gnu/arm/5.4.1/bin/../lib/gcc/arm-none-eabi/5.4.1/armv6-m/crtend.o
 *(.got.plt)
 *(.got)
 *(.shdata)
 *(.data .data.* .gnu.linkonce.d.*)
 .data          0x200000c4        0x4 .\CortexM0\ARM_GCC_541\Debug\Cm0Start.o
 .data          0x200000c8       0x14 .\CortexM0\ARM_GCC_541\Debug\StarBlaster.a(CyLib.o)
                0x200000c8                CySysClkPumpConfig
                0x200000cc                cydelay32kMs
                0x200000d0                cydelayFreqKhz
                0x200000d4                cydelayFreqMhz
                0x200000d8                cydelayFreqHz
 .data          0x200000dc        0x4 .\CortexM0\ARM_GCC_541\Debug\StarBlaster.a(CyLFClk.o)
 .data.impure_data
                0x200000e0       0x60 c:/program files (x86)/cypress/psoc creator/4.2/psoc creator/import/gnu/arm/5.4.1/bin/../lib/gcc/arm-none-eabi/5.4.1/../../../../arm-none-eabi/lib/armv6-m\libg_nano.a(lib_a-impure.o)
 .data._impure_ptr
                0x20000140        0x4 c:/program files (x86)/cypress/psoc creator/4.2/psoc creator/import/gnu/arm/5.4.1/bin/../lib/gcc/arm-none-eabi/5.4.1/../../../../arm-none-eabi/lib/armv6-m\libg_nano.a(lib_a-impure.o)
                0x20000140                _impure_ptr
                0x20000148                . = ALIGN (0x8)
 *fill*         0x20000144        0x4 
 *(.ram)
                0x20000148                _edata = .

.igot.plt       0x20000148        0x0 load address 0x000015c0
 .igot.plt      0x20000148        0x0 c:/program files (x86)/cypress/psoc creator/4.2/psoc creator/import/gnu/arm/5.4.1/bin/../lib/gcc/arm-none-eabi/5.4.1/armv6-m/crtbegin.o

.bss            0x20000148       0x50 load address 0x000015c0
                0x20000148                PROVIDE (__bss_start__, .)
 *(.shbss)
 *(.bss .bss.* .gnu.linkonce.b.*)
 .bss           0x20000148       0x1c c:/program files (x86)/cypress/psoc creator/4.2/psoc creator/import/gnu/arm/5.4.1/bin/../lib/gcc/arm-none-eabi/5.4.1/armv6-m/crtbegin.o
 .bss           0x20000164       0x20 .\CortexM0\ARM_GCC_541\Debug\StarBlaster.a(CyLFClk.o)
 .bss           0x20000184        0x1 .\CortexM0\ARM_GCC_541\Debug\StarBlaster.a(GLCD_SPIM_UDB.o)
                0x20000184                GLCD_SPIM_UDB_initVar
 *fill*         0x20000185        0x3 
 .bss.__malloc_sbrk_start
                0x20000188        0x4 c:/program files (x86)/cypress/psoc creator/4.2/psoc creator/import/gnu/arm/5.4.1/bin/../lib/gcc/arm-none-eabi/5.4.1/../../../../arm-none-eabi/lib/armv6-m\libg_nano.a(lib_a-nano-mallocr.o)
                0x20000188                __malloc_sbrk_start
 .bss.__malloc_free_list
                0x2000018c        0x4 c:/program files (x86)/cypress/psoc creator/4.2/psoc creator/import/gnu/arm/5.4.1/bin/../lib/gcc/arm-none-eabi/5.4.1/../../../../arm-none-eabi/lib/armv6-m\libg_nano.a(lib_a-nano-mallocr.o)
                0x2000018c                __malloc_free_list
 *(COMMON)
 COMMON         0x20000190        0x4 c:/program files (x86)/cypress/psoc creator/4.2/psoc creator/import/gnu/arm/5.4.1/bin/../lib/gcc/arm-none-eabi/5.4.1/../../../../arm-none-eabi/lib/armv6-m\libg_nano.a(lib_a-reent.o)
                0x20000190                errno
                0x20000198                . = ALIGN (0x8)
 *fill*         0x20000194        0x4 
 *(.ram.b)
                0x20000198                _end = .
                0x20000198                __end = .
                0x20000198                PROVIDE (end, .)
                0x20000198                PROVIDE (__bss_end__, .)
                0x00001538                __cy_region_init_ram = LOADADDR (.data)
                0x00000088                __cy_region_init_size_ram = (_edata - ADDR (.data))
                0x00000050                __cy_region_zero_size_ram = (_end - _edata)

.heap           0x20000198       0x80 load address 0x000015c0
                0x20000198                . = _end
                0x20000218                . = (. + 0x80)
 *fill*         0x20000198       0x80 
                0x20000218                __cy_heap_limit = .

.stack          0x20000c00      0x400
                0x20000c00                __cy_stack_limit = .
                0x20001000                . = (. + 0x400)
 *fill*         0x20000c00      0x400 
                0x00000001                ASSERT ((__cy_stack_limit >= __cy_heap_limit), region RAM overflowed with stack)
                0x00000000                cy_checksum_exclude_size = (CY_APPL_LOADABLE == 0x1)?SIZEOF (.cy_checksum_exclude):0x0
                0x00000001                ASSERT ((cy_checksum_exclude_size <= CY_CHECKSUM_EXCLUDE_SIZE), CY_BOOT: Section .cy_checksum_exclude size exceedes specified limit.)
                0x00007fc0                cyloadermeta_start = (cy_project_type_bootloader || cy_project_type_app_for_stack_and_copier)?(LENGTH (rom) - CY_METADATA_SIZE):0xf0000000

.cyloadermeta
 *(.cyloadermeta)
                0x00007fc0                cyloadablemeta_start = cy_project_type_app_for_stack_and_copier?((LENGTH (rom) - CY_FLASH_ROW_SIZE) - CY_METADATA_SIZE):((LENGTH (rom) - (CY_FLASH_ROW_SIZE * (CY_APPL_NUM - 0x1))) - CY_METADATA_SIZE)

.cyloadablemeta
 *(.cyloadablemeta)

.cyflashprotect
                0x90400000       0x20
 *(.cyflashprotect)
 .cyflashprotect
                0x90400000       0x20 .\CortexM0\ARM_GCC_541\Debug\cymetadata.o
                0x90400000                cy_meta_flashprotect

.cymeta         0x90500000        0xc
 *(.cymeta)
 .cymeta        0x90500000        0xc .\CortexM0\ARM_GCC_541\Debug\cymetadata.o
                0x90500000                cy_metadata

.cychipprotect  0x90600000        0x1
 *(.cychipprotect)
 .cychipprotect
                0x90600000        0x1 .\CortexM0\ARM_GCC_541\Debug\cymetadata.o
                0x90600000                cy_meta_chipprotect

.rel.dyn        0x000015c0        0x0 load address 0x90600004
 .rel.iplt      0x000015c0        0x0 c:/program files (x86)/cypress/psoc creator/4.2/psoc creator/import/gnu/arm/5.4.1/bin/../lib/gcc/arm-none-eabi/5.4.1/armv6-m/crtbegin.o

.stab
 *(.stab)

.stabstr
 *(.stabstr)

.debug
 *(.debug)

.line
 *(.line)

.debug_srcinfo
 *(.debug_srcinfo)

.debug_sfnames
 *(.debug_sfnames)

.debug_aranges  0x00000000      0x838
 *(.debug_aranges)
 .debug_aranges
                0x00000000       0x38 .\CortexM0\ARM_GCC_541\Debug\main.o
 .debug_aranges
                0x00000038       0x40 .\CortexM0\ARM_GCC_541\Debug\cyfitter_cfg.o
 .debug_aranges
                0x00000078       0x18 .\CortexM0\ARM_GCC_541\Debug\cymetadata.o
 .debug_aranges
                0x00000090       0x48 .\CortexM0\ARM_GCC_541\Debug\Cm0Start.o
 .debug_aranges
                0x000000d8       0x48 .\CortexM0\ARM_GCC_541\Debug\StarBlaster.a(LED_Red.o)
 .debug_aranges
                0x00000120       0x48 .\CortexM0\ARM_GCC_541\Debug\StarBlaster.a(LED_Blue.o)
 .debug_aranges
                0x00000168       0x48 .\CortexM0\ARM_GCC_541\Debug\StarBlaster.a(LED_Green.o)
 .debug_aranges
                0x000001b0       0x48 .\CortexM0\ARM_GCC_541\Debug\StarBlaster.a(Backlight.o)
 .debug_aranges
                0x000001f8       0x48 .\CortexM0\ARM_GCC_541\Debug\StarBlaster.a(A.o)
 .debug_aranges
                0x00000240       0x48 .\CortexM0\ARM_GCC_541\Debug\StarBlaster.a(B.o)
 .debug_aranges
                0x00000288       0x48 .\CortexM0\ARM_GCC_541\Debug\StarBlaster.a(C.o)
 .debug_aranges
                0x000002d0       0x48 .\CortexM0\ARM_GCC_541\Debug\StarBlaster.a(D.o)
 .debug_aranges
                0x00000318       0x48 .\CortexM0\ARM_GCC_541\Debug\StarBlaster.a(Joy_Center.o)
 .debug_aranges
                0x00000360      0x180 .\CortexM0\ARM_GCC_541\Debug\StarBlaster.a(CyLib.o)
 .debug_aranges
                0x000004e0      0x138 .\CortexM0\ARM_GCC_541\Debug\StarBlaster.a(CyLFClk.o)
 .debug_aranges
                0x00000618       0x90 .\CortexM0\ARM_GCC_541\Debug\StarBlaster.a(GLCD.o)
 .debug_aranges
                0x000006a8       0x18 .\CortexM0\ARM_GCC_541\Debug\StarBlaster.a(GLCD_Font.o)
 .debug_aranges
                0x000006c0       0x40 .\CortexM0\ARM_GCC_541\Debug\StarBlaster.a(GLCD_Reset.o)
 .debug_aranges
                0x00000700       0xd8 .\CortexM0\ARM_GCC_541\Debug\StarBlaster.a(GLCD_SPIM_UDB.o)
 .debug_aranges
                0x000007d8       0x40 .\CortexM0\ARM_GCC_541\Debug\StarBlaster.a(GLCD_SPIM_UDB_IntClock.o)
 .debug_aranges
                0x00000818       0x20 .\CortexM0\ARM_GCC_541\Debug\StarBlaster.a(CyBootAsmGnu.o)

.debug_pubnames
 *(.debug_pubnames)

.debug_info     0x00000000     0x4e82
 *(.debug_info .gnu.linkonce.wi.*)
 .debug_info    0x00000000      0x829 .\CortexM0\ARM_GCC_541\Debug\main.o
 .debug_info    0x00000829      0x508 .\CortexM0\ARM_GCC_541\Debug\cyfitter_cfg.o
 .debug_info    0x00000d31       0xf8 .\CortexM0\ARM_GCC_541\Debug\cymetadata.o
 .debug_info    0x00000e29      0x3a2 .\CortexM0\ARM_GCC_541\Debug\Cm0Start.o
 .debug_info    0x000011cb      0x19d .\CortexM0\ARM_GCC_541\Debug\StarBlaster.a(LED_Red.o)
 .debug_info    0x00001368      0x19d .\CortexM0\ARM_GCC_541\Debug\StarBlaster.a(LED_Blue.o)
 .debug_info    0x00001505      0x19d .\CortexM0\ARM_GCC_541\Debug\StarBlaster.a(LED_Green.o)
 .debug_info    0x000016a2      0x19b .\CortexM0\ARM_GCC_541\Debug\StarBlaster.a(Backlight.o)
 .debug_info    0x0000183d      0x19d .\CortexM0\ARM_GCC_541\Debug\StarBlaster.a(A.o)
 .debug_info    0x000019da      0x19d .\CortexM0\ARM_GCC_541\Debug\StarBlaster.a(B.o)
 .debug_info    0x00001b77      0x19b .\CortexM0\ARM_GCC_541\Debug\StarBlaster.a(C.o)
 .debug_info    0x00001d12      0x19d .\CortexM0\ARM_GCC_541\Debug\StarBlaster.a(D.o)
 .debug_info    0x00001eaf      0x19d .\CortexM0\ARM_GCC_541\Debug\StarBlaster.a(Joy_Center.o)
 .debug_info    0x0000204c      0xaec .\CortexM0\ARM_GCC_541\Debug\StarBlaster.a(CyLib.o)
 .debug_info    0x00002b38      0xcfe .\CortexM0\ARM_GCC_541\Debug\StarBlaster.a(CyLFClk.o)
 .debug_info    0x00003836      0xd87 .\CortexM0\ARM_GCC_541\Debug\StarBlaster.a(GLCD.o)
 .debug_info    0x000045bd       0xbd .\CortexM0\ARM_GCC_541\Debug\StarBlaster.a(GLCD_Font.o)
 .debug_info    0x0000467a      0x152 .\CortexM0\ARM_GCC_541\Debug\StarBlaster.a(GLCD_Reset.o)
 .debug_info    0x000047cc      0x4d8 .\CortexM0\ARM_GCC_541\Debug\StarBlaster.a(GLCD_SPIM_UDB.o)
 .debug_info    0x00004ca4      0x14e .\CortexM0\ARM_GCC_541\Debug\StarBlaster.a(GLCD_SPIM_UDB_IntClock.o)
 .debug_info    0x00004df2       0x90 .\CortexM0\ARM_GCC_541\Debug\StarBlaster.a(CyBootAsmGnu.o)

.debug_abbrev   0x00000000     0x150e
 *(.debug_abbrev)
 .debug_abbrev  0x00000000      0x166 .\CortexM0\ARM_GCC_541\Debug\main.o
 .debug_abbrev  0x00000166      0x1cb .\CortexM0\ARM_GCC_541\Debug\cyfitter_cfg.o
 .debug_abbrev  0x00000331       0x5d .\CortexM0\ARM_GCC_541\Debug\cymetadata.o
 .debug_abbrev  0x0000038e      0x1d7 .\CortexM0\ARM_GCC_541\Debug\Cm0Start.o
 .debug_abbrev  0x00000565       0xc8 .\CortexM0\ARM_GCC_541\Debug\StarBlaster.a(LED_Red.o)
 .debug_abbrev  0x0000062d       0xc8 .\CortexM0\ARM_GCC_541\Debug\StarBlaster.a(LED_Blue.o)
 .debug_abbrev  0x000006f5       0xc8 .\CortexM0\ARM_GCC_541\Debug\StarBlaster.a(LED_Green.o)
 .debug_abbrev  0x000007bd       0xc8 .\CortexM0\ARM_GCC_541\Debug\StarBlaster.a(Backlight.o)
 .debug_abbrev  0x00000885       0xc8 .\CortexM0\ARM_GCC_541\Debug\StarBlaster.a(A.o)
 .debug_abbrev  0x0000094d       0xc8 .\CortexM0\ARM_GCC_541\Debug\StarBlaster.a(B.o)
 .debug_abbrev  0x00000a15       0xc8 .\CortexM0\ARM_GCC_541\Debug\StarBlaster.a(C.o)
 .debug_abbrev  0x00000add       0xc8 .\CortexM0\ARM_GCC_541\Debug\StarBlaster.a(D.o)
 .debug_abbrev  0x00000ba5       0xc8 .\CortexM0\ARM_GCC_541\Debug\StarBlaster.a(Joy_Center.o)
 .debug_abbrev  0x00000c6d      0x1e0 .\CortexM0\ARM_GCC_541\Debug\StarBlaster.a(CyLib.o)
 .debug_abbrev  0x00000e4d      0x210 .\CortexM0\ARM_GCC_541\Debug\StarBlaster.a(CyLFClk.o)
 .debug_abbrev  0x0000105d      0x199 .\CortexM0\ARM_GCC_541\Debug\StarBlaster.a(GLCD.o)
 .debug_abbrev  0x000011f6       0x5d .\CortexM0\ARM_GCC_541\Debug\StarBlaster.a(GLCD_Font.o)
 .debug_abbrev  0x00001253       0xaa .\CortexM0\ARM_GCC_541\Debug\StarBlaster.a(GLCD_Reset.o)
 .debug_abbrev  0x000012fd      0x146 .\CortexM0\ARM_GCC_541\Debug\StarBlaster.a(GLCD_SPIM_UDB.o)
 .debug_abbrev  0x00001443       0xb7 .\CortexM0\ARM_GCC_541\Debug\StarBlaster.a(GLCD_SPIM_UDB_IntClock.o)
 .debug_abbrev  0x000014fa       0x14 .\CortexM0\ARM_GCC_541\Debug\StarBlaster.a(CyBootAsmGnu.o)

.debug_line     0x00000000     0x1dfc
 *(.debug_line)
 .debug_line    0x00000000      0x256 .\CortexM0\ARM_GCC_541\Debug\main.o
 .debug_line    0x00000256      0x197 .\CortexM0\ARM_GCC_541\Debug\cyfitter_cfg.o
 .debug_line    0x000003ed      0x141 .\CortexM0\ARM_GCC_541\Debug\cymetadata.o
 .debug_line    0x0000052e      0x235 .\CortexM0\ARM_GCC_541\Debug\Cm0Start.o
 .debug_line    0x00000763       0xbf .\CortexM0\ARM_GCC_541\Debug\StarBlaster.a(LED_Red.o)
 .debug_line    0x00000822       0xc0 .\CortexM0\ARM_GCC_541\Debug\StarBlaster.a(LED_Blue.o)
 .debug_line    0x000008e2       0xc1 .\CortexM0\ARM_GCC_541\Debug\StarBlaster.a(LED_Green.o)
 .debug_line    0x000009a3       0xc0 .\CortexM0\ARM_GCC_541\Debug\StarBlaster.a(Backlight.o)
 .debug_line    0x00000a63       0xb9 .\CortexM0\ARM_GCC_541\Debug\StarBlaster.a(A.o)
 .debug_line    0x00000b1c       0xb9 .\CortexM0\ARM_GCC_541\Debug\StarBlaster.a(B.o)
 .debug_line    0x00000bd5       0xb8 .\CortexM0\ARM_GCC_541\Debug\StarBlaster.a(C.o)
 .debug_line    0x00000c8d       0xb9 .\CortexM0\ARM_GCC_541\Debug\StarBlaster.a(D.o)
 .debug_line    0x00000d46       0xc2 .\CortexM0\ARM_GCC_541\Debug\StarBlaster.a(Joy_Center.o)
 .debug_line    0x00000e08      0x460 .\CortexM0\ARM_GCC_541\Debug\StarBlaster.a(CyLib.o)
 .debug_line    0x00001268      0x466 .\CortexM0\ARM_GCC_541\Debug\StarBlaster.a(CyLFClk.o)
 .debug_line    0x000016ce      0x29b .\CortexM0\ARM_GCC_541\Debug\StarBlaster.a(GLCD.o)
 .debug_line    0x00001969       0x50 .\CortexM0\ARM_GCC_541\Debug\StarBlaster.a(GLCD_Font.o)
 .debug_line    0x000019b9       0xae .\CortexM0\ARM_GCC_541\Debug\StarBlaster.a(GLCD_Reset.o)
 .debug_line    0x00001a67      0x270 .\CortexM0\ARM_GCC_541\Debug\StarBlaster.a(GLCD_SPIM_UDB.o)
 .debug_line    0x00001cd7       0xbc .\CortexM0\ARM_GCC_541\Debug\StarBlaster.a(GLCD_SPIM_UDB_IntClock.o)
 .debug_line    0x00001d93       0x69 .\CortexM0\ARM_GCC_541\Debug\StarBlaster.a(CyBootAsmGnu.o)

.debug_frame    0x00000000     0x14ec
 *(.debug_frame)
 .debug_frame   0x00000000       0x9c .\CortexM0\ARM_GCC_541\Debug\main.o
 .debug_frame   0x0000009c       0xac .\CortexM0\ARM_GCC_541\Debug\cyfitter_cfg.o
 .debug_frame   0x00000148       0xbc .\CortexM0\ARM_GCC_541\Debug\Cm0Start.o
 .debug_frame   0x00000204       0x70 .\CortexM0\ARM_GCC_541\Debug\StarBlaster.a(LED_Red.o)
 .debug_frame   0x00000274       0x70 .\CortexM0\ARM_GCC_541\Debug\StarBlaster.a(LED_Blue.o)
 .debug_frame   0x000002e4       0x70 .\CortexM0\ARM_GCC_541\Debug\StarBlaster.a(LED_Green.o)
 .debug_frame   0x00000354       0x70 .\CortexM0\ARM_GCC_541\Debug\StarBlaster.a(Backlight.o)
 .debug_frame   0x000003c4       0x70 .\CortexM0\ARM_GCC_541\Debug\StarBlaster.a(A.o)
 .debug_frame   0x00000434       0x70 .\CortexM0\ARM_GCC_541\Debug\StarBlaster.a(B.o)
 .debug_frame   0x000004a4       0x70 .\CortexM0\ARM_GCC_541\Debug\StarBlaster.a(C.o)
 .debug_frame   0x00000514       0x70 .\CortexM0\ARM_GCC_541\Debug\StarBlaster.a(D.o)
 .debug_frame   0x00000584       0x70 .\CortexM0\ARM_GCC_541\Debug\StarBlaster.a(Joy_Center.o)
 .debug_frame   0x000005f4      0x3e0 .\CortexM0\ARM_GCC_541\Debug\StarBlaster.a(CyLib.o)
 .debug_frame   0x000009d4      0x3a8 .\CortexM0\ARM_GCC_541\Debug\StarBlaster.a(CyLFClk.o)
 .debug_frame   0x00000d7c      0x218 .\CortexM0\ARM_GCC_541\Debug\StarBlaster.a(GLCD.o)
 .debug_frame   0x00000f94       0x60 .\CortexM0\ARM_GCC_541\Debug\StarBlaster.a(GLCD_Reset.o)
 .debug_frame   0x00000ff4      0x1e8 .\CortexM0\ARM_GCC_541\Debug\StarBlaster.a(GLCD_SPIM_UDB.o)
 .debug_frame   0x000011dc       0x60 .\CortexM0\ARM_GCC_541\Debug\StarBlaster.a(GLCD_SPIM_UDB_IntClock.o)
 .debug_frame   0x0000123c       0x20 c:/program files (x86)/cypress/psoc creator/4.2/psoc creator/import/gnu/arm/5.4.1/bin/../lib/gcc/arm-none-eabi/5.4.1/armv6-m\libgcc.a(_udivsi3.o)
 .debug_frame   0x0000125c       0x20 c:/program files (x86)/cypress/psoc creator/4.2/psoc creator/import/gnu/arm/5.4.1/bin/../lib/gcc/arm-none-eabi/5.4.1/armv6-m\libgcc.a(_divsi3.o)
 .debug_frame   0x0000127c       0x20 c:/program files (x86)/cypress/psoc creator/4.2/psoc creator/import/gnu/arm/5.4.1/bin/../lib/gcc/arm-none-eabi/5.4.1/../../../../arm-none-eabi/lib/armv6-m\libg_nano.a(lib_a-errno.o)
 .debug_frame   0x0000129c       0x28 c:/program files (x86)/cypress/psoc creator/4.2/psoc creator/import/gnu/arm/5.4.1/bin/../lib/gcc/arm-none-eabi/5.4.1/../../../../arm-none-eabi/lib/armv6-m\libg_nano.a(lib_a-exit.o)
 .debug_frame   0x000012c4       0x2c c:/program files (x86)/cypress/psoc creator/4.2/psoc creator/import/gnu/arm/5.4.1/bin/../lib/gcc/arm-none-eabi/5.4.1/../../../../arm-none-eabi/lib/armv6-m\libg_nano.a(lib_a-init.o)
 .debug_frame   0x000012f0       0x28 c:/program files (x86)/cypress/psoc creator/4.2/psoc creator/import/gnu/arm/5.4.1/bin/../lib/gcc/arm-none-eabi/5.4.1/../../../../arm-none-eabi/lib/armv6-m\libg_nano.a(lib_a-memcpy-stub.o)
 .debug_frame   0x00001318       0x20 c:/program files (x86)/cypress/psoc creator/4.2/psoc creator/import/gnu/arm/5.4.1/bin/../lib/gcc/arm-none-eabi/5.4.1/../../../../arm-none-eabi/lib/armv6-m\libg_nano.a(lib_a-memset.o)
 .debug_frame   0x00001338       0x44 c:/program files (x86)/cypress/psoc creator/4.2/psoc creator/import/gnu/arm/5.4.1/bin/../lib/gcc/arm-none-eabi/5.4.1/../../../../arm-none-eabi/lib/armv6-m\libg_nano.a(lib_a-rand.o)
 .debug_frame   0x0000137c       0x40 c:/program files (x86)/cypress/psoc creator/4.2/psoc creator/import/gnu/arm/5.4.1/bin/../lib/gcc/arm-none-eabi/5.4.1/../../../../arm-none-eabi/lib/armv6-m\libg_nano.a(lib_a-malloc.o)
 .debug_frame   0x000013bc       0x2c c:/program files (x86)/cypress/psoc creator/4.2/psoc creator/import/gnu/arm/5.4.1/bin/../lib/gcc/arm-none-eabi/5.4.1/../../../../arm-none-eabi/lib/armv6-m\libg_nano.a(lib_a-nano-freer.o)
 .debug_frame   0x000013e8       0x2c c:/program files (x86)/cypress/psoc creator/4.2/psoc creator/import/gnu/arm/5.4.1/bin/../lib/gcc/arm-none-eabi/5.4.1/../../../../arm-none-eabi/lib/armv6-m\libg_nano.a(lib_a-nano-mallocr.o)
 .debug_frame   0x00001414       0x2c c:/program files (x86)/cypress/psoc creator/4.2/psoc creator/import/gnu/arm/5.4.1/bin/../lib/gcc/arm-none-eabi/5.4.1/../../../../arm-none-eabi/lib/armv6-m\libg_nano.a(lib_a-sbrkr.o)
 .debug_frame   0x00001440       0x30 c:/program files (x86)/cypress/psoc creator/4.2/psoc creator/import/gnu/arm/5.4.1/bin/../lib/gcc/arm-none-eabi/5.4.1/../../../../arm-none-eabi/lib/armv6-m\libg_nano.a(lib_a-mlock.o)
 .debug_frame   0x00001470       0x48 c:/program files (x86)/cypress/psoc creator/4.2/psoc creator/import/gnu/arm/5.4.1/bin/../lib/gcc/arm-none-eabi/5.4.1/../../../../arm-none-eabi/lib/armv6-m\libg_nano.a(lib_a-reent.o)
 .debug_frame   0x000014b8       0x34 c:/program files (x86)/cypress/psoc creator/4.2/psoc creator/import/gnu/arm/5.4.1/bin/../lib/gcc/arm-none-eabi/5.4.1/armv6-m\libgcc.a(_muldi3.o)

.debug_str      0x00000000     0x1a5d
 *(.debug_str)
 .debug_str     0x00000000      0x283 .\CortexM0\ARM_GCC_541\Debug\main.o
                                0x2c9 (size before relaxing)
 .debug_str     0x00000283      0x17d .\CortexM0\ARM_GCC_541\Debug\cyfitter_cfg.o
                                0x32e (size before relaxing)
 .debug_str     0x00000400       0x63 .\CortexM0\ARM_GCC_541\Debug\cymetadata.o
                                0x1c8 (size before relaxing)
 .debug_str     0x00000463      0x13a .\CortexM0\ARM_GCC_541\Debug\Cm0Start.o
                                0x301 (size before relaxing)
 .debug_str     0x0000059d       0xa3 .\CortexM0\ARM_GCC_541\Debug\StarBlaster.a(LED_Red.o)
                                0x244 (size before relaxing)
 .debug_str     0x00000640       0x8d .\CortexM0\ARM_GCC_541\Debug\StarBlaster.a(LED_Blue.o)
                                0x24b (size before relaxing)
 .debug_str     0x000006cd       0x93 .\CortexM0\ARM_GCC_541\Debug\StarBlaster.a(LED_Green.o)
                                0x252 (size before relaxing)
 .debug_str     0x00000760       0x93 .\CortexM0\ARM_GCC_541\Debug\StarBlaster.a(Backlight.o)
                                0x252 (size before relaxing)
 .debug_str     0x000007f3       0x64 .\CortexM0\ARM_GCC_541\Debug\StarBlaster.a(A.o)
                                0x21a (size before relaxing)
 .debug_str     0x00000857       0x51 .\CortexM0\ARM_GCC_541\Debug\StarBlaster.a(B.o)
                                0x21a (size before relaxing)
 .debug_str     0x000008a8       0x64 .\CortexM0\ARM_GCC_541\Debug\StarBlaster.a(C.o)
                                0x21a (size before relaxing)
 .debug_str     0x0000090c       0x64 .\CortexM0\ARM_GCC_541\Debug\StarBlaster.a(D.o)
                                0x21a (size before relaxing)
 .debug_str     0x00000970       0x9a .\CortexM0\ARM_GCC_541\Debug\StarBlaster.a(Joy_Center.o)
                                0x259 (size before relaxing)
 .debug_str     0x00000a0a      0x4c2 .\CortexM0\ARM_GCC_541\Debug\StarBlaster.a(CyLib.o)
                                0x6b6 (size before relaxing)
 .debug_str     0x00000ecc      0x52b .\CortexM0\ARM_GCC_541\Debug\StarBlaster.a(CyLFClk.o)
                                0x73d (size before relaxing)
 .debug_str     0x000013f7      0x1bd .\CortexM0\ARM_GCC_541\Debug\StarBlaster.a(GLCD.o)
                                0x3c3 (size before relaxing)
 .debug_str     0x000015b4       0x23 .\CortexM0\ARM_GCC_541\Debug\StarBlaster.a(GLCD_Font.o)
                                0x1a6 (size before relaxing)
 .debug_str     0x000015d7       0x7d .\CortexM0\ARM_GCC_541\Debug\StarBlaster.a(GLCD_Reset.o)
                                0x225 (size before relaxing)
 .debug_str     0x00001654      0x31f .\CortexM0\ARM_GCC_541\Debug\StarBlaster.a(GLCD_SPIM_UDB.o)
                                0x527 (size before relaxing)
 .debug_str     0x00001973       0xea .\CortexM0\ARM_GCC_541\Debug\StarBlaster.a(GLCD_SPIM_UDB_IntClock.o)
                                0x2a3 (size before relaxing)

.debug_loc      0x00000000     0x2515
 *(.debug_loc)
 .debug_loc     0x00000000      0x2d2 .\CortexM0\ARM_GCC_541\Debug\main.o
 .debug_loc     0x000002d2      0x1fe .\CortexM0\ARM_GCC_541\Debug\cyfitter_cfg.o
 .debug_loc     0x000004d0      0x14f .\CortexM0\ARM_GCC_541\Debug\Cm0Start.o
 .debug_loc     0x0000061f       0xa2 .\CortexM0\ARM_GCC_541\Debug\StarBlaster.a(LED_Red.o)
 .debug_loc     0x000006c1       0xa2 .\CortexM0\ARM_GCC_541\Debug\StarBlaster.a(LED_Blue.o)
 .debug_loc     0x00000763       0xa2 .\CortexM0\ARM_GCC_541\Debug\StarBlaster.a(LED_Green.o)
 .debug_loc     0x00000805       0x81 .\CortexM0\ARM_GCC_541\Debug\StarBlaster.a(Backlight.o)
 .debug_loc     0x00000886       0xa2 .\CortexM0\ARM_GCC_541\Debug\StarBlaster.a(A.o)
 .debug_loc     0x00000928       0xa2 .\CortexM0\ARM_GCC_541\Debug\StarBlaster.a(B.o)
 .debug_loc     0x000009ca       0x81 .\CortexM0\ARM_GCC_541\Debug\StarBlaster.a(C.o)
 .debug_loc     0x00000a4b       0xa2 .\CortexM0\ARM_GCC_541\Debug\StarBlaster.a(D.o)
 .debug_loc     0x00000aed       0xa2 .\CortexM0\ARM_GCC_541\Debug\StarBlaster.a(Joy_Center.o)
 .debug_loc     0x00000b8f      0x599 .\CortexM0\ARM_GCC_541\Debug\StarBlaster.a(CyLib.o)
 .debug_loc     0x00001128      0x9b5 .\CortexM0\ARM_GCC_541\Debug\StarBlaster.a(CyLFClk.o)
 .debug_loc     0x00001add      0x892 .\CortexM0\ARM_GCC_541\Debug\StarBlaster.a(GLCD.o)
 .debug_loc     0x0000236f       0x81 .\CortexM0\ARM_GCC_541\Debug\StarBlaster.a(GLCD_Reset.o)
 .debug_loc     0x000023f0      0x112 .\CortexM0\ARM_GCC_541\Debug\StarBlaster.a(GLCD_SPIM_UDB.o)
 .debug_loc     0x00002502       0x13 .\CortexM0\ARM_GCC_541\Debug\StarBlaster.a(GLCD_SPIM_UDB_IntClock.o)

.debug_macinfo
 *(.debug_macinfo)

.debug_ranges   0x00000000      0x6c8
 *(.debug_ranges)
 .debug_ranges  0x00000000       0x28 .\CortexM0\ARM_GCC_541\Debug\main.o
 .debug_ranges  0x00000028       0x30 .\CortexM0\ARM_GCC_541\Debug\cyfitter_cfg.o
 .debug_ranges  0x00000058       0x38 .\CortexM0\ARM_GCC_541\Debug\Cm0Start.o
 .debug_ranges  0x00000090       0x38 .\CortexM0\ARM_GCC_541\Debug\StarBlaster.a(LED_Red.o)
 .debug_ranges  0x000000c8       0x38 .\CortexM0\ARM_GCC_541\Debug\StarBlaster.a(LED_Blue.o)
 .debug_ranges  0x00000100       0x38 .\CortexM0\ARM_GCC_541\Debug\StarBlaster.a(LED_Green.o)
 .debug_ranges  0x00000138       0x38 .\CortexM0\ARM_GCC_541\Debug\StarBlaster.a(Backlight.o)
 .debug_ranges  0x00000170       0x38 .\CortexM0\ARM_GCC_541\Debug\StarBlaster.a(A.o)
 .debug_ranges  0x000001a8       0x38 .\CortexM0\ARM_GCC_541\Debug\StarBlaster.a(B.o)
 .debug_ranges  0x000001e0       0x38 .\CortexM0\ARM_GCC_541\Debug\StarBlaster.a(C.o)
 .debug_ranges  0x00000218       0x38 .\CortexM0\ARM_GCC_541\Debug\StarBlaster.a(D.o)
 .debug_ranges  0x00000250       0x38 .\CortexM0\ARM_GCC_541\Debug\StarBlaster.a(Joy_Center.o)
 .debug_ranges  0x00000288      0x170 .\CortexM0\ARM_GCC_541\Debug\StarBlaster.a(CyLib.o)
 .debug_ranges  0x000003f8      0x128 .\CortexM0\ARM_GCC_541\Debug\StarBlaster.a(CyLFClk.o)
 .debug_ranges  0x00000520       0x80 .\CortexM0\ARM_GCC_541\Debug\StarBlaster.a(GLCD.o)
 .debug_ranges  0x000005a0       0x30 .\CortexM0\ARM_GCC_541\Debug\StarBlaster.a(GLCD_Reset.o)
 .debug_ranges  0x000005d0       0xc8 .\CortexM0\ARM_GCC_541\Debug\StarBlaster.a(GLCD_SPIM_UDB.o)
 .debug_ranges  0x00000698       0x30 .\CortexM0\ARM_GCC_541\Debug\StarBlaster.a(GLCD_SPIM_UDB_IntClock.o)

.comment        0x00000000       0x6e
 .comment       0x00000000       0x6e .\CortexM0\ARM_GCC_541\Debug\main.o
                                 0x6f (size before relaxing)
 .comment       0x0000006e       0x6f .\CortexM0\ARM_GCC_541\Debug\cyfitter_cfg.o
 .comment       0x0000006e       0x6f .\CortexM0\ARM_GCC_541\Debug\cymetadata.o
 .comment       0x0000006e       0x6f .\CortexM0\ARM_GCC_541\Debug\Cm0Start.o
 .comment       0x0000006e       0x6f .\CortexM0\ARM_GCC_541\Debug\StarBlaster.a(LED_Red.o)
 .comment       0x0000006e       0x6f .\CortexM0\ARM_GCC_541\Debug\StarBlaster.a(LED_Blue.o)
 .comment       0x0000006e       0x6f .\CortexM0\ARM_GCC_541\Debug\StarBlaster.a(LED_Green.o)
 .comment       0x0000006e       0x6f .\CortexM0\ARM_GCC_541\Debug\StarBlaster.a(Backlight.o)
 .comment       0x0000006e       0x6f .\CortexM0\ARM_GCC_541\Debug\StarBlaster.a(A.o)
 .comment       0x0000006e       0x6f .\CortexM0\ARM_GCC_541\Debug\StarBlaster.a(B.o)
 .comment       0x0000006e       0x6f .\CortexM0\ARM_GCC_541\Debug\StarBlaster.a(C.o)
 .comment       0x0000006e       0x6f .\CortexM0\ARM_GCC_541\Debug\StarBlaster.a(D.o)
 .comment       0x0000006e       0x6f .\CortexM0\ARM_GCC_541\Debug\StarBlaster.a(Joy_Center.o)
 .comment       0x0000006e       0x6f .\CortexM0\ARM_GCC_541\Debug\StarBlaster.a(CyLib.o)
 .comment       0x0000006e       0x6f .\CortexM0\ARM_GCC_541\Debug\StarBlaster.a(CyLFClk.o)
 .comment       0x0000006e       0x6f .\CortexM0\ARM_GCC_541\Debug\StarBlaster.a(GLCD.o)
 .comment       0x0000006e       0x6f .\CortexM0\ARM_GCC_541\Debug\StarBlaster.a(GLCD_Font.o)
 .comment       0x0000006e       0x6f .\CortexM0\ARM_GCC_541\Debug\StarBlaster.a(GLCD_Reset.o)
 .comment       0x0000006e       0x6f .\CortexM0\ARM_GCC_541\Debug\StarBlaster.a(GLCD_SPIM_UDB.o)
 .comment       0x0000006e       0x6f .\CortexM0\ARM_GCC_541\Debug\StarBlaster.a(GLCD_SPIM_UDB_IntClock.o)

.debug_weaknames
 *(.debug_weaknames)

.debug_funcnames
 *(.debug_funcnames)

.debug_typenames
 *(.debug_typenames)

.debug_varnames
 *(.debug_varnames)

.note.gnu.arm.ident
 *(.note.gnu.arm.ident)

.ARM.attributes
                0x00000000       0x28
 *(.ARM.attributes)
 .ARM.attributes
                0x00000000       0x1e c:/program files (x86)/cypress/psoc creator/4.2/psoc creator/import/gnu/arm/5.4.1/bin/../lib/gcc/arm-none-eabi/5.4.1/armv6-m/crti.o
 .ARM.attributes
                0x0000001e       0x2c c:/program files (x86)/cypress/psoc creator/4.2/psoc creator/import/gnu/arm/5.4.1/bin/../lib/gcc/arm-none-eabi/5.4.1/armv6-m/crtbegin.o
 .ARM.attributes
                0x0000004a       0x1b c:/program files (x86)/cypress/psoc creator/4.2/psoc creator/import/gnu/arm/5.4.1/bin/../lib/gcc/arm-none-eabi/5.4.1/../../../../arm-none-eabi/lib/armv6-m/crt0.o
 .ARM.attributes
                0x00000065       0x31 .\CortexM0\ARM_GCC_541\Debug\main.o
 .ARM.attributes
                0x00000096       0x31 .\CortexM0\ARM_GCC_541\Debug\cyfitter_cfg.o
 .ARM.attributes
                0x000000c7       0x31 .\CortexM0\ARM_GCC_541\Debug\cymetadata.o
 .ARM.attributes
                0x000000f8       0x31 .\CortexM0\ARM_GCC_541\Debug\Cm0Start.o
 .ARM.attributes
                0x00000129       0x31 .\CortexM0\ARM_GCC_541\Debug\StarBlaster.a(LED_Red.o)
 .ARM.attributes
                0x0000015a       0x31 .\CortexM0\ARM_GCC_541\Debug\StarBlaster.a(LED_Blue.o)
 .ARM.attributes
                0x0000018b       0x31 .\CortexM0\ARM_GCC_541\Debug\StarBlaster.a(LED_Green.o)
 .ARM.attributes
                0x000001bc       0x31 .\CortexM0\ARM_GCC_541\Debug\StarBlaster.a(Backlight.o)
 .ARM.attributes
                0x000001ed       0x31 .\CortexM0\ARM_GCC_541\Debug\StarBlaster.a(A.o)
 .ARM.attributes
                0x0000021e       0x31 .\CortexM0\ARM_GCC_541\Debug\StarBlaster.a(B.o)
 .ARM.attributes
                0x0000024f       0x31 .\CortexM0\ARM_GCC_541\Debug\StarBlaster.a(C.o)
 .ARM.attributes
                0x00000280       0x31 .\CortexM0\ARM_GCC_541\Debug\StarBlaster.a(D.o)
 .ARM.attributes
                0x000002b1       0x31 .\CortexM0\ARM_GCC_541\Debug\StarBlaster.a(Joy_Center.o)
 .ARM.attributes
                0x000002e2       0x31 .\CortexM0\ARM_GCC_541\Debug\StarBlaster.a(CyLib.o)
 .ARM.attributes
                0x00000313       0x31 .\CortexM0\ARM_GCC_541\Debug\StarBlaster.a(CyLFClk.o)
 .ARM.attributes
                0x00000344       0x31 .\CortexM0\ARM_GCC_541\Debug\StarBlaster.a(GLCD.o)
 .ARM.attributes
                0x00000375       0x31 .\CortexM0\ARM_GCC_541\Debug\StarBlaster.a(GLCD_Font.o)
 .ARM.attributes
                0x000003a6       0x31 .\CortexM0\ARM_GCC_541\Debug\StarBlaster.a(GLCD_Reset.o)
 .ARM.attributes
                0x000003d7       0x31 .\CortexM0\ARM_GCC_541\Debug\StarBlaster.a(GLCD_SPIM_UDB.o)
 .ARM.attributes
                0x00000408       0x31 .\CortexM0\ARM_GCC_541\Debug\StarBlaster.a(GLCD_SPIM_UDB_IntClock.o)
 .ARM.attributes
                0x00000439       0x21 .\CortexM0\ARM_GCC_541\Debug\StarBlaster.a(CyBootAsmGnu.o)
 .ARM.attributes
                0x0000045a       0x1e c:/program files (x86)/cypress/psoc creator/4.2/psoc creator/import/gnu/arm/5.4.1/bin/../lib/gcc/arm-none-eabi/5.4.1/armv6-m\libgcc.a(_udivsi3.o)
 .ARM.attributes
                0x00000478       0x1e c:/program files (x86)/cypress/psoc creator/4.2/psoc creator/import/gnu/arm/5.4.1/bin/../lib/gcc/arm-none-eabi/5.4.1/armv6-m\libgcc.a(_divsi3.o)
 .ARM.attributes
                0x00000496       0x1e c:/program files (x86)/cypress/psoc creator/4.2/psoc creator/import/gnu/arm/5.4.1/bin/../lib/gcc/arm-none-eabi/5.4.1/armv6-m\libgcc.a(_dvmd_tls.o)
 .ARM.attributes
                0x000004b4       0x2c c:/program files (x86)/cypress/psoc creator/4.2/psoc creator/import/gnu/arm/5.4.1/bin/../lib/gcc/arm-none-eabi/5.4.1/../../../../arm-none-eabi/lib/armv6-m\libg_nano.a(lib_a-errno.o)
 .ARM.attributes
                0x000004e0       0x2c c:/program files (x86)/cypress/psoc creator/4.2/psoc creator/import/gnu/arm/5.4.1/bin/../lib/gcc/arm-none-eabi/5.4.1/../../../../arm-none-eabi/lib/armv6-m\libg_nano.a(lib_a-exit.o)
 .ARM.attributes
                0x0000050c       0x2c c:/program files (x86)/cypress/psoc creator/4.2/psoc creator/import/gnu/arm/5.4.1/bin/../lib/gcc/arm-none-eabi/5.4.1/../../../../arm-none-eabi/lib/armv6-m\libg_nano.a(lib_a-impure.o)
 .ARM.attributes
                0x00000538       0x2c c:/program files (x86)/cypress/psoc creator/4.2/psoc creator/import/gnu/arm/5.4.1/bin/../lib/gcc/arm-none-eabi/5.4.1/../../../../arm-none-eabi/lib/armv6-m\libg_nano.a(lib_a-init.o)
 .ARM.attributes
                0x00000564       0x2c c:/program files (x86)/cypress/psoc creator/4.2/psoc creator/import/gnu/arm/5.4.1/bin/../lib/gcc/arm-none-eabi/5.4.1/../../../../arm-none-eabi/lib/armv6-m\libg_nano.a(lib_a-memcpy-stub.o)
 .ARM.attributes
                0x00000590       0x2c c:/program files (x86)/cypress/psoc creator/4.2/psoc creator/import/gnu/arm/5.4.1/bin/../lib/gcc/arm-none-eabi/5.4.1/../../../../arm-none-eabi/lib/armv6-m\libg_nano.a(lib_a-memset.o)
 .ARM.attributes
                0x000005bc       0x2c c:/program files (x86)/cypress/psoc creator/4.2/psoc creator/import/gnu/arm/5.4.1/bin/../lib/gcc/arm-none-eabi/5.4.1/../../../../arm-none-eabi/lib/armv6-m\libg_nano.a(lib_a-rand.o)
 .ARM.attributes
                0x000005e8       0x2c c:/program files (x86)/cypress/psoc creator/4.2/psoc creator/import/gnu/arm/5.4.1/bin/../lib/gcc/arm-none-eabi/5.4.1/../../../../arm-none-eabi/lib/armv6-m\libg_nano.a(lib_a-malloc.o)
 .ARM.attributes
                0x00000614       0x2c c:/program files (x86)/cypress/psoc creator/4.2/psoc creator/import/gnu/arm/5.4.1/bin/../lib/gcc/arm-none-eabi/5.4.1/../../../../arm-none-eabi/lib/armv6-m\libg_nano.a(lib_a-nano-freer.o)
 .ARM.attributes
                0x00000640       0x2c c:/program files (x86)/cypress/psoc creator/4.2/psoc creator/import/gnu/arm/5.4.1/bin/../lib/gcc/arm-none-eabi/5.4.1/../../../../arm-none-eabi/lib/armv6-m\libg_nano.a(lib_a-nano-mallocr.o)
 .ARM.attributes
                0x0000066c       0x2c c:/program files (x86)/cypress/psoc creator/4.2/psoc creator/import/gnu/arm/5.4.1/bin/../lib/gcc/arm-none-eabi/5.4.1/../../../../arm-none-eabi/lib/armv6-m\libg_nano.a(lib_a-sbrkr.o)
 .ARM.attributes
                0x00000698       0x2c c:/program files (x86)/cypress/psoc creator/4.2/psoc creator/import/gnu/arm/5.4.1/bin/../lib/gcc/arm-none-eabi/5.4.1/../../../../arm-none-eabi/lib/armv6-m\libg_nano.a(lib_a-mlock.o)
 .ARM.attributes
                0x000006c4       0x2c c:/program files (x86)/cypress/psoc creator/4.2/psoc creator/import/gnu/arm/5.4.1/bin/../lib/gcc/arm-none-eabi/5.4.1/../../../../arm-none-eabi/lib/armv6-m\libg_nano.a(lib_a-reent.o)
 .ARM.attributes
                0x000006f0       0x2c c:/program files (x86)/cypress/psoc creator/4.2/psoc creator/import/gnu/arm/5.4.1/bin/../lib/gcc/arm-none-eabi/5.4.1/armv6-m\libgcc.a(_muldi3.o)
 .ARM.attributes
                0x0000071c       0x2c c:/program files (x86)/cypress/psoc creator/4.2/psoc creator/import/gnu/arm/5.4.1/bin/../lib/gcc/arm-none-eabi/5.4.1/armv6-m/crtend.o
 .ARM.attributes
                0x00000748       0x1e c:/program files (x86)/cypress/psoc creator/4.2/psoc creator/import/gnu/arm/5.4.1/bin/../lib/gcc/arm-none-eabi/5.4.1/armv6-m/crtn.o

/DISCARD/
 *(.note.GNU-stack)
OUTPUT(C:\Users\sur\Documents\PSoC Creator\StarBlaster\StarBlaster.cydsn\CortexM0\ARM_GCC_541\Debug\StarBlaster.elf elf32-littlearm)
